../Core/Src/stm32f1xx_it.c:37:6:NMI_Handler	4	static
../Core/Src/stm32f1xx_it.c:52:6:HardFault_Handler	4	static
../Core/Src/stm32f1xx_it.c:67:6:MemManage_Handler	4	static
../Core/Src/stm32f1xx_it.c:82:6:BusFault_Handler	4	static
../Core/Src/stm32f1xx_it.c:97:6:UsageFault_Handler	4	static
../Core/Src/stm32f1xx_it.c:112:6:SVC_Handler	4	static
../Core/Src/stm32f1xx_it.c:125:6:DebugMon_Handler	4	static
../Core/Src/stm32f1xx_it.c:138:6:PendSV_Handler	4	static
../Core/Src/stm32f1xx_it.c:151:6:SysTick_Handler	8	static
../Core/Src/stm32f1xx_it.c:172:6:TIM2_IRQHandler	8	static
