../Core/Src/main.c:48:5:main	8	static
../Core/Src/main.c:80:6:HAL_TIM_IC_CaptureCallback	16	static
../Core/Src/main.c:85:6:HAL_TIM_PeriodElapsedCallback	16	static
../Core/Src/main.c:90:6:SysTick_CallBack	8	static
../Core/Src/main.c:108:6:SystemClock_Config	88	static
../Core/Src/main.c:154:13:MX_ADC1_Init	24	static
../Core/Src/main.c:201:13:MX_TIM2_Init	48	static
../Core/Src/main.c:259:13:MX_USART1_UART_Init	8	static
../Core/Src/main.c:292:13:MX_GPIO_Init	32	static
../Core/Src/main.c:324:6:Error_Handler	4	static,ignoring_inline_asm
