20:29:47 **** Build of configuration Debug for project ADC_Continuous_Conversion ****
make -j4 all 
arm-none-eabi-g++ -o "ADC_Continuous_Conversion.elf" @"objects.list"   -mcpu=cortex-m3 -T"E:\Projects\Micros\Micros\STM32\16_18_ADC_Regular_Channel\ADC_Continuous_Conversion\STM32F103C6TX_FLASH.ld" --specs=nosys.specs -Wl,-Map="ADC_Continuous_Conversion.map" -Wl,--gc-sections -static --specs=nano.specs -mfloat-abi=soft -mthumb -Wl,--start-group -lc -lm -lstdc++ -lsupc++ -Wl,--end-group
Finished building target: ADC_Continuous_Conversion.elf
 
arm-none-eabi-size  ADC_Continuous_Conversion.elf 
arm-none-eabi-objdump -h -S ADC_Continuous_Conversion.elf  > "ADC_Continuous_Conversion.list"
arm-none-eabi-objcopy  -O ihex ADC_Continuous_Conversion.elf  "ADC_Continuous_Conversion.hex"
   text	   data	    bss	    dec	    hex	filename
  15036	     92	   2092	  17220	   4344	ADC_Continuous_Conversion.elf
Finished building: default.size.stdout
 
Finished building: ADC_Continuous_Conversion.hex
 
Finished building: ADC_Continuous_Conversion.list
 

20:29:48 Build Finished. 0 errors, 0 warnings. (took 1s.601ms)

