20:29:48 **** Build of configuration Debug for project DS18B20 ****
make -j4 all 
arm-none-eabi-g++ -o "DS18B20.elf" @"objects.list"   -mcpu=cortex-m3 -T"E:\Projects\Micros\Micros\Modules\13_DS18B20_1-Wire_temp\STM32\DS18B20\STM32F103C6TX_FLASH.ld" --specs=nosys.specs -Wl,-Map="DS18B20.map" -Wl,--gc-sections -static --specs=nano.specs -mfloat-abi=soft -mthumb -Wl,--start-group -lc -lm -lstdc++ -lsupc++ -Wl,--end-group
Finished building target: DS18B20.elf
 
arm-none-eabi-size  DS18B20.elf 
arm-none-eabi-objdump -h -S DS18B20.elf  > "DS18B20.list"
   text	   data	    bss	    dec	    hex	filename
   8004	     12	   1644	   9660	   25bc	DS18B20.elf
arm-none-eabi-objcopy  -O ihex DS18B20.elf  "DS18B20.hex"
Finished building: default.size.stdout
 
Finished building: DS18B20.hex
 
Finished building: DS18B20.list
 

20:29:50 Build Finished. 0 errors, 0 warnings. (took 1s.359ms)

