19:46:43 **** Clean-only build of configuration Debug for project Dinamic_IND ****
make -j4 clean 
rm -rf ./Drivers/STM32F1xx_HAL_Driver/Src/stm32f1xx_hal.cyclo ./Drivers/STM32F1xx_HAL_Driver/Src/stm32f1xx_hal.d ./Drivers/STM32F1xx_HAL_Driver/Src/stm32f1xx_hal.o ./Drivers/STM32F1xx_HAL_Driver/Src/stm32f1xx_hal.su ./Drivers/STM32F1xx_HAL_Driver/Src/stm32f1xx_hal_cortex.cyclo ./Drivers/STM32F1xx_HAL_Driver/Src/stm32f1xx_hal_cortex.d ./Drivers/STM32F1xx_HAL_Driver/Src/stm32f1xx_hal_cortex.o ./Drivers/STM32F1xx_HAL_Driver/Src/stm32f1xx_hal_cortex.su ./Drivers/STM32F1xx_HAL_Driver/Src/stm32f1xx_hal_dma.cyclo ./Drivers/STM32F1xx_HAL_Driver/Src/stm32f1xx_hal_dma.d ./Drivers/STM32F1xx_HAL_Driver/Src/stm32f1xx_hal_dma.o ./Drivers/STM32F1xx_HAL_Driver/Src/stm32f1xx_hal_dma.su ./Drivers/STM32F1xx_HAL_Driver/Src/stm32f1xx_hal_exti.cyclo ./Drivers/STM32F1xx_HAL_Driver/Src/stm32f1xx_hal_exti.d ./Drivers/STM32F1xx_HAL_Driver/Src/stm32f1xx_hal_exti.o ./Drivers/STM32F1xx_HAL_Driver/Src/stm32f1xx_hal_exti.su ./Drivers/STM32F1xx_HAL_Driver/Src/stm32f1xx_hal_flash.cyclo ./Drivers/STM32F1xx_HAL_Driver/Src/stm32f1xx_hal_flash.d ./Drivers/STM32F1xx_HAL_Driver/Src/stm32f1xx_hal_flash.o ./Drivers/STM32F1xx_HAL_Driver/Src/stm32f1xx_hal_flash.su ./Drivers/STM32F1xx_HAL_Driver/Src/stm32f1xx_hal_flash_ex.cyclo ./Drivers/STM32F1xx_HAL_Driver/Src/stm32f1xx_hal_flash_ex.d ./Drivers/STM32F1xx_HAL_Driver/Src/stm32f1xx_hal_flash_ex.o ./Drivers/STM32F1xx_HAL_Driver/Src/stm32f1xx_hal_flash_ex.su ./Drivers/STM32F1xx_HAL_Driver/Src/stm32f1xx_hal_gpio.cyclo ./Drivers/STM32F1xx_HAL_Driver/Src/stm32f1xx_hal_gpio.d ./Drivers/STM32F1xx_HAL_Driver/Src/stm32f1xx_hal_gpio.o ./Drivers/STM32F1xx_HAL_Driver/Src/stm32f1xx_hal_gpio.su ./Drivers/STM32F1xx_HAL_Driver/Src/stm32f1xx_hal_gpio_ex.cyclo ./Drivers/STM32F1xx_HAL_Driver/Src/stm32f1xx_hal_gpio_ex.d ./Drivers/STM32F1xx_HAL_Driver/Src/stm32f1xx_hal_gpio_ex.o ./Drivers/STM32F1xx_HAL_Driver/Src/stm32f1xx_hal_gpio_ex.su ./Drivers/STM32F1xx_HAL_Driver/Src/stm32f1xx_hal_pwr.cyclo ./Drivers/STM32F1xx_HAL_Driver/Src/stm32f1xx_hal_pwr.d ./Drivers/STM32F1xx_HAL_Driver/Src/stm32f1xx_hal_pwr.o ./Drivers/STM32F1xx_HAL_Driver/Src/stm32f1xx_hal_pwr.su ./Drivers/STM32F1xx_HAL_Driver/Src/stm32f1xx_hal_rcc.cyclo ./Drivers/STM32F1xx_HAL_Driver/Src/stm32f1xx_hal_rcc.d ./Drivers/STM32F1xx_HAL_Driver/Src/stm32f1xx_hal_rcc.o ./Drivers/STM32F1xx_HAL_Driver/Src/stm32f1xx_hal_rcc.su ./Drivers/STM32F1xx_HAL_Driver/Src/stm32f1xx_hal_rcc_ex.cyclo ./Drivers/STM32F1xx_HAL_Driver/Src/stm32f1xx_hal_rcc_ex.d ./Drivers/STM32F1xx_HAL_Driver/Src/stm32f1xx_hal_rcc_ex.o ./Drivers/STM32F1xx_HAL_Driver/Src/stm32f1xx_hal_rcc_ex.su ./Drivers/STM32F1xx_HAL_Driver/Src/stm32f1xx_hal_tim.cyclo ./Drivers/STM32F1xx_HAL_Driver/Src/stm32f1xx_hal_tim.d ./Drivers/STM32F1xx_HAL_Driver/Src/stm32f1xx_hal_tim.o ./Drivers/STM32F1xx_HAL_Driver/Src/stm32f1xx_hal_tim.su ./Drivers/STM32F1xx_HAL_Driver/Src/stm32f1xx_hal_tim_ex.cyclo ./Drivers/STM32F1xx_HAL_Driver/Src/stm32f1xx_hal_tim_ex.d ./Drivers/STM32F1xx_HAL_Driver/Src/stm32f1xx_hal_tim_ex.o ./Drivers/STM32F1xx_HAL_Driver/Src/stm32f1xx_hal_tim_ex.su
rm -rf ./Core/Startup/startup_stm32f103c6tx.d ./Core/Startup/startup_stm32f103c6tx.o
rm -rf ./Core/Src/led.cyclo ./Core/Src/led.d ./Core/Src/led.o ./Core/Src/led.su ./Core/Src/main.cyclo ./Core/Src/main.d ./Core/Src/main.o ./Core/Src/main.su ./Core/Src/stm32f1xx_hal_msp.cyclo ./Core/Src/stm32f1xx_hal_msp.d ./Core/Src/stm32f1xx_hal_msp.o ./Core/Src/stm32f1xx_hal_msp.su ./Core/Src/stm32f1xx_it.cyclo ./Core/Src/stm32f1xx_it.d ./Core/Src/stm32f1xx_it.o ./Core/Src/stm32f1xx_it.su ./Core/Src/syscalls.cyclo ./Core/Src/syscalls.d ./Core/Src/syscalls.o ./Core/Src/syscalls.su ./Core/Src/sysmem.cyclo ./Core/Src/sysmem.d ./Core/Src/sysmem.o ./Core/Src/sysmem.su ./Core/Src/system_stm32f1xx.cyclo ./Core/Src/system_stm32f1xx.d ./Core/Src/system_stm32f1xx.o ./Core/Src/system_stm32f1xx.su
rm -rf Dinamic_IND.elf Dinamic_IND.hex Dinamic_IND.list Dinamic_IND.map default.size.stdout
 
19:46:46 **** Build of configuration Debug for project Dinamic_IND ****
make -j4 all 
arm-none-eabi-gcc "../Drivers/STM32F1xx_HAL_Driver/Src/stm32f1xx_hal.c" -mcpu=cortex-m3 -std=gnu11 -g3 -DDEBUG -DUSE_HAL_DRIVER -DSTM32F103x6 -c -I../Core/Inc -I../Drivers/STM32F1xx_HAL_Driver/Inc/Legacy -I../Drivers/STM32F1xx_HAL_Driver/Inc -I../Drivers/CMSIS/Device/ST/STM32F1xx/Include -I../Drivers/CMSIS/Include -O0 -ffunction-sections -fdata-sections -Wall -fstack-usage -fcyclomatic-complexity -MMD -MP -MF"Drivers/STM32F1xx_HAL_Driver/Src/stm32f1xx_hal.d" -MT"Drivers/STM32F1xx_HAL_Driver/Src/stm32f1xx_hal.o" --specs=nano.specs -mfloat-abi=soft -mthumb -o "Drivers/STM32F1xx_HAL_Driver/Src/stm32f1xx_hal.o"
arm-none-eabi-gcc "../Drivers/STM32F1xx_HAL_Driver/Src/stm32f1xx_hal_cortex.c" -mcpu=cortex-m3 -std=gnu11 -g3 -DDEBUG -DUSE_HAL_DRIVER -DSTM32F103x6 -c -I../Core/Inc -I../Drivers/STM32F1xx_HAL_Driver/Inc/Legacy -I../Drivers/STM32F1xx_HAL_Driver/Inc -I../Drivers/CMSIS/Device/ST/STM32F1xx/Include -I../Drivers/CMSIS/Include -O0 -ffunction-sections -fdata-sections -Wall -fstack-usage -fcyclomatic-complexity -MMD -MP -MF"Drivers/STM32F1xx_HAL_Driver/Src/stm32f1xx_hal_cortex.d" -MT"Drivers/STM32F1xx_HAL_Driver/Src/stm32f1xx_hal_cortex.o" --specs=nano.specs -mfloat-abi=soft -mthumb -o "Drivers/STM32F1xx_HAL_Driver/Src/stm32f1xx_hal_cortex.o"
arm-none-eabi-gcc "../Drivers/STM32F1xx_HAL_Driver/Src/stm32f1xx_hal_dma.c" -mcpu=cortex-m3 -std=gnu11 -g3 -DDEBUG -DUSE_HAL_DRIVER -DSTM32F103x6 -c -I../Core/Inc -I../Drivers/STM32F1xx_HAL_Driver/Inc/Legacy -I../Drivers/STM32F1xx_HAL_Driver/Inc -I../Drivers/CMSIS/Device/ST/STM32F1xx/Include -I../Drivers/CMSIS/Include -O0 -ffunction-sections -fdata-sections -Wall -fstack-usage -fcyclomatic-complexity -MMD -MP -MF"Drivers/STM32F1xx_HAL_Driver/Src/stm32f1xx_hal_dma.d" -MT"Drivers/STM32F1xx_HAL_Driver/Src/stm32f1xx_hal_dma.o" --specs=nano.specs -mfloat-abi=soft -mthumb -o "Drivers/STM32F1xx_HAL_Driver/Src/stm32f1xx_hal_dma.o"
arm-none-eabi-gcc "../Drivers/STM32F1xx_HAL_Driver/Src/stm32f1xx_hal_exti.c" -mcpu=cortex-m3 -std=gnu11 -g3 -DDEBUG -DUSE_HAL_DRIVER -DSTM32F103x6 -c -I../Core/Inc -I../Drivers/STM32F1xx_HAL_Driver/Inc/Legacy -I../Drivers/STM32F1xx_HAL_Driver/Inc -I../Drivers/CMSIS/Device/ST/STM32F1xx/Include -I../Drivers/CMSIS/Include -O0 -ffunction-sections -fdata-sections -Wall -fstack-usage -fcyclomatic-complexity -MMD -MP -MF"Drivers/STM32F1xx_HAL_Driver/Src/stm32f1xx_hal_exti.d" -MT"Drivers/STM32F1xx_HAL_Driver/Src/stm32f1xx_hal_exti.o" --specs=nano.specs -mfloat-abi=soft -mthumb -o "Drivers/STM32F1xx_HAL_Driver/Src/stm32f1xx_hal_exti.o"
arm-none-eabi-gcc "../Drivers/STM32F1xx_HAL_Driver/Src/stm32f1xx_hal_flash.c" -mcpu=cortex-m3 -std=gnu11 -g3 -DDEBUG -DUSE_HAL_DRIVER -DSTM32F103x6 -c -I../Core/Inc -I../Drivers/STM32F1xx_HAL_Driver/Inc/Legacy -I../Drivers/STM32F1xx_HAL_Driver/Inc -I../Drivers/CMSIS/Device/ST/STM32F1xx/Include -I../Drivers/CMSIS/Include -O0 -ffunction-sections -fdata-sections -Wall -fstack-usage -fcyclomatic-complexity -MMD -MP -MF"Drivers/STM32F1xx_HAL_Driver/Src/stm32f1xx_hal_flash.d" -MT"Drivers/STM32F1xx_HAL_Driver/Src/stm32f1xx_hal_flash.o" --specs=nano.specs -mfloat-abi=soft -mthumb -o "Drivers/STM32F1xx_HAL_Driver/Src/stm32f1xx_hal_flash.o"
arm-none-eabi-gcc "../Drivers/STM32F1xx_HAL_Driver/Src/stm32f1xx_hal_flash_ex.c" -mcpu=cortex-m3 -std=gnu11 -g3 -DDEBUG -DUSE_HAL_DRIVER -DSTM32F103x6 -c -I../Core/Inc -I../Drivers/STM32F1xx_HAL_Driver/Inc/Legacy -I../Drivers/STM32F1xx_HAL_Driver/Inc -I../Drivers/CMSIS/Device/ST/STM32F1xx/Include -I../Drivers/CMSIS/Include -O0 -ffunction-sections -fdata-sections -Wall -fstack-usage -fcyclomatic-complexity -MMD -MP -MF"Drivers/STM32F1xx_HAL_Driver/Src/stm32f1xx_hal_flash_ex.d" -MT"Drivers/STM32F1xx_HAL_Driver/Src/stm32f1xx_hal_flash_ex.o" --specs=nano.specs -mfloat-abi=soft -mthumb -o "Drivers/STM32F1xx_HAL_Driver/Src/stm32f1xx_hal_flash_ex.o"
arm-none-eabi-gcc "../Drivers/STM32F1xx_HAL_Driver/Src/stm32f1xx_hal_gpio.c" -mcpu=cortex-m3 -std=gnu11 -g3 -DDEBUG -DUSE_HAL_DRIVER -DSTM32F103x6 -c -I../Core/Inc -I../Drivers/STM32F1xx_HAL_Driver/Inc/Legacy -I../Drivers/STM32F1xx_HAL_Driver/Inc -I../Drivers/CMSIS/Device/ST/STM32F1xx/Include -I../Drivers/CMSIS/Include -O0 -ffunction-sections -fdata-sections -Wall -fstack-usage -fcyclomatic-complexity -MMD -MP -MF"Drivers/STM32F1xx_HAL_Driver/Src/stm32f1xx_hal_gpio.d" -MT"Drivers/STM32F1xx_HAL_Driver/Src/stm32f1xx_hal_gpio.o" --specs=nano.specs -mfloat-abi=soft -mthumb -o "Drivers/STM32F1xx_HAL_Driver/Src/stm32f1xx_hal_gpio.o"
arm-none-eabi-gcc "../Drivers/STM32F1xx_HAL_Driver/Src/stm32f1xx_hal_gpio_ex.c" -mcpu=cortex-m3 -std=gnu11 -g3 -DDEBUG -DUSE_HAL_DRIVER -DSTM32F103x6 -c -I../Core/Inc -I../Drivers/STM32F1xx_HAL_Driver/Inc/Legacy -I../Drivers/STM32F1xx_HAL_Driver/Inc -I../Drivers/CMSIS/Device/ST/STM32F1xx/Include -I../Drivers/CMSIS/Include -O0 -ffunction-sections -fdata-sections -Wall -fstack-usage -fcyclomatic-complexity -MMD -MP -MF"Drivers/STM32F1xx_HAL_Driver/Src/stm32f1xx_hal_gpio_ex.d" -MT"Drivers/STM32F1xx_HAL_Driver/Src/stm32f1xx_hal_gpio_ex.o" --specs=nano.specs -mfloat-abi=soft -mthumb -o "Drivers/STM32F1xx_HAL_Driver/Src/stm32f1xx_hal_gpio_ex.o"
arm-none-eabi-gcc "../Drivers/STM32F1xx_HAL_Driver/Src/stm32f1xx_hal_pwr.c" -mcpu=cortex-m3 -std=gnu11 -g3 -DDEBUG -DUSE_HAL_DRIVER -DSTM32F103x6 -c -I../Core/Inc -I../Drivers/STM32F1xx_HAL_Driver/Inc/Legacy -I../Drivers/STM32F1xx_HAL_Driver/Inc -I../Drivers/CMSIS/Device/ST/STM32F1xx/Include -I../Drivers/CMSIS/Include -O0 -ffunction-sections -fdata-sections -Wall -fstack-usage -fcyclomatic-complexity -MMD -MP -MF"Drivers/STM32F1xx_HAL_Driver/Src/stm32f1xx_hal_pwr.d" -MT"Drivers/STM32F1xx_HAL_Driver/Src/stm32f1xx_hal_pwr.o" --specs=nano.specs -mfloat-abi=soft -mthumb -o "Drivers/STM32F1xx_HAL_Driver/Src/stm32f1xx_hal_pwr.o"
arm-none-eabi-gcc "../Drivers/STM32F1xx_HAL_Driver/Src/stm32f1xx_hal_rcc.c" -mcpu=cortex-m3 -std=gnu11 -g3 -DDEBUG -DUSE_HAL_DRIVER -DSTM32F103x6 -c -I../Core/Inc -I../Drivers/STM32F1xx_HAL_Driver/Inc/Legacy -I../Drivers/STM32F1xx_HAL_Driver/Inc -I../Drivers/CMSIS/Device/ST/STM32F1xx/Include -I../Drivers/CMSIS/Include -O0 -ffunction-sections -fdata-sections -Wall -fstack-usage -fcyclomatic-complexity -MMD -MP -MF"Drivers/STM32F1xx_HAL_Driver/Src/stm32f1xx_hal_rcc.d" -MT"Drivers/STM32F1xx_HAL_Driver/Src/stm32f1xx_hal_rcc.o" --specs=nano.specs -mfloat-abi=soft -mthumb -o "Drivers/STM32F1xx_HAL_Driver/Src/stm32f1xx_hal_rcc.o"
arm-none-eabi-gcc "../Drivers/STM32F1xx_HAL_Driver/Src/stm32f1xx_hal_rcc_ex.c" -mcpu=cortex-m3 -std=gnu11 -g3 -DDEBUG -DUSE_HAL_DRIVER -DSTM32F103x6 -c -I../Core/Inc -I../Drivers/STM32F1xx_HAL_Driver/Inc/Legacy -I../Drivers/STM32F1xx_HAL_Driver/Inc -I../Drivers/CMSIS/Device/ST/STM32F1xx/Include -I../Drivers/CMSIS/Include -O0 -ffunction-sections -fdata-sections -Wall -fstack-usage -fcyclomatic-complexity -MMD -MP -MF"Drivers/STM32F1xx_HAL_Driver/Src/stm32f1xx_hal_rcc_ex.d" -MT"Drivers/STM32F1xx_HAL_Driver/Src/stm32f1xx_hal_rcc_ex.o" --specs=nano.specs -mfloat-abi=soft -mthumb -o "Drivers/STM32F1xx_HAL_Driver/Src/stm32f1xx_hal_rcc_ex.o"
arm-none-eabi-gcc "../Drivers/STM32F1xx_HAL_Driver/Src/stm32f1xx_hal_tim.c" -mcpu=cortex-m3 -std=gnu11 -g3 -DDEBUG -DUSE_HAL_DRIVER -DSTM32F103x6 -c -I../Core/Inc -I../Drivers/STM32F1xx_HAL_Driver/Inc/Legacy -I../Drivers/STM32F1xx_HAL_Driver/Inc -I../Drivers/CMSIS/Device/ST/STM32F1xx/Include -I../Drivers/CMSIS/Include -O0 -ffunction-sections -fdata-sections -Wall -fstack-usage -fcyclomatic-complexity -MMD -MP -MF"Drivers/STM32F1xx_HAL_Driver/Src/stm32f1xx_hal_tim.d" -MT"Drivers/STM32F1xx_HAL_Driver/Src/stm32f1xx_hal_tim.o" --specs=nano.specs -mfloat-abi=soft -mthumb -o "Drivers/STM32F1xx_HAL_Driver/Src/stm32f1xx_hal_tim.o"
arm-none-eabi-gcc "../Drivers/STM32F1xx_HAL_Driver/Src/stm32f1xx_hal_tim_ex.c" -mcpu=cortex-m3 -std=gnu11 -g3 -DDEBUG -DUSE_HAL_DRIVER -DSTM32F103x6 -c -I../Core/Inc -I../Drivers/STM32F1xx_HAL_Driver/Inc/Legacy -I../Drivers/STM32F1xx_HAL_Driver/Inc -I../Drivers/CMSIS/Device/ST/STM32F1xx/Include -I../Drivers/CMSIS/Include -O0 -ffunction-sections -fdata-sections -Wall -fstack-usage -fcyclomatic-complexity -MMD -MP -MF"Drivers/STM32F1xx_HAL_Driver/Src/stm32f1xx_hal_tim_ex.d" -MT"Drivers/STM32F1xx_HAL_Driver/Src/stm32f1xx_hal_tim_ex.o" --specs=nano.specs -mfloat-abi=soft -mthumb -o "Drivers/STM32F1xx_HAL_Driver/Src/stm32f1xx_hal_tim_ex.o"
arm-none-eabi-gcc -mcpu=cortex-m3 -g3 -DDEBUG -c -x assembler-with-cpp -MMD -MP -MF"Core/Startup/startup_stm32f103c6tx.d" -MT"Core/Startup/startup_stm32f103c6tx.o" --specs=nano.specs -mfloat-abi=soft -mthumb -o "Core/Startup/startup_stm32f103c6tx.o" "../Core/Startup/startup_stm32f103c6tx.s"
arm-none-eabi-gcc "../Core/Src/led.c" -mcpu=cortex-m3 -std=gnu11 -g3 -DDEBUG -DUSE_HAL_DRIVER -DSTM32F103x6 -c -I../Core/Inc -I../Drivers/STM32F1xx_HAL_Driver/Inc/Legacy -I../Drivers/STM32F1xx_HAL_Driver/Inc -I../Drivers/CMSIS/Device/ST/STM32F1xx/Include -I../Drivers/CMSIS/Include -O0 -ffunction-sections -fdata-sections -Wall -fstack-usage -fcyclomatic-complexity -MMD -MP -MF"Core/Src/led.d" -MT"Core/Src/led.o" --specs=nano.specs -mfloat-abi=soft -mthumb -o "Core/Src/led.o"
arm-none-eabi-gcc "../Core/Src/main.c" -mcpu=cortex-m3 -std=gnu11 -g3 -DDEBUG -DUSE_HAL_DRIVER -DSTM32F103x6 -c -I../Core/Inc -I../Drivers/STM32F1xx_HAL_Driver/Inc/Legacy -I../Drivers/STM32F1xx_HAL_Driver/Inc -I../Drivers/CMSIS/Device/ST/STM32F1xx/Include -I../Drivers/CMSIS/Include -O0 -ffunction-sections -fdata-sections -Wall -fstack-usage -fcyclomatic-complexity -MMD -MP -MF"Core/Src/main.d" -MT"Core/Src/main.o" --specs=nano.specs -mfloat-abi=soft -mthumb -o "Core/Src/main.o"
../Core/Src/main.c: In function 'main':
arm-none-eabi-gcc "../Core/Src/stm32f1xx_hal_msp.c" -mcpu=cortex-m3 -std=gnu11 -g3 -DDEBUG -DUSE_HAL_DRIVER -DSTM32F103x6 -c -I../Core/Inc -I../Drivers/STM32F1xx_HAL_Driver/Inc/Legacy -I../Drivers/STM32F1xx_HAL_Driver/Inc -I../Drivers/CMSIS/Device/ST/STM32F1xx/Include -I../Drivers/CMSIS/Include -O0 -ffunction-sections -fdata-sections -Wall -fstack-usage -fcyclomatic-complexity -MMD -MP -MF"Core/Src/stm32f1xx_hal_msp.d" -MT"Core/Src/stm32f1xx_hal_msp.o" --specs=nano.specs -mfloat-abi=soft -mthumb -o "Core/Src/stm32f1xx_hal_msp.o"
../Core/Src/main.c:93:3: warning: implicit declaration of function 'initSeg' [-Wimplicit-function-declaration]
   93 |   initSeg();
      |   ^~~~~~~
../Core/Src/main.c:107:19: warning: implicit declaration of function 'segchar' [-Wimplicit-function-declaration]
  107 |                   segchar(i);
      |                   ^~~~~~~
arm-none-eabi-gcc "../Core/Src/stm32f1xx_it.c" -mcpu=cortex-m3 -std=gnu11 -g3 -DDEBUG -DUSE_HAL_DRIVER -DSTM32F103x6 -c -I../Core/Inc -I../Drivers/STM32F1xx_HAL_Driver/Inc/Legacy -I../Drivers/STM32F1xx_HAL_Driver/Inc -I../Drivers/CMSIS/Device/ST/STM32F1xx/Include -I../Drivers/CMSIS/Include -O0 -ffunction-sections -fdata-sections -Wall -fstack-usage -fcyclomatic-complexity -MMD -MP -MF"Core/Src/stm32f1xx_it.d" -MT"Core/Src/stm32f1xx_it.o" --specs=nano.specs -mfloat-abi=soft -mthumb -o "Core/Src/stm32f1xx_it.o"
arm-none-eabi-gcc "../Core/Src/syscalls.c" -mcpu=cortex-m3 -std=gnu11 -g3 -DDEBUG -DUSE_HAL_DRIVER -DSTM32F103x6 -c -I../Core/Inc -I../Drivers/STM32F1xx_HAL_Driver/Inc/Legacy -I../Drivers/STM32F1xx_HAL_Driver/Inc -I../Drivers/CMSIS/Device/ST/STM32F1xx/Include -I../Drivers/CMSIS/Include -O0 -ffunction-sections -fdata-sections -Wall -fstack-usage -fcyclomatic-complexity -MMD -MP -MF"Core/Src/syscalls.d" -MT"Core/Src/syscalls.o" --specs=nano.specs -mfloat-abi=soft -mthumb -o "Core/Src/syscalls.o"
arm-none-eabi-gcc "../Core/Src/sysmem.c" -mcpu=cortex-m3 -std=gnu11 -g3 -DDEBUG -DUSE_HAL_DRIVER -DSTM32F103x6 -c -I../Core/Inc -I../Drivers/STM32F1xx_HAL_Driver/Inc/Legacy -I../Drivers/STM32F1xx_HAL_Driver/Inc -I../Drivers/CMSIS/Device/ST/STM32F1xx/Include -I../Drivers/CMSIS/Include -O0 -ffunction-sections -fdata-sections -Wall -fstack-usage -fcyclomatic-complexity -MMD -MP -MF"Core/Src/sysmem.d" -MT"Core/Src/sysmem.o" --specs=nano.specs -mfloat-abi=soft -mthumb -o "Core/Src/sysmem.o"
arm-none-eabi-gcc "../Core/Src/system_stm32f1xx.c" -mcpu=cortex-m3 -std=gnu11 -g3 -DDEBUG -DUSE_HAL_DRIVER -DSTM32F103x6 -c -I../Core/Inc -I../Drivers/STM32F1xx_HAL_Driver/Inc/Legacy -I../Drivers/STM32F1xx_HAL_Driver/Inc -I../Drivers/CMSIS/Device/ST/STM32F1xx/Include -I../Drivers/CMSIS/Include -O0 -ffunction-sections -fdata-sections -Wall -fstack-usage -fcyclomatic-complexity -MMD -MP -MF"Core/Src/system_stm32f1xx.d" -MT"Core/Src/system_stm32f1xx.o" --specs=nano.specs -mfloat-abi=soft -mthumb -o "Core/Src/system_stm32f1xx.o"
arm-none-eabi-g++ -o "Dinamic_IND.elf" @"objects.list"   -mcpu=cortex-m3 -T"E:\Projects\Micros\Micros\STM32\12_Dinamic_IND\Dinamic_IND\STM32F103C6TX_FLASH.ld" --specs=nosys.specs -Wl,-Map="Dinamic_IND.map" -Wl,--gc-sections -static --specs=nano.specs -mfloat-abi=soft -mthumb -Wl,--start-group -lc -lm -lstdc++ -lsupc++ -Wl,--end-group
Finished building target: Dinamic_IND.elf
 
arm-none-eabi-size  Dinamic_IND.elf 
arm-none-eabi-objdump -h -S Dinamic_IND.elf  > "Dinamic_IND.list"
arm-none-eabi-objcopy  -O ihex Dinamic_IND.elf  "Dinamic_IND.hex"
   text	   data	    bss	    dec	    hex	filename
   9936	     12	   1652	  11600	   2d50	Dinamic_IND.elf
Finished building: default.size.stdout
 
Finished building: Dinamic_IND.list
Finished building: Dinamic_IND.hex
 
 
19:54:10 **** Incremental Build of configuration Debug for project Dinamic_IND ****
make -j4 all 
arm-none-eabi-size  Dinamic_IND.elf 
   text	   data	    bss	    dec	    hex	filename
   9936	     12	   1652	  11600	   2d50	Dinamic_IND.elf
Finished building: default.size.stdout
 
19:57:29 **** Incremental Build of configuration Debug for project Dinamic_IND ****
make -j4 all 
arm-none-eabi-size  Dinamic_IND.elf 
   text	   data	    bss	    dec	    hex	filename
   9936	     12	   1652	  11600	   2d50	Dinamic_IND.elf
Finished building: default.size.stdout
 
20:07:02 **** Incremental Build of configuration Debug for project Dinamic_IND ****
make -j4 all 
arm-none-eabi-gcc "../Core/Src/main.c" -mcpu=cortex-m3 -std=gnu11 -g3 -DDEBUG -DUSE_HAL_DRIVER -DSTM32F103x6 -c -I../Core/Inc -I../Drivers/STM32F1xx_HAL_Driver/Inc/Legacy -I../Drivers/STM32F1xx_HAL_Driver/Inc -I../Drivers/CMSIS/Device/ST/STM32F1xx/Include -I../Drivers/CMSIS/Include -O0 -ffunction-sections -fdata-sections -Wall -fstack-usage -fcyclomatic-complexity -MMD -MP -MF"Core/Src/main.d" -MT"Core/Src/main.o" --specs=nano.specs -mfloat-abi=soft -mthumb -o "Core/Src/main.o"
../Core/Src/main.c: In function 'main':
../Core/Src/main.c:93:3: warning: implicit declaration of function 'initSeg' [-Wimplicit-function-declaration]
   93 |   initSeg();
      |   ^~~~~~~
../Core/Src/main.c:111:19: warning: implicit declaration of function 'segchar' [-Wimplicit-function-declaration]
  111 |                   segchar(i);
      |                   ^~~~~~~
arm-none-eabi-g++ -o "Dinamic_IND.elf" @"objects.list"   -mcpu=cortex-m3 -T"E:\Projects\Micros\Micros\STM32\12_Dinamic_IND\Dinamic_IND\STM32F103C6TX_FLASH.ld" --specs=nosys.specs -Wl,-Map="Dinamic_IND.map" -Wl,--gc-sections -static --specs=nano.specs -mfloat-abi=soft -mthumb -Wl,--start-group -lc -lm -lstdc++ -lsupc++ -Wl,--end-group
Finished building target: Dinamic_IND.elf
 
arm-none-eabi-size  Dinamic_IND.elf 
arm-none-eabi-objdump -h -S Dinamic_IND.elf  > "Dinamic_IND.list"
arm-none-eabi-objcopy  -O ihex Dinamic_IND.elf  "Dinamic_IND.hex"
   text	   data	    bss	    dec	    hex	filename
   9988	     12	   1652	  11652	   2d84	Dinamic_IND.elf
Finished building: default.size.stdout
 
Finished building: Dinamic_IND.hex
Finished building: Dinamic_IND.list
 
 
20:54:06 **** Incremental Build of configuration Debug for project Dinamic_IND ****
make -j4 all 
arm-none-eabi-gcc "../Core/Src/led.c" -mcpu=cortex-m3 -std=gnu11 -g3 -DDEBUG -DUSE_HAL_DRIVER -DSTM32F103x6 -c -I../Core/Inc -I../Drivers/STM32F1xx_HAL_Driver/Inc/Legacy -I../Drivers/STM32F1xx_HAL_Driver/Inc -I../Drivers/CMSIS/Device/ST/STM32F1xx/Include -I../Drivers/CMSIS/Include -O0 -ffunction-sections -fdata-sections -Wall -fstack-usage -fcyclomatic-complexity -MMD -MP -MF"Core/Src/led.d" -MT"Core/Src/led.o" --specs=nano.specs -mfloat-abi=soft -mthumb -o "Core/Src/led.o"
arm-none-eabi-gcc "../Core/Src/main.c" -mcpu=cortex-m3 -std=gnu11 -g3 -DDEBUG -DUSE_HAL_DRIVER -DSTM32F103x6 -c -I../Core/Inc -I../Drivers/STM32F1xx_HAL_Driver/Inc/Legacy -I../Drivers/STM32F1xx_HAL_Driver/Inc -I../Drivers/CMSIS/Device/ST/STM32F1xx/Include -I../Drivers/CMSIS/Include -O0 -ffunction-sections -fdata-sections -Wall -fstack-usage -fcyclomatic-complexity -MMD -MP -MF"Core/Src/main.d" -MT"Core/Src/main.o" --specs=nano.specs -mfloat-abi=soft -mthumb -o "Core/Src/main.o"
arm-none-eabi-gcc "../Core/Src/stm32f1xx_it.c" -mcpu=cortex-m3 -std=gnu11 -g3 -DDEBUG -DUSE_HAL_DRIVER -DSTM32F103x6 -c -I../Core/Inc -I../Drivers/STM32F1xx_HAL_Driver/Inc/Legacy -I../Drivers/STM32F1xx_HAL_Driver/Inc -I../Drivers/CMSIS/Device/ST/STM32F1xx/Include -I../Drivers/CMSIS/Include -O0 -ffunction-sections -fdata-sections -Wall -fstack-usage -fcyclomatic-complexity -MMD -MP -MF"Core/Src/stm32f1xx_it.d" -MT"Core/Src/stm32f1xx_it.o" --specs=nano.specs -mfloat-abi=soft -mthumb -o "Core/Src/stm32f1xx_it.o"
../Core/Src/main.c: In function 'main':
../Core/Src/main.c:93:3: warning: implicit declaration of function 'initSeg' [-Wimplicit-function-declaration]
   93 |   initSeg();
      |   ^~~~~~~
../Core/Src/main.c:94:3: error: 'LED_ON_1_SET' undeclared (first use in this function)
   94 |   LED_ON_1_SET;
      |   ^~~~~~~~~~~~
../Core/Src/main.c:94:3: note: each undeclared identifier is reported only once for each function it appears in
../Core/Src/main.c:95:3: error: 'LED_ON_2_SET' undeclared (first use in this function)
   95 |   LED_ON_2_SET;
      |   ^~~~~~~~~~~~
../Core/Src/main.c:96:3: error: 'LED_ON_3_SET' undeclared (first use in this function)
   96 |   LED_ON_3_SET;
      |   ^~~~~~~~~~~~
../Core/Src/main.c:97:3: error: 'LED_ON_4_SET' undeclared (first use in this function)
   97 |   LED_ON_4_SET;
      |   ^~~~~~~~~~~~
../Core/Src/main.c:116:19: warning: implicit declaration of function 'segchar' [-Wimplicit-function-declaration]
  116 |                   segchar(i);
      |                   ^~~~~~~
make: *** [Core/Src/subdir.mk:37: Core/Src/main.o] Error 1
make: *** Waiting for unfinished jobs....
"make -j4 all" terminated with exit code 2. Build might be incomplete.
20:55:19 **** Incremental Build of configuration Debug for project Dinamic_IND ****
make -j4 all 
arm-none-eabi-gcc "../Core/Src/led.c" -mcpu=cortex-m3 -std=gnu11 -g3 -DDEBUG -DUSE_HAL_DRIVER -DSTM32F103x6 -c -I../Core/Inc -I../Drivers/STM32F1xx_HAL_Driver/Inc/Legacy -I../Drivers/STM32F1xx_HAL_Driver/Inc -I../Drivers/CMSIS/Device/ST/STM32F1xx/Include -I../Drivers/CMSIS/Include -O0 -ffunction-sections -fdata-sections -Wall -fstack-usage -fcyclomatic-complexity -MMD -MP -MF"Core/Src/led.d" -MT"Core/Src/led.o" --specs=nano.specs -mfloat-abi=soft -mthumb -o "Core/Src/led.o"
arm-none-eabi-gcc "../Core/Src/main.c" -mcpu=cortex-m3 -std=gnu11 -g3 -DDEBUG -DUSE_HAL_DRIVER -DSTM32F103x6 -c -I../Core/Inc -I../Drivers/STM32F1xx_HAL_Driver/Inc/Legacy -I../Drivers/STM32F1xx_HAL_Driver/Inc -I../Drivers/CMSIS/Device/ST/STM32F1xx/Include -I../Drivers/CMSIS/Include -O0 -ffunction-sections -fdata-sections -Wall -fstack-usage -fcyclomatic-complexity -MMD -MP -MF"Core/Src/main.d" -MT"Core/Src/main.o" --specs=nano.specs -mfloat-abi=soft -mthumb -o "Core/Src/main.o"
arm-none-eabi-gcc "../Core/Src/stm32f1xx_it.c" -mcpu=cortex-m3 -std=gnu11 -g3 -DDEBUG -DUSE_HAL_DRIVER -DSTM32F103x6 -c -I../Core/Inc -I../Drivers/STM32F1xx_HAL_Driver/Inc/Legacy -I../Drivers/STM32F1xx_HAL_Driver/Inc -I../Drivers/CMSIS/Device/ST/STM32F1xx/Include -I../Drivers/CMSIS/Include -O0 -ffunction-sections -fdata-sections -Wall -fstack-usage -fcyclomatic-complexity -MMD -MP -MF"Core/Src/stm32f1xx_it.d" -MT"Core/Src/stm32f1xx_it.o" --specs=nano.specs -mfloat-abi=soft -mthumb -o "Core/Src/stm32f1xx_it.o"
../Core/Src/main.c: In function 'main':
../Core/Src/main.c:93:3: warning: implicit declaration of function 'initSeg' [-Wimplicit-function-declaration]
   93 |   initSeg();
      |   ^~~~~~~
../Core/Src/main.c:94:3: error: 'LED_ON_1_SET' undeclared (first use in this function)
   94 |   LED_ON_1_SET;
      |   ^~~~~~~~~~~~
../Core/Src/main.c:94:3: note: each undeclared identifier is reported only once for each function it appears in
../Core/Src/main.c:95:3: error: 'LED_ON_2_SET' undeclared (first use in this function)
   95 |   LED_ON_2_SET;
      |   ^~~~~~~~~~~~
../Core/Src/main.c:96:3: error: 'LED_ON_3_SET' undeclared (first use in this function)
   96 |   LED_ON_3_SET;
      |   ^~~~~~~~~~~~
../Core/Src/main.c:97:3: error: 'LED_ON_4_SET' undeclared (first use in this function)
   97 |   LED_ON_4_SET;
      |   ^~~~~~~~~~~~
../Core/Src/main.c:116:19: warning: implicit declaration of function 'segchar' [-Wimplicit-function-declaration]
  116 |                   segchar(i);
      |                   ^~~~~~~
make: *** [Core/Src/subdir.mk:37: Core/Src/main.o] Error 1
make: *** Waiting for unfinished jobs....
"make -j4 all" terminated with exit code 2. Build might be incomplete.
20:56:03 **** Incremental Build of configuration Debug for project Dinamic_IND ****
make -j4 all 
arm-none-eabi-gcc "../Core/Src/main.c" -mcpu=cortex-m3 -std=gnu11 -g3 -DDEBUG -DUSE_HAL_DRIVER -DSTM32F103x6 -c -I../Core/Inc -I../Drivers/STM32F1xx_HAL_Driver/Inc/Legacy -I../Drivers/STM32F1xx_HAL_Driver/Inc -I../Drivers/CMSIS/Device/ST/STM32F1xx/Include -I../Drivers/CMSIS/Include -O0 -ffunction-sections -fdata-sections -Wall -fstack-usage -fcyclomatic-complexity -MMD -MP -MF"Core/Src/main.d" -MT"Core/Src/main.o" --specs=nano.specs -mfloat-abi=soft -mthumb -o "Core/Src/main.o"
arm-none-eabi-gcc "../Core/Src/stm32f1xx_it.c" -mcpu=cortex-m3 -std=gnu11 -g3 -DDEBUG -DUSE_HAL_DRIVER -DSTM32F103x6 -c -I../Core/Inc -I../Drivers/STM32F1xx_HAL_Driver/Inc/Legacy -I../Drivers/STM32F1xx_HAL_Driver/Inc -I../Drivers/CMSIS/Device/ST/STM32F1xx/Include -I../Drivers/CMSIS/Include -O0 -ffunction-sections -fdata-sections -Wall -fstack-usage -fcyclomatic-complexity -MMD -MP -MF"Core/Src/stm32f1xx_it.d" -MT"Core/Src/stm32f1xx_it.o" --specs=nano.specs -mfloat-abi=soft -mthumb -o "Core/Src/stm32f1xx_it.o"
../Core/Src/main.c: In function 'main':
../Core/Src/main.c:93:3: warning: implicit declaration of function 'initSeg' [-Wimplicit-function-declaration]
   93 |   initSeg();
      |   ^~~~~~~
../Core/Src/main.c:112:19: warning: implicit declaration of function 'segchar' [-Wimplicit-function-declaration]
  112 |                   segchar(i);
      |                   ^~~~~~~
arm-none-eabi-g++ -o "Dinamic_IND.elf" @"objects.list"   -mcpu=cortex-m3 -T"E:\Projects\Micros\Micros\STM32\12_Dinamic_IND\Dinamic_IND\STM32F103C6TX_FLASH.ld" --specs=nosys.specs -Wl,-Map="Dinamic_IND.map" -Wl,--gc-sections -static --specs=nano.specs -mfloat-abi=soft -mthumb -Wl,--start-group -lc -lm -lstdc++ -lsupc++ -Wl,--end-group
Finished building target: Dinamic_IND.elf
 
arm-none-eabi-size  Dinamic_IND.elf 
arm-none-eabi-objdump -h -S Dinamic_IND.elf  > "Dinamic_IND.list"
arm-none-eabi-objcopy  -O ihex Dinamic_IND.elf  "Dinamic_IND.hex"
   text	   data	    bss	    dec	    hex	filename
   9988	     12	   1652	  11652	   2d84	Dinamic_IND.elf
Finished building: default.size.stdout
 
Finished building: Dinamic_IND.list
Finished building: Dinamic_IND.hex
 
 
20:59:30 **** Incremental Build of configuration Debug for project Dinamic_IND ****
make -j4 all 
arm-none-eabi-size  Dinamic_IND.elf 
   text	   data	    bss	    dec	    hex	filename
   9988	     12	   1652	  11652	   2d84	Dinamic_IND.elf
Finished building: default.size.stdout
 
20:59:50 **** Incremental Build of configuration Debug for project Dinamic_IND ****
make -j4 all 
arm-none-eabi-gcc "../Core/Src/main.c" -mcpu=cortex-m3 -std=gnu11 -g3 -DDEBUG -DUSE_HAL_DRIVER -DSTM32F103x6 -c -I../Core/Inc -I../Drivers/STM32F1xx_HAL_Driver/Inc/Legacy -I../Drivers/STM32F1xx_HAL_Driver/Inc -I../Drivers/CMSIS/Device/ST/STM32F1xx/Include -I../Drivers/CMSIS/Include -O0 -ffunction-sections -fdata-sections -Wall -fstack-usage -fcyclomatic-complexity -MMD -MP -MF"Core/Src/main.d" -MT"Core/Src/main.o" --specs=nano.specs -mfloat-abi=soft -mthumb -o "Core/Src/main.o"
../Core/Src/main.c: In function 'main':
../Core/Src/main.c:93:3: warning: implicit declaration of function 'initSeg' [-Wimplicit-function-declaration]
   93 |   initSeg();
      |   ^~~~~~~
../Core/Src/main.c:101:3: error: 'LED_ON_1_SET' undeclared (first use in this function)
  101 |   LED_ON_1_SET;
      |   ^~~~~~~~~~~~
../Core/Src/main.c:101:3: note: each undeclared identifier is reported only once for each function it appears in
../Core/Src/main.c:102:3: error: 'LED_ON_2_SET' undeclared (first use in this function)
  102 |   LED_ON_2_SET;
      |   ^~~~~~~~~~~~
../Core/Src/main.c:103:3: error: 'LED_ON_3_SET' undeclared (first use in this function)
  103 |   LED_ON_3_SET;
      |   ^~~~~~~~~~~~
../Core/Src/main.c:104:3: error: 'LED_ON_4_SET' undeclared (first use in this function)
  104 |   LED_ON_4_SET;
      |   ^~~~~~~~~~~~
../Core/Src/main.c:117:19: warning: implicit declaration of function 'segchar' [-Wimplicit-function-declaration]
  117 |                   segchar(i);
      |                   ^~~~~~~
make: *** [Core/Src/subdir.mk:37: Core/Src/main.o] Error 1
"make -j4 all" terminated with exit code 2. Build might be incomplete.
21:00:27 **** Incremental Build of configuration Debug for project Dinamic_IND ****
make -j4 all 
arm-none-eabi-gcc "../Core/Src/main.c" -mcpu=cortex-m3 -std=gnu11 -g3 -DDEBUG -DUSE_HAL_DRIVER -DSTM32F103x6 -c -I../Core/Inc -I../Drivers/STM32F1xx_HAL_Driver/Inc/Legacy -I../Drivers/STM32F1xx_HAL_Driver/Inc -I../Drivers/CMSIS/Device/ST/STM32F1xx/Include -I../Drivers/CMSIS/Include -O0 -ffunction-sections -fdata-sections -Wall -fstack-usage -fcyclomatic-complexity -MMD -MP -MF"Core/Src/main.d" -MT"Core/Src/main.o" --specs=nano.specs -mfloat-abi=soft -mthumb -o "Core/Src/main.o"
arm-none-eabi-gcc "../Core/Src/stm32f1xx_it.c" -mcpu=cortex-m3 -std=gnu11 -g3 -DDEBUG -DUSE_HAL_DRIVER -DSTM32F103x6 -c -I../Core/Inc -I../Drivers/STM32F1xx_HAL_Driver/Inc/Legacy -I../Drivers/STM32F1xx_HAL_Driver/Inc -I../Drivers/CMSIS/Device/ST/STM32F1xx/Include -I../Drivers/CMSIS/Include -O0 -ffunction-sections -fdata-sections -Wall -fstack-usage -fcyclomatic-complexity -MMD -MP -MF"Core/Src/stm32f1xx_it.d" -MT"Core/Src/stm32f1xx_it.o" --specs=nano.specs -mfloat-abi=soft -mthumb -o "Core/Src/stm32f1xx_it.o"
../Core/Src/main.c: In function 'main':
../Core/Src/main.c:93:3: warning: implicit declaration of function 'initSeg' [-Wimplicit-function-declaration]
   93 |   initSeg();
      |   ^~~~~~~
../Core/Src/main.c:112:19: warning: implicit declaration of function 'segchar' [-Wimplicit-function-declaration]
  112 |                   segchar(i);
      |                   ^~~~~~~
arm-none-eabi-g++ -o "Dinamic_IND.elf" @"objects.list"   -mcpu=cortex-m3 -T"E:\Projects\Micros\Micros\STM32\12_Dinamic_IND\Dinamic_IND\STM32F103C6TX_FLASH.ld" --specs=nosys.specs -Wl,-Map="Dinamic_IND.map" -Wl,--gc-sections -static --specs=nano.specs -mfloat-abi=soft -mthumb -Wl,--start-group -lc -lm -lstdc++ -lsupc++ -Wl,--end-group
Finished building target: Dinamic_IND.elf
 
arm-none-eabi-size  Dinamic_IND.elf 
arm-none-eabi-objdump -h -S Dinamic_IND.elf  > "Dinamic_IND.list"
   text	   data	    bss	    dec	    hex	filename
   9988	     12	   1652	  11652	   2d84	Dinamic_IND.elf
arm-none-eabi-objcopy  -O ihex Dinamic_IND.elf  "Dinamic_IND.hex"
Finished building: default.size.stdout
 
Finished building: Dinamic_IND.hex
Finished building: Dinamic_IND.list
 
 
21:02:45 **** Incremental Build of configuration Debug for project Dinamic_IND ****
make -j4 all 
arm-none-eabi-gcc "../Core/Src/main.c" -mcpu=cortex-m3 -std=gnu11 -g3 -DDEBUG -DUSE_HAL_DRIVER -DSTM32F103x6 -c -I../Core/Inc -I../Drivers/STM32F1xx_HAL_Driver/Inc/Legacy -I../Drivers/STM32F1xx_HAL_Driver/Inc -I../Drivers/CMSIS/Device/ST/STM32F1xx/Include -I../Drivers/CMSIS/Include -O0 -ffunction-sections -fdata-sections -Wall -fstack-usage -fcyclomatic-complexity -MMD -MP -MF"Core/Src/main.d" -MT"Core/Src/main.o" --specs=nano.specs -mfloat-abi=soft -mthumb -o "Core/Src/main.o"
../Core/Src/main.c: In function 'main':
../Core/Src/main.c:93:3: warning: implicit declaration of function 'initSeg' [-Wimplicit-function-declaration]
   93 |   initSeg();
      |   ^~~~~~~
../Core/Src/main.c:113:19: warning: implicit declaration of function 'segchar' [-Wimplicit-function-declaration]
  113 |                   segchar(i);
      |                   ^~~~~~~
arm-none-eabi-g++ -o "Dinamic_IND.elf" @"objects.list"   -mcpu=cortex-m3 -T"E:\Projects\Micros\Micros\STM32\12_Dinamic_IND\Dinamic_IND\STM32F103C6TX_FLASH.ld" --specs=nosys.specs -Wl,-Map="Dinamic_IND.map" -Wl,--gc-sections -static --specs=nano.specs -mfloat-abi=soft -mthumb -Wl,--start-group -lc -lm -lstdc++ -lsupc++ -Wl,--end-group
Finished building target: Dinamic_IND.elf
 
arm-none-eabi-size  Dinamic_IND.elf 
arm-none-eabi-objdump -h -S Dinamic_IND.elf  > "Dinamic_IND.list"
   text	   data	    bss	    dec	    hex	filename
   9732	     12	   1652	  11396	   2c84	Dinamic_IND.elf
arm-none-eabi-objcopy  -O ihex Dinamic_IND.elf  "Dinamic_IND.hex"
Finished building: default.size.stdout
 
Finished building: Dinamic_IND.hex
Finished building: Dinamic_IND.list
 
 
21:02:58 **** Incremental Build of configuration Debug for project Dinamic_IND ****
make -j4 all 
arm-none-eabi-size  Dinamic_IND.elf 
   text	   data	    bss	    dec	    hex	filename
   9732	     12	   1652	  11396	   2c84	Dinamic_IND.elf
Finished building: default.size.stdout
 
21:12:20 **** Incremental Build of configuration Debug for project Dinamic_IND ****
make -j4 all 
arm-none-eabi-gcc "../Core/Src/main.c" -mcpu=cortex-m3 -std=gnu11 -g3 -DDEBUG -DUSE_HAL_DRIVER -DSTM32F103x6 -c -I../Core/Inc -I../Drivers/STM32F1xx_HAL_Driver/Inc/Legacy -I../Drivers/STM32F1xx_HAL_Driver/Inc -I../Drivers/CMSIS/Device/ST/STM32F1xx/Include -I../Drivers/CMSIS/Include -O0 -ffunction-sections -fdata-sections -Wall -fstack-usage -fcyclomatic-complexity -MMD -MP -MF"Core/Src/main.d" -MT"Core/Src/main.o" --specs=nano.specs -mfloat-abi=soft -mthumb -o "Core/Src/main.o"
arm-none-eabi-gcc "../Core/Src/stm32f1xx_it.c" -mcpu=cortex-m3 -std=gnu11 -g3 -DDEBUG -DUSE_HAL_DRIVER -DSTM32F103x6 -c -I../Core/Inc -I../Drivers/STM32F1xx_HAL_Driver/Inc/Legacy -I../Drivers/STM32F1xx_HAL_Driver/Inc -I../Drivers/CMSIS/Device/ST/STM32F1xx/Include -I../Drivers/CMSIS/Include -O0 -ffunction-sections -fdata-sections -Wall -fstack-usage -fcyclomatic-complexity -MMD -MP -MF"Core/Src/stm32f1xx_it.d" -MT"Core/Src/stm32f1xx_it.o" --specs=nano.specs -mfloat-abi=soft -mthumb -o "Core/Src/stm32f1xx_it.o"
../Core/Src/main.c: In function 'main':
../Core/Src/main.c:93:3: warning: implicit declaration of function 'initSeg' [-Wimplicit-function-declaration]
   93 |   initSeg();
      |   ^~~~~~~
../Core/Src/main.c:113:19: warning: implicit declaration of function 'ledprint' [-Wimplicit-function-declaration]
  113 |                   ledprint(i);
      |                   ^~~~~~~~
arm-none-eabi-g++ -o "Dinamic_IND.elf" @"objects.list"   -mcpu=cortex-m3 -T"E:\Projects\Micros\Micros\STM32\12_Dinamic_IND\Dinamic_IND\STM32F103C6TX_FLASH.ld" --specs=nosys.specs -Wl,-Map="Dinamic_IND.map" -Wl,--gc-sections -static --specs=nano.specs -mfloat-abi=soft -mthumb -Wl,--start-group -lc -lm -lstdc++ -lsupc++ -Wl,--end-group
Finished building target: Dinamic_IND.elf
 
arm-none-eabi-size  Dinamic_IND.elf 
arm-none-eabi-objdump -h -S Dinamic_IND.elf  > "Dinamic_IND.list"
arm-none-eabi-objcopy  -O ihex Dinamic_IND.elf  "Dinamic_IND.hex"
   text	   data	    bss	    dec	    hex	filename
  10044	     12	   1652	  11708	   2dbc	Dinamic_IND.elf
Finished building: default.size.stdout
 
Finished building: Dinamic_IND.hex
Finished building: Dinamic_IND.list
 
 
21:15:10 **** Incremental Build of configuration Debug for project Dinamic_IND ****
make -j4 all 
arm-none-eabi-gcc "../Core/Src/main.c" -mcpu=cortex-m3 -std=gnu11 -g3 -DDEBUG -DUSE_HAL_DRIVER -DSTM32F103x6 -c -I../Core/Inc -I../Drivers/STM32F1xx_HAL_Driver/Inc/Legacy -I../Drivers/STM32F1xx_HAL_Driver/Inc -I../Drivers/CMSIS/Device/ST/STM32F1xx/Include -I../Drivers/CMSIS/Include -O0 -ffunction-sections -fdata-sections -Wall -fstack-usage -fcyclomatic-complexity -MMD -MP -MF"Core/Src/main.d" -MT"Core/Src/main.o" --specs=nano.specs -mfloat-abi=soft -mthumb -o "Core/Src/main.o"
../Core/Src/main.c: In function 'main':
../Core/Src/main.c:93:3: warning: implicit declaration of function 'initSeg' [-Wimplicit-function-declaration]
   93 |   initSeg();
      |   ^~~~~~~
../Core/Src/main.c:113:19: warning: implicit declaration of function 'ledprint' [-Wimplicit-function-declaration]
  113 |                   ledprint(i);
      |                   ^~~~~~~~
arm-none-eabi-g++ -o "Dinamic_IND.elf" @"objects.list"   -mcpu=cortex-m3 -T"E:\Projects\Micros\Micros\STM32\12_Dinamic_IND\Dinamic_IND\STM32F103C6TX_FLASH.ld" --specs=nosys.specs -Wl,-Map="Dinamic_IND.map" -Wl,--gc-sections -static --specs=nano.specs -mfloat-abi=soft -mthumb -Wl,--start-group -lc -lm -lstdc++ -lsupc++ -Wl,--end-group
Finished building target: Dinamic_IND.elf
 
arm-none-eabi-size  Dinamic_IND.elf 
arm-none-eabi-objdump -h -S Dinamic_IND.elf  > "Dinamic_IND.list"
   text	   data	    bss	    dec	    hex	filename
  10124	     12	   1652	  11788	   2e0c	Dinamic_IND.elf
arm-none-eabi-objcopy  -O ihex Dinamic_IND.elf  "Dinamic_IND.hex"
Finished building: default.size.stdout
 
Finished building: Dinamic_IND.list
Finished building: Dinamic_IND.hex
 
 
21:20:44 **** Incremental Build of configuration Debug for project Dinamic_IND ****
make -j4 all 
arm-none-eabi-gcc "../Core/Src/main.c" -mcpu=cortex-m3 -std=gnu11 -g3 -DDEBUG -DUSE_HAL_DRIVER -DSTM32F103x6 -c -I../Core/Inc -I../Drivers/STM32F1xx_HAL_Driver/Inc/Legacy -I../Drivers/STM32F1xx_HAL_Driver/Inc -I../Drivers/CMSIS/Device/ST/STM32F1xx/Include -I../Drivers/CMSIS/Include -O0 -ffunction-sections -fdata-sections -Wall -fstack-usage -fcyclomatic-complexity -MMD -MP -MF"Core/Src/main.d" -MT"Core/Src/main.o" --specs=nano.specs -mfloat-abi=soft -mthumb -o "Core/Src/main.o"
../Core/Src/main.c: In function 'main':
../Core/Src/main.c:93:3: warning: implicit declaration of function 'initSeg' [-Wimplicit-function-declaration]
   93 |   initSeg();
      |   ^~~~~~~
../Core/Src/main.c:113:19: warning: implicit declaration of function 'ledprint' [-Wimplicit-function-declaration]
  113 |                   ledprint(i);
      |                   ^~~~~~~~
arm-none-eabi-g++ -o "Dinamic_IND.elf" @"objects.list"   -mcpu=cortex-m3 -T"E:\Projects\Micros\Micros\STM32\12_Dinamic_IND\Dinamic_IND\STM32F103C6TX_FLASH.ld" --specs=nosys.specs -Wl,-Map="Dinamic_IND.map" -Wl,--gc-sections -static --specs=nano.specs -mfloat-abi=soft -mthumb -Wl,--start-group -lc -lm -lstdc++ -lsupc++ -Wl,--end-group
Finished building target: Dinamic_IND.elf
 
arm-none-eabi-size  Dinamic_IND.elf 
arm-none-eabi-objdump -h -S Dinamic_IND.elf  > "Dinamic_IND.list"
arm-none-eabi-objcopy  -O ihex Dinamic_IND.elf  "Dinamic_IND.hex"
   text	   data	    bss	    dec	    hex	filename
  10128	     12	   1652	  11792	   2e10	Dinamic_IND.elf
Finished building: default.size.stdout
 
Finished building: Dinamic_IND.hex
Finished building: Dinamic_IND.list
 
 
21:21:06 **** Incremental Build of configuration Debug for project Dinamic_IND ****
make -j4 all 
arm-none-eabi-size  Dinamic_IND.elf 
   text	   data	    bss	    dec	    hex	filename
  10128	     12	   1652	  11792	   2e10	Dinamic_IND.elf
Finished building: default.size.stdout
 
21:21:16 **** Incremental Build of configuration Debug for project Dinamic_IND ****
make -j4 all 
arm-none-eabi-size  Dinamic_IND.elf 
   text	   data	    bss	    dec	    hex	filename
  10128	     12	   1652	  11792	   2e10	Dinamic_IND.elf
Finished building: default.size.stdout
 
21:21:39 **** Incremental Build of configuration Debug for project Dinamic_IND ****
make -j4 all 
arm-none-eabi-size  Dinamic_IND.elf 
   text	   data	    bss	    dec	    hex	filename
  10128	     12	   1652	  11792	   2e10	Dinamic_IND.elf
Finished building: default.size.stdout
 
21:36:33 **** Incremental Build of configuration Debug for project Dinamic_IND ****
make -j4 all 
arm-none-eabi-gcc "../Core/Src/led.c" -mcpu=cortex-m3 -std=gnu11 -g3 -DDEBUG -DUSE_HAL_DRIVER -DSTM32F103x6 -c -I../Core/Inc -I../Drivers/STM32F1xx_HAL_Driver/Inc/Legacy -I../Drivers/STM32F1xx_HAL_Driver/Inc -I../Drivers/CMSIS/Device/ST/STM32F1xx/Include -I../Drivers/CMSIS/Include -O0 -ffunction-sections -fdata-sections -Wall -fstack-usage -fcyclomatic-complexity -MMD -MP -MF"Core/Src/led.d" -MT"Core/Src/led.o" --specs=nano.specs -mfloat-abi=soft -mthumb -o "Core/Src/led.o"
arm-none-eabi-gcc "../Core/Src/main.c" -mcpu=cortex-m3 -std=gnu11 -g3 -DDEBUG -DUSE_HAL_DRIVER -DSTM32F103x6 -c -I../Core/Inc -I../Drivers/STM32F1xx_HAL_Driver/Inc/Legacy -I../Drivers/STM32F1xx_HAL_Driver/Inc -I../Drivers/CMSIS/Device/ST/STM32F1xx/Include -I../Drivers/CMSIS/Include -O0 -ffunction-sections -fdata-sections -Wall -fstack-usage -fcyclomatic-complexity -MMD -MP -MF"Core/Src/main.d" -MT"Core/Src/main.o" --specs=nano.specs -mfloat-abi=soft -mthumb -o "Core/Src/main.o"
arm-none-eabi-gcc "../Core/Src/stm32f1xx_it.c" -mcpu=cortex-m3 -std=gnu11 -g3 -DDEBUG -DUSE_HAL_DRIVER -DSTM32F103x6 -c -I../Core/Inc -I../Drivers/STM32F1xx_HAL_Driver/Inc/Legacy -I../Drivers/STM32F1xx_HAL_Driver/Inc -I../Drivers/CMSIS/Device/ST/STM32F1xx/Include -I../Drivers/CMSIS/Include -O0 -ffunction-sections -fdata-sections -Wall -fstack-usage -fcyclomatic-complexity -MMD -MP -MF"Core/Src/stm32f1xx_it.d" -MT"Core/Src/stm32f1xx_it.o" --specs=nano.specs -mfloat-abi=soft -mthumb -o "Core/Src/stm32f1xx_it.o"
../Core/Src/main.c: In function 'main':
../Core/Src/main.c:93:3: warning: implicit declaration of function 'initSeg' [-Wimplicit-function-declaration]
   93 |   initSeg();
      |   ^~~~~~~
../Core/Src/main.c:113:11: warning: implicit declaration of function 'ledprint' [-Wimplicit-function-declaration]
  113 |           ledprint(1234);
      |           ^~~~~~~~
../Core/Src/main.c:109:11: warning: unused variable 'i' [-Wunused-variable]
  109 |   uint8_t i=0;
      |           ^
../Core/Src/main.c: In function 'HAL_TIM_PeriodElapsedCallback':
../Core/Src/main.c:123:20: error: 'i' undeclared (first use in this function)
  123 |                 if(i >= 9999){
      |                    ^
../Core/Src/main.c:123:20: note: each undeclared identifier is reported only once for each function it appears in
make: *** [Core/Src/subdir.mk:37: Core/Src/main.o] Error 1
make: *** Waiting for unfinished jobs....
"make -j4 all" terminated with exit code 2. Build might be incomplete.
21:37:47 **** Incremental Build of configuration Debug for project Dinamic_IND ****
make -j4 all 
arm-none-eabi-gcc "../Core/Src/main.c" -mcpu=cortex-m3 -std=gnu11 -g3 -DDEBUG -DUSE_HAL_DRIVER -DSTM32F103x6 -c -I../Core/Inc -I../Drivers/STM32F1xx_HAL_Driver/Inc/Legacy -I../Drivers/STM32F1xx_HAL_Driver/Inc -I../Drivers/CMSIS/Device/ST/STM32F1xx/Include -I../Drivers/CMSIS/Include -O0 -ffunction-sections -fdata-sections -Wall -fstack-usage -fcyclomatic-complexity -MMD -MP -MF"Core/Src/main.d" -MT"Core/Src/main.o" --specs=nano.specs -mfloat-abi=soft -mthumb -o "Core/Src/main.o"
../Core/Src/main.c: In function 'main':
../Core/Src/main.c:83:3: warning: implicit declaration of function 'initSeg' [-Wimplicit-function-declaration]
   83 |   initSeg();
      |   ^~~~~~~
../Core/Src/main.c:95:11: warning: implicit declaration of function 'ledprint' [-Wimplicit-function-declaration]
   95 |           ledprint(1234);
      |           ^~~~~~~~
arm-none-eabi-g++ -o "Dinamic_IND.elf" @"objects.list"   -mcpu=cortex-m3 -T"E:\Projects\Micros\Micros\STM32\12_Dinamic_IND\Dinamic_IND\STM32F103C6TX_FLASH.ld" --specs=nosys.specs -Wl,-Map="Dinamic_IND.map" -Wl,--gc-sections -static --specs=nano.specs -mfloat-abi=soft -mthumb -Wl,--start-group -lc -lm -lstdc++ -lsupc++ -Wl,--end-group
Finished building target: Dinamic_IND.elf
 
arm-none-eabi-size  Dinamic_IND.elf 
arm-none-eabi-objdump -h -S Dinamic_IND.elf  > "Dinamic_IND.list"
   text	   data	    bss	    dec	    hex	filename
  10076	     12	   1652	  11740	   2ddc	Dinamic_IND.elf
arm-none-eabi-objcopy  -O ihex Dinamic_IND.elf  "Dinamic_IND.hex"
Finished building: default.size.stdout
 
Finished building: Dinamic_IND.list
Finished building: Dinamic_IND.hex
 
 
21:39:25 **** Incremental Build of configuration Debug for project Dinamic_IND ****
make -j4 all 
arm-none-eabi-gcc "../Core/Src/led.c" -mcpu=cortex-m3 -std=gnu11 -g3 -DDEBUG -DUSE_HAL_DRIVER -DSTM32F103x6 -c -I../Core/Inc -I../Drivers/STM32F1xx_HAL_Driver/Inc/Legacy -I../Drivers/STM32F1xx_HAL_Driver/Inc -I../Drivers/CMSIS/Device/ST/STM32F1xx/Include -I../Drivers/CMSIS/Include -O0 -ffunction-sections -fdata-sections -Wall -fstack-usage -fcyclomatic-complexity -MMD -MP -MF"Core/Src/led.d" -MT"Core/Src/led.o" --specs=nano.specs -mfloat-abi=soft -mthumb -o "Core/Src/led.o"
arm-none-eabi-g++ -o "Dinamic_IND.elf" @"objects.list"   -mcpu=cortex-m3 -T"E:\Projects\Micros\Micros\STM32\12_Dinamic_IND\Dinamic_IND\STM32F103C6TX_FLASH.ld" --specs=nosys.specs -Wl,-Map="Dinamic_IND.map" -Wl,--gc-sections -static --specs=nano.specs -mfloat-abi=soft -mthumb -Wl,--start-group -lc -lm -lstdc++ -lsupc++ -Wl,--end-group
Finished building target: Dinamic_IND.elf
 
arm-none-eabi-size  Dinamic_IND.elf 
arm-none-eabi-objdump -h -S Dinamic_IND.elf  > "Dinamic_IND.list"
   text	   data	    bss	    dec	    hex	filename
   9980	     12	   1652	  11644	   2d7c	Dinamic_IND.elf
arm-none-eabi-objcopy  -O ihex Dinamic_IND.elf  "Dinamic_IND.hex"
Finished building: default.size.stdout
 
Finished building: Dinamic_IND.hex
Finished building: Dinamic_IND.list
 
 
21:46:47 **** Incremental Build of configuration Debug for project Dinamic_IND ****
make -j4 all 
arm-none-eabi-gcc "../Core/Src/main.c" -mcpu=cortex-m3 -std=gnu11 -g3 -DDEBUG -DUSE_HAL_DRIVER -DSTM32F103x6 -c -I../Core/Inc -I../Drivers/STM32F1xx_HAL_Driver/Inc/Legacy -I../Drivers/STM32F1xx_HAL_Driver/Inc -I../Drivers/CMSIS/Device/ST/STM32F1xx/Include -I../Drivers/CMSIS/Include -O0 -ffunction-sections -fdata-sections -Wall -fstack-usage -fcyclomatic-complexity -MMD -MP -MF"Core/Src/main.d" -MT"Core/Src/main.o" --specs=nano.specs -mfloat-abi=soft -mthumb -o "Core/Src/main.o"
../Core/Src/main.c: In function 'main':
../Core/Src/main.c:83:3: warning: implicit declaration of function 'initSeg' [-Wimplicit-function-declaration]
   83 |   initSeg();
      |   ^~~~~~~
../Core/Src/main.c:95:11: warning: implicit declaration of function 'ledprint' [-Wimplicit-function-declaration]
   95 |           ledprint(i);
      |           ^~~~~~~~
arm-none-eabi-g++ -o "Dinamic_IND.elf" @"objects.list"   -mcpu=cortex-m3 -T"E:\Projects\Micros\Micros\STM32\12_Dinamic_IND\Dinamic_IND\STM32F103C6TX_FLASH.ld" --specs=nosys.specs -Wl,-Map="Dinamic_IND.map" -Wl,--gc-sections -static --specs=nano.specs -mfloat-abi=soft -mthumb -Wl,--start-group -lc -lm -lstdc++ -lsupc++ -Wl,--end-group
Finished building target: Dinamic_IND.elf
 
arm-none-eabi-size  Dinamic_IND.elf 
arm-none-eabi-objdump -h -S Dinamic_IND.elf  > "Dinamic_IND.list"
   text	   data	    bss	    dec	    hex	filename
   9980	     12	   1652	  11644	   2d7c	Dinamic_IND.elf
arm-none-eabi-objcopy  -O ihex Dinamic_IND.elf  "Dinamic_IND.hex"
Finished building: default.size.stdout
 
Finished building: Dinamic_IND.hex
Finished building: Dinamic_IND.list
 
 
21:54:48 **** Incremental Build of configuration Debug for project Dinamic_IND ****
make -j4 all 
arm-none-eabi-gcc "../Core/Src/main.c" -mcpu=cortex-m3 -std=gnu11 -g3 -DDEBUG -DUSE_HAL_DRIVER -DSTM32F103x6 -c -I../Core/Inc -I../Drivers/STM32F1xx_HAL_Driver/Inc/Legacy -I../Drivers/STM32F1xx_HAL_Driver/Inc -I../Drivers/CMSIS/Device/ST/STM32F1xx/Include -I../Drivers/CMSIS/Include -O0 -ffunction-sections -fdata-sections -Wall -fstack-usage -fcyclomatic-complexity -MMD -MP -MF"Core/Src/main.d" -MT"Core/Src/main.o" --specs=nano.specs -mfloat-abi=soft -mthumb -o "Core/Src/main.o"
../Core/Src/main.c: In function 'main':
../Core/Src/main.c:83:3: warning: implicit declaration of function 'initSeg' [-Wimplicit-function-declaration]
   83 |   initSeg();
      |   ^~~~~~~
../Core/Src/main.c:95:11: warning: implicit declaration of function 'ledprint' [-Wimplicit-function-declaration]
   95 |           ledprint(i);
      |           ^~~~~~~~
arm-none-eabi-g++ -o "Dinamic_IND.elf" @"objects.list"   -mcpu=cortex-m3 -T"E:\Projects\Micros\Micros\STM32\12_Dinamic_IND\Dinamic_IND\STM32F103C6TX_FLASH.ld" --specs=nosys.specs -Wl,-Map="Dinamic_IND.map" -Wl,--gc-sections -static --specs=nano.specs -mfloat-abi=soft -mthumb -Wl,--start-group -lc -lm -lstdc++ -lsupc++ -Wl,--end-group
Finished building target: Dinamic_IND.elf
 
arm-none-eabi-size  Dinamic_IND.elf 
arm-none-eabi-objdump -h -S Dinamic_IND.elf  > "Dinamic_IND.list"
   text	   data	    bss	    dec	    hex	filename
   9984	     12	   1652	  11648	   2d80	Dinamic_IND.elf
arm-none-eabi-objcopy  -O ihex Dinamic_IND.elf  "Dinamic_IND.hex"
Finished building: default.size.stdout
 
Finished building: Dinamic_IND.hex
Finished building: Dinamic_IND.list
 
 
22:01:50 **** Incremental Build of configuration Debug for project Dinamic_IND ****
make -j4 all 
arm-none-eabi-gcc "../Core/Src/main.c" -mcpu=cortex-m3 -std=gnu11 -g3 -DDEBUG -DUSE_HAL_DRIVER -DSTM32F103x6 -c -I../Core/Inc -I../Drivers/STM32F1xx_HAL_Driver/Inc/Legacy -I../Drivers/STM32F1xx_HAL_Driver/Inc -I../Drivers/CMSIS/Device/ST/STM32F1xx/Include -I../Drivers/CMSIS/Include -O0 -ffunction-sections -fdata-sections -Wall -fstack-usage -fcyclomatic-complexity -MMD -MP -MF"Core/Src/main.d" -MT"Core/Src/main.o" --specs=nano.specs -mfloat-abi=soft -mthumb -o "Core/Src/main.o"
arm-none-eabi-gcc "../Core/Src/stm32f1xx_it.c" -mcpu=cortex-m3 -std=gnu11 -g3 -DDEBUG -DUSE_HAL_DRIVER -DSTM32F103x6 -c -I../Core/Inc -I../Drivers/STM32F1xx_HAL_Driver/Inc/Legacy -I../Drivers/STM32F1xx_HAL_Driver/Inc -I../Drivers/CMSIS/Device/ST/STM32F1xx/Include -I../Drivers/CMSIS/Include -O0 -ffunction-sections -fdata-sections -Wall -fstack-usage -fcyclomatic-complexity -MMD -MP -MF"Core/Src/stm32f1xx_it.d" -MT"Core/Src/stm32f1xx_it.o" --specs=nano.specs -mfloat-abi=soft -mthumb -o "Core/Src/stm32f1xx_it.o"
../Core/Src/main.c: In function 'main':
../Core/Src/main.c:83:3: warning: implicit declaration of function 'initSeg' [-Wimplicit-function-declaration]
   83 |   initSeg();
      |   ^~~~~~~
../Core/Src/main.c:96:19: warning: implicit declaration of function 'ledprint' [-Wimplicit-function-declaration]
   96 |                   ledprint(i);
      |                   ^~~~~~~~
arm-none-eabi-g++ -o "Dinamic_IND.elf" @"objects.list"   -mcpu=cortex-m3 -T"E:\Projects\Micros\Micros\STM32\12_Dinamic_IND\Dinamic_IND\STM32F103C6TX_FLASH.ld" --specs=nosys.specs -Wl,-Map="Dinamic_IND.map" -Wl,--gc-sections -static --specs=nano.specs -mfloat-abi=soft -mthumb -Wl,--start-group -lc -lm -lstdc++ -lsupc++ -Wl,--end-group
Finished building target: Dinamic_IND.elf
 
arm-none-eabi-size  Dinamic_IND.elf 
arm-none-eabi-objdump -h -S Dinamic_IND.elf  > "Dinamic_IND.list"
arm-none-eabi-objcopy  -O ihex Dinamic_IND.elf  "Dinamic_IND.hex"
   text	   data	    bss	    dec	    hex	filename
  10276	     12	   1652	  11940	   2ea4	Dinamic_IND.elf
Finished building: default.size.stdout
 
Finished building: Dinamic_IND.hex
Finished building: Dinamic_IND.list
 
 
22:03:47 **** Incremental Build of configuration Debug for project Dinamic_IND ****
make -j4 all 
arm-none-eabi-gcc "../Core/Src/main.c" -mcpu=cortex-m3 -std=gnu11 -g3 -DDEBUG -DUSE_HAL_DRIVER -DSTM32F103x6 -c -I../Core/Inc -I../Drivers/STM32F1xx_HAL_Driver/Inc/Legacy -I../Drivers/STM32F1xx_HAL_Driver/Inc -I../Drivers/CMSIS/Device/ST/STM32F1xx/Include -I../Drivers/CMSIS/Include -O0 -ffunction-sections -fdata-sections -Wall -fstack-usage -fcyclomatic-complexity -MMD -MP -MF"Core/Src/main.d" -MT"Core/Src/main.o" --specs=nano.specs -mfloat-abi=soft -mthumb -o "Core/Src/main.o"
../Core/Src/main.c: In function 'main':
../Core/Src/main.c:83:3: warning: implicit declaration of function 'initSeg' [-Wimplicit-function-declaration]
   83 |   initSeg();
      |   ^~~~~~~
../Core/Src/main.c:96:19: warning: implicit declaration of function 'ledprint' [-Wimplicit-function-declaration]
   96 |                   ledprint(i);
      |                   ^~~~~~~~
arm-none-eabi-g++ -o "Dinamic_IND.elf" @"objects.list"   -mcpu=cortex-m3 -T"E:\Projects\Micros\Micros\STM32\12_Dinamic_IND\Dinamic_IND\STM32F103C6TX_FLASH.ld" --specs=nosys.specs -Wl,-Map="Dinamic_IND.map" -Wl,--gc-sections -static --specs=nano.specs -mfloat-abi=soft -mthumb -Wl,--start-group -lc -lm -lstdc++ -lsupc++ -Wl,--end-group
Finished building target: Dinamic_IND.elf
 
arm-none-eabi-size  Dinamic_IND.elf 
arm-none-eabi-objdump -h -S Dinamic_IND.elf  > "Dinamic_IND.list"
arm-none-eabi-objcopy  -O ihex Dinamic_IND.elf  "Dinamic_IND.hex"
   text	   data	    bss	    dec	    hex	filename
  10352	     12	   1652	  12016	   2ef0	Dinamic_IND.elf
Finished building: default.size.stdout
 
Finished building: Dinamic_IND.hex
Finished building: Dinamic_IND.list
 
 
22:07:55 **** Incremental Build of configuration Debug for project Dinamic_IND ****
make -j4 all 
arm-none-eabi-gcc "../Core/Src/main.c" -mcpu=cortex-m3 -std=gnu11 -g3 -DDEBUG -DUSE_HAL_DRIVER -DSTM32F103x6 -c -I../Core/Inc -I../Drivers/STM32F1xx_HAL_Driver/Inc/Legacy -I../Drivers/STM32F1xx_HAL_Driver/Inc -I../Drivers/CMSIS/Device/ST/STM32F1xx/Include -I../Drivers/CMSIS/Include -O0 -ffunction-sections -fdata-sections -Wall -fstack-usage -fcyclomatic-complexity -MMD -MP -MF"Core/Src/main.d" -MT"Core/Src/main.o" --specs=nano.specs -mfloat-abi=soft -mthumb -o "Core/Src/main.o"
../Core/Src/main.c: In function 'main':
../Core/Src/main.c:83:3: warning: implicit declaration of function 'initSeg' [-Wimplicit-function-declaration]
   83 |   initSeg();
      |   ^~~~~~~
../Core/Src/main.c:97:19: warning: implicit declaration of function 'ledprint' [-Wimplicit-function-declaration]
   97 |                   ledprint(i);
      |                   ^~~~~~~~
arm-none-eabi-g++ -o "Dinamic_IND.elf" @"objects.list"   -mcpu=cortex-m3 -T"E:\Projects\Micros\Micros\STM32\12_Dinamic_IND\Dinamic_IND\STM32F103C6TX_FLASH.ld" --specs=nosys.specs -Wl,-Map="Dinamic_IND.map" -Wl,--gc-sections -static --specs=nano.specs -mfloat-abi=soft -mthumb -Wl,--start-group -lc -lm -lstdc++ -lsupc++ -Wl,--end-group
Finished building target: Dinamic_IND.elf
 
arm-none-eabi-size  Dinamic_IND.elf 
arm-none-eabi-objdump -h -S Dinamic_IND.elf  > "Dinamic_IND.list"
   text	   data	    bss	    dec	    hex	filename
  10356	     12	   1652	  12020	   2ef4	Dinamic_IND.elf
arm-none-eabi-objcopy  -O ihex Dinamic_IND.elf  "Dinamic_IND.hex"
Finished building: default.size.stdout
 
Finished building: Dinamic_IND.hex
 
Finished building: Dinamic_IND.list
 
22:08:47 **** Incremental Build of configuration Debug for project Dinamic_IND ****
make -j4 all 
arm-none-eabi-size  Dinamic_IND.elf 
   text	   data	    bss	    dec	    hex	filename
  10356	     12	   1652	  12020	   2ef4	Dinamic_IND.elf
Finished building: default.size.stdout
 
22:09:39 **** Incremental Build of configuration Debug for project Dinamic_IND ****
make -j4 all 
arm-none-eabi-gcc "../Core/Src/main.c" -mcpu=cortex-m3 -std=gnu11 -g3 -DDEBUG -DUSE_HAL_DRIVER -DSTM32F103x6 -c -I../Core/Inc -I../Drivers/STM32F1xx_HAL_Driver/Inc/Legacy -I../Drivers/STM32F1xx_HAL_Driver/Inc -I../Drivers/CMSIS/Device/ST/STM32F1xx/Include -I../Drivers/CMSIS/Include -O0 -ffunction-sections -fdata-sections -Wall -fstack-usage -fcyclomatic-complexity -MMD -MP -MF"Core/Src/main.d" -MT"Core/Src/main.o" --specs=nano.specs -mfloat-abi=soft -mthumb -o "Core/Src/main.o"
../Core/Src/main.c: In function 'main':
../Core/Src/main.c:83:3: warning: implicit declaration of function 'initSeg' [-Wimplicit-function-declaration]
   83 |   initSeg();
      |   ^~~~~~~
../Core/Src/main.c:97:19: warning: implicit declaration of function 'ledprint' [-Wimplicit-function-declaration]
   97 |                   ledprint(i);
      |                   ^~~~~~~~
arm-none-eabi-g++ -o "Dinamic_IND.elf" @"objects.list"   -mcpu=cortex-m3 -T"E:\Projects\Micros\Micros\STM32\12_Dinamic_IND\Dinamic_IND\STM32F103C6TX_FLASH.ld" --specs=nosys.specs -Wl,-Map="Dinamic_IND.map" -Wl,--gc-sections -static --specs=nano.specs -mfloat-abi=soft -mthumb -Wl,--start-group -lc -lm -lstdc++ -lsupc++ -Wl,--end-group
Finished building target: Dinamic_IND.elf
 
arm-none-eabi-size  Dinamic_IND.elf 
arm-none-eabi-objdump -h -S Dinamic_IND.elf  > "Dinamic_IND.list"
   text	   data	    bss	    dec	    hex	filename
  10356	     12	   1652	  12020	   2ef4	Dinamic_IND.elf
arm-none-eabi-objcopy  -O ihex Dinamic_IND.elf  "Dinamic_IND.hex"
Finished building: default.size.stdout
 
Finished building: Dinamic_IND.list
Finished building: Dinamic_IND.hex
 
 
22:11:20 **** Incremental Build of configuration Debug for project Dinamic_IND ****
make -j4 all 
arm-none-eabi-gcc "../Core/Src/main.c" -mcpu=cortex-m3 -std=gnu11 -g3 -DDEBUG -DUSE_HAL_DRIVER -DSTM32F103x6 -c -I../Core/Inc -I../Drivers/STM32F1xx_HAL_Driver/Inc/Legacy -I../Drivers/STM32F1xx_HAL_Driver/Inc -I../Drivers/CMSIS/Device/ST/STM32F1xx/Include -I../Drivers/CMSIS/Include -O0 -ffunction-sections -fdata-sections -Wall -fstack-usage -fcyclomatic-complexity -MMD -MP -MF"Core/Src/main.d" -MT"Core/Src/main.o" --specs=nano.specs -mfloat-abi=soft -mthumb -o "Core/Src/main.o"
../Core/Src/main.c: In function 'main':
../Core/Src/main.c:83:3: warning: implicit declaration of function 'initSeg' [-Wimplicit-function-declaration]
   83 |   initSeg();
      |   ^~~~~~~
../Core/Src/main.c:97:19: warning: implicit declaration of function 'ledprint' [-Wimplicit-function-declaration]
   97 |                   ledprint(i);
      |                   ^~~~~~~~
arm-none-eabi-g++ -o "Dinamic_IND.elf" @"objects.list"   -mcpu=cortex-m3 -T"E:\Projects\Micros\Micros\STM32\12_Dinamic_IND\Dinamic_IND\STM32F103C6TX_FLASH.ld" --specs=nosys.specs -Wl,-Map="Dinamic_IND.map" -Wl,--gc-sections -static --specs=nano.specs -mfloat-abi=soft -mthumb -Wl,--start-group -lc -lm -lstdc++ -lsupc++ -Wl,--end-group
Finished building target: Dinamic_IND.elf
 
arm-none-eabi-size  Dinamic_IND.elf 
arm-none-eabi-objdump -h -S Dinamic_IND.elf  > "Dinamic_IND.list"
arm-none-eabi-objcopy  -O ihex Dinamic_IND.elf  "Dinamic_IND.hex"
   text	   data	    bss	    dec	    hex	filename
  10356	     12	   1652	  12020	   2ef4	Dinamic_IND.elf
Finished building: default.size.stdout
 
Finished building: Dinamic_IND.hex
Finished building: Dinamic_IND.list
 
 
22:16:40 **** Incremental Build of configuration Debug for project Dinamic_IND ****
make -j4 all 
arm-none-eabi-gcc "../Core/Src/led.c" -mcpu=cortex-m3 -std=gnu11 -g3 -DDEBUG -DUSE_HAL_DRIVER -DSTM32F103x6 -c -I../Core/Inc -I../Drivers/STM32F1xx_HAL_Driver/Inc/Legacy -I../Drivers/STM32F1xx_HAL_Driver/Inc -I../Drivers/CMSIS/Device/ST/STM32F1xx/Include -I../Drivers/CMSIS/Include -O0 -ffunction-sections -fdata-sections -Wall -fstack-usage -fcyclomatic-complexity -MMD -MP -MF"Core/Src/led.d" -MT"Core/Src/led.o" --specs=nano.specs -mfloat-abi=soft -mthumb -o "Core/Src/led.o"
arm-none-eabi-gcc "../Core/Src/main.c" -mcpu=cortex-m3 -std=gnu11 -g3 -DDEBUG -DUSE_HAL_DRIVER -DSTM32F103x6 -c -I../Core/Inc -I../Drivers/STM32F1xx_HAL_Driver/Inc/Legacy -I../Drivers/STM32F1xx_HAL_Driver/Inc -I../Drivers/CMSIS/Device/ST/STM32F1xx/Include -I../Drivers/CMSIS/Include -O0 -ffunction-sections -fdata-sections -Wall -fstack-usage -fcyclomatic-complexity -MMD -MP -MF"Core/Src/main.d" -MT"Core/Src/main.o" --specs=nano.specs -mfloat-abi=soft -mthumb -o "Core/Src/main.o"
arm-none-eabi-gcc "../Core/Src/stm32f1xx_it.c" -mcpu=cortex-m3 -std=gnu11 -g3 -DDEBUG -DUSE_HAL_DRIVER -DSTM32F103x6 -c -I../Core/Inc -I../Drivers/STM32F1xx_HAL_Driver/Inc/Legacy -I../Drivers/STM32F1xx_HAL_Driver/Inc -I../Drivers/CMSIS/Device/ST/STM32F1xx/Include -I../Drivers/CMSIS/Include -O0 -ffunction-sections -fdata-sections -Wall -fstack-usage -fcyclomatic-complexity -MMD -MP -MF"Core/Src/stm32f1xx_it.d" -MT"Core/Src/stm32f1xx_it.o" --specs=nano.specs -mfloat-abi=soft -mthumb -o "Core/Src/stm32f1xx_it.o"
../Core/Src/main.c: In function 'main':
../Core/Src/main.c:83:3: warning: implicit declaration of function 'initSeg' [-Wimplicit-function-declaration]
   83 |   initSeg();
      |   ^~~~~~~
../Core/Src/stm32f1xx_it.c: In function 'TIM2_IRQHandler':
../Core/Src/stm32f1xx_it.c:210:3: warning: "/*" within comment [-Wcomment]
  210 |   /*
      |    
../Core/Src/stm32f1xx_it.c:213:1: warning: "/*" within comment [-Wcomment]
  213 | /* USER CODE BEGIN 1 */
      |  
../Core/Src/main.c:96:11: warning: implicit declaration of function 'ledprint' [-Wimplicit-function-declaration]
   96 |           ledprint(1234);
      |           ^~~~~~~~
../Core/Src/main.c: In function 'HAL_TIM_PeriodElapsedCallback':
../Core/Src/stm32f1xx_it.c:175:3: error: expected declaration or statement at end of input
  175 |   HAL_TIM_IRQHandler(&htim2);
      |   ^~~~~~~~~~~~~~~~~~
../Core/Src/main.c:106:20: error: 'i' undeclared (first use in this function)
  106 |                 if(i >= 9999){
      |                    ^
../Core/Src/main.c:106:20: note: each undeclared identifier is reported only once for each function it appears in
make: *** [Core/Src/subdir.mk:37: Core/Src/stm32f1xx_it.o] Error 1
make: *** Waiting for unfinished jobs....
make: *** [Core/Src/subdir.mk:37: Core/Src/main.o] Error 1
"make -j4 all" terminated with exit code 2. Build might be incomplete.
22:17:50 **** Incremental Build of configuration Debug for project Dinamic_IND ****
make -j4 all 
arm-none-eabi-gcc "../Core/Src/main.c" -mcpu=cortex-m3 -std=gnu11 -g3 -DDEBUG -DUSE_HAL_DRIVER -DSTM32F103x6 -c -I../Core/Inc -I../Drivers/STM32F1xx_HAL_Driver/Inc/Legacy -I../Drivers/STM32F1xx_HAL_Driver/Inc -I../Drivers/CMSIS/Device/ST/STM32F1xx/Include -I../Drivers/CMSIS/Include -O0 -ffunction-sections -fdata-sections -Wall -fstack-usage -fcyclomatic-complexity -MMD -MP -MF"Core/Src/main.d" -MT"Core/Src/main.o" --specs=nano.specs -mfloat-abi=soft -mthumb -o "Core/Src/main.o"
arm-none-eabi-gcc "../Core/Src/stm32f1xx_it.c" -mcpu=cortex-m3 -std=gnu11 -g3 -DDEBUG -DUSE_HAL_DRIVER -DSTM32F103x6 -c -I../Core/Inc -I../Drivers/STM32F1xx_HAL_Driver/Inc/Legacy -I../Drivers/STM32F1xx_HAL_Driver/Inc -I../Drivers/CMSIS/Device/ST/STM32F1xx/Include -I../Drivers/CMSIS/Include -O0 -ffunction-sections -fdata-sections -Wall -fstack-usage -fcyclomatic-complexity -MMD -MP -MF"Core/Src/stm32f1xx_it.d" -MT"Core/Src/stm32f1xx_it.o" --specs=nano.specs -mfloat-abi=soft -mthumb -o "Core/Src/stm32f1xx_it.o"
../Core/Src/main.c: In function 'main':
../Core/Src/main.c:60:3: warning: implicit declaration of function 'initSeg' [-Wimplicit-function-declaration]
   60 |   initSeg();
      |   ^~~~~~~
../Core/Src/main.c:73:11: warning: implicit declaration of function 'ledprint' [-Wimplicit-function-declaration]
   73 |           ledprint(1234);
      |           ^~~~~~~~
../Core/Src/stm32f1xx_it.c: In function 'TIM2_IRQHandler':
../Core/Src/stm32f1xx_it.c:210:3: warning: "/*" within comment [-Wcomment]
  210 |   /*
      |    
../Core/Src/stm32f1xx_it.c:213:1: warning: "/*" within comment [-Wcomment]
  213 | /* USER CODE BEGIN 1 */
      |  
../Core/Src/stm32f1xx_it.c:175:3: error: expected declaration or statement at end of input
  175 |   HAL_TIM_IRQHandler(&htim2);
      |   ^~~~~~~~~~~~~~~~~~
make: *** [Core/Src/subdir.mk:37: Core/Src/stm32f1xx_it.o] Error 1
make: *** Waiting for unfinished jobs....
"make -j4 all" terminated with exit code 2. Build might be incomplete.
22:18:13 **** Incremental Build of configuration Debug for project Dinamic_IND ****
make -j4 all 
arm-none-eabi-gcc "../Core/Src/stm32f1xx_it.c" -mcpu=cortex-m3 -std=gnu11 -g3 -DDEBUG -DUSE_HAL_DRIVER -DSTM32F103x6 -c -I../Core/Inc -I../Drivers/STM32F1xx_HAL_Driver/Inc/Legacy -I../Drivers/STM32F1xx_HAL_Driver/Inc -I../Drivers/CMSIS/Device/ST/STM32F1xx/Include -I../Drivers/CMSIS/Include -O0 -ffunction-sections -fdata-sections -Wall -fstack-usage -fcyclomatic-complexity -MMD -MP -MF"Core/Src/stm32f1xx_it.d" -MT"Core/Src/stm32f1xx_it.o" --specs=nano.specs -mfloat-abi=soft -mthumb -o "Core/Src/stm32f1xx_it.o"
arm-none-eabi-g++ -o "Dinamic_IND.elf" @"objects.list"   -mcpu=cortex-m3 -T"E:\Projects\Micros\Micros\STM32\12_Dinamic_IND\Dinamic_IND\STM32F103C6TX_FLASH.ld" --specs=nosys.specs -Wl,-Map="Dinamic_IND.map" -Wl,--gc-sections -static --specs=nano.specs -mfloat-abi=soft -mthumb -Wl,--start-group -lc -lm -lstdc++ -lsupc++ -Wl,--end-group
Finished building target: Dinamic_IND.elf
 
arm-none-eabi-size  Dinamic_IND.elf 
arm-none-eabi-objdump -h -S Dinamic_IND.elf  > "Dinamic_IND.list"
arm-none-eabi-objcopy  -O ihex Dinamic_IND.elf  "Dinamic_IND.hex"
   text	   data	    bss	    dec	    hex	filename
  10000	     12	   1652	  11664	   2d90	Dinamic_IND.elf
Finished building: default.size.stdout
 
Finished building: Dinamic_IND.hex
Finished building: Dinamic_IND.list
 
 
22:19:09 **** Incremental Build of configuration Debug for project Dinamic_IND ****
make -j4 all 
arm-none-eabi-gcc "../Core/Src/main.c" -mcpu=cortex-m3 -std=gnu11 -g3 -DDEBUG -DUSE_HAL_DRIVER -DSTM32F103x6 -c -I../Core/Inc -I../Drivers/STM32F1xx_HAL_Driver/Inc/Legacy -I../Drivers/STM32F1xx_HAL_Driver/Inc -I../Drivers/CMSIS/Device/ST/STM32F1xx/Include -I../Drivers/CMSIS/Include -O0 -ffunction-sections -fdata-sections -Wall -fstack-usage -fcyclomatic-complexity -MMD -MP -MF"Core/Src/main.d" -MT"Core/Src/main.o" --specs=nano.specs -mfloat-abi=soft -mthumb -o "Core/Src/main.o"
../Core/Src/main.c: In function 'main':
../Core/Src/main.c:42:3: warning: implicit declaration of function 'initSeg' [-Wimplicit-function-declaration]
   42 |   initSeg();
      |   ^~~~~~~
../Core/Src/main.c:55:11: warning: implicit declaration of function 'ledprint' [-Wimplicit-function-declaration]
   55 |           ledprint(1234);
      |           ^~~~~~~~
arm-none-eabi-g++ -o "Dinamic_IND.elf" @"objects.list"   -mcpu=cortex-m3 -T"E:\Projects\Micros\Micros\STM32\12_Dinamic_IND\Dinamic_IND\STM32F103C6TX_FLASH.ld" --specs=nosys.specs -Wl,-Map="Dinamic_IND.map" -Wl,--gc-sections -static --specs=nano.specs -mfloat-abi=soft -mthumb -Wl,--start-group -lc -lm -lstdc++ -lsupc++ -Wl,--end-group
Finished building target: Dinamic_IND.elf
 
arm-none-eabi-size  Dinamic_IND.elf 
arm-none-eabi-objdump -h -S Dinamic_IND.elf  > "Dinamic_IND.list"
arm-none-eabi-objcopy  -O ihex Dinamic_IND.elf  "Dinamic_IND.hex"
   text	   data	    bss	    dec	    hex	filename
  10000	     12	   1652	  11664	   2d90	Dinamic_IND.elf
Finished building: default.size.stdout
 
Finished building: Dinamic_IND.list
Finished building: Dinamic_IND.hex
 
 
22:21:36 **** Incremental Build of configuration Debug for project Dinamic_IND ****
make -j4 all 
arm-none-eabi-gcc "../Core/Src/main.c" -mcpu=cortex-m3 -std=gnu11 -g3 -DDEBUG -DUSE_HAL_DRIVER -DSTM32F103x6 -c -I../Core/Inc -I../Drivers/STM32F1xx_HAL_Driver/Inc/Legacy -I../Drivers/STM32F1xx_HAL_Driver/Inc -I../Drivers/CMSIS/Device/ST/STM32F1xx/Include -I../Drivers/CMSIS/Include -O0 -ffunction-sections -fdata-sections -Wall -fstack-usage -fcyclomatic-complexity -MMD -MP -MF"Core/Src/main.d" -MT"Core/Src/main.o" --specs=nano.specs -mfloat-abi=soft -mthumb -o "Core/Src/main.o"
../Core/Src/main.c: In function 'main':
../Core/Src/main.c:42:3: warning: implicit declaration of function 'initSeg' [-Wimplicit-function-declaration]
   42 |   initSeg();
      |   ^~~~~~~
../Core/Src/main.c:55:11: warning: implicit declaration of function 'ledprint' [-Wimplicit-function-declaration]
   55 |           ledprint(i);
      |           ^~~~~~~~
arm-none-eabi-g++ -o "Dinamic_IND.elf" @"objects.list"   -mcpu=cortex-m3 -T"E:\Projects\Micros\Micros\STM32\12_Dinamic_IND\Dinamic_IND\STM32F103C6TX_FLASH.ld" --specs=nosys.specs -Wl,-Map="Dinamic_IND.map" -Wl,--gc-sections -static --specs=nano.specs -mfloat-abi=soft -mthumb -Wl,--start-group -lc -lm -lstdc++ -lsupc++ -Wl,--end-group
Finished building target: Dinamic_IND.elf
 
arm-none-eabi-size  Dinamic_IND.elf 
arm-none-eabi-objdump -h -S Dinamic_IND.elf  > "Dinamic_IND.list"
arm-none-eabi-objcopy  -O ihex Dinamic_IND.elf  "Dinamic_IND.hex"
   text	   data	    bss	    dec	    hex	filename
  10004	     12	   1652	  11668	   2d94	Dinamic_IND.elf
Finished building: default.size.stdout
 
Finished building: Dinamic_IND.hex
Finished building: Dinamic_IND.list
 
 
22:24:46 **** Incremental Build of configuration Debug for project Dinamic_IND ****
make -j4 all 
arm-none-eabi-gcc "../Core/Src/main.c" -mcpu=cortex-m3 -std=gnu11 -g3 -DDEBUG -DUSE_HAL_DRIVER -DSTM32F103x6 -c -I../Core/Inc -I../Drivers/STM32F1xx_HAL_Driver/Inc/Legacy -I../Drivers/STM32F1xx_HAL_Driver/Inc -I../Drivers/CMSIS/Device/ST/STM32F1xx/Include -I../Drivers/CMSIS/Include -O0 -ffunction-sections -fdata-sections -Wall -fstack-usage -fcyclomatic-complexity -MMD -MP -MF"Core/Src/main.d" -MT"Core/Src/main.o" --specs=nano.specs -mfloat-abi=soft -mthumb -o "Core/Src/main.o"
arm-none-eabi-gcc "../Core/Src/stm32f1xx_it.c" -mcpu=cortex-m3 -std=gnu11 -g3 -DDEBUG -DUSE_HAL_DRIVER -DSTM32F103x6 -c -I../Core/Inc -I../Drivers/STM32F1xx_HAL_Driver/Inc/Legacy -I../Drivers/STM32F1xx_HAL_Driver/Inc -I../Drivers/CMSIS/Device/ST/STM32F1xx/Include -I../Drivers/CMSIS/Include -O0 -ffunction-sections -fdata-sections -Wall -fstack-usage -fcyclomatic-complexity -MMD -MP -MF"Core/Src/stm32f1xx_it.d" -MT"Core/Src/stm32f1xx_it.o" --specs=nano.specs -mfloat-abi=soft -mthumb -o "Core/Src/stm32f1xx_it.o"
../Core/Src/main.c: In function 'main':
../Core/Src/main.c:42:3: warning: implicit declaration of function 'initSeg' [-Wimplicit-function-declaration]
   42 |   initSeg();
      |   ^~~~~~~
../Core/Src/main.c:56:19: warning: implicit declaration of function 'ledprint' [-Wimplicit-function-declaration]
   56 |                   ledprint(i);
      |                   ^~~~~~~~
arm-none-eabi-g++ -o "Dinamic_IND.elf" @"objects.list"   -mcpu=cortex-m3 -T"E:\Projects\Micros\Micros\STM32\12_Dinamic_IND\Dinamic_IND\STM32F103C6TX_FLASH.ld" --specs=nosys.specs -Wl,-Map="Dinamic_IND.map" -Wl,--gc-sections -static --specs=nano.specs -mfloat-abi=soft -mthumb -Wl,--start-group -lc -lm -lstdc++ -lsupc++ -Wl,--end-group
Finished building target: Dinamic_IND.elf
 
arm-none-eabi-size  Dinamic_IND.elf 
arm-none-eabi-objdump -h -S Dinamic_IND.elf  > "Dinamic_IND.list"
arm-none-eabi-objcopy  -O ihex Dinamic_IND.elf  "Dinamic_IND.hex"
   text	   data	    bss	    dec	    hex	filename
  10284	     12	   1652	  11948	   2eac	Dinamic_IND.elf
Finished building: default.size.stdout
 
Finished building: Dinamic_IND.list
Finished building: Dinamic_IND.hex
 
 
22:29:41 **** Incremental Build of configuration Debug for project Dinamic_IND ****
make -j4 all 
arm-none-eabi-size  Dinamic_IND.elf 
   text	   data	    bss	    dec	    hex	filename
  10284	     12	   1652	  11948	   2eac	Dinamic_IND.elf
Finished building: default.size.stdout
 
22:30:20 **** Incremental Build of configuration Debug for project Dinamic_IND ****
make -j4 all 
arm-none-eabi-size  Dinamic_IND.elf 
   text	   data	    bss	    dec	    hex	filename
  10284	     12	   1652	  11948	   2eac	Dinamic_IND.elf
Finished building: default.size.stdout
 
22:31:56 **** Incremental Build of configuration Debug for project Dinamic_IND ****
make -j4 all 
arm-none-eabi-gcc "../Core/Src/main.c" -mcpu=cortex-m3 -std=gnu11 -g3 -DDEBUG -DUSE_HAL_DRIVER -DSTM32F103x6 -c -I../Core/Inc -I../Drivers/STM32F1xx_HAL_Driver/Inc/Legacy -I../Drivers/STM32F1xx_HAL_Driver/Inc -I../Drivers/CMSIS/Device/ST/STM32F1xx/Include -I../Drivers/CMSIS/Include -O0 -ffunction-sections -fdata-sections -Wall -fstack-usage -fcyclomatic-complexity -MMD -MP -MF"Core/Src/main.d" -MT"Core/Src/main.o" --specs=nano.specs -mfloat-abi=soft -mthumb -o "Core/Src/main.o"
../Core/Src/main.c: In function 'main':
../Core/Src/main.c:42:3: warning: implicit declaration of function 'initSeg' [-Wimplicit-function-declaration]
   42 |   initSeg();
      |   ^~~~~~~
../Core/Src/main.c:53:3: error: 'LED_ON_1_SET' undeclared (first use in this function)
   53 |   LED_ON_1_SET;
      |   ^~~~~~~~~~~~
../Core/Src/main.c:53:3: note: each undeclared identifier is reported only once for each function it appears in
../Core/Src/main.c:58:19: warning: implicit declaration of function 'ledprint' [-Wimplicit-function-declaration]
   58 |                   ledprint(i);
      |                   ^~~~~~~~
make: *** [Core/Src/subdir.mk:37: Core/Src/main.o] Error 1
"make -j4 all" terminated with exit code 2. Build might be incomplete.
22:33:08 **** Incremental Build of configuration Debug for project Dinamic_IND ****
make -j4 all 
arm-none-eabi-gcc "../Core/Src/main.c" -mcpu=cortex-m3 -std=gnu11 -g3 -DDEBUG -DUSE_HAL_DRIVER -DSTM32F103x6 -c -I../Core/Inc -I../Drivers/STM32F1xx_HAL_Driver/Inc/Legacy -I../Drivers/STM32F1xx_HAL_Driver/Inc -I../Drivers/CMSIS/Device/ST/STM32F1xx/Include -I../Drivers/CMSIS/Include -O0 -ffunction-sections -fdata-sections -Wall -fstack-usage -fcyclomatic-complexity -MMD -MP -MF"Core/Src/main.d" -MT"Core/Src/main.o" --specs=nano.specs -mfloat-abi=soft -mthumb -o "Core/Src/main.o"
../Core/Src/main.c: In function 'main':
../Core/Src/main.c:60:19: warning: implicit declaration of function 'ledprint' [-Wimplicit-function-declaration]
   60 |                   ledprint(i);
      |                   ^~~~~~~~
arm-none-eabi-g++ -o "Dinamic_IND.elf" @"objects.list"   -mcpu=cortex-m3 -T"E:\Projects\Micros\Micros\STM32\12_Dinamic_IND\Dinamic_IND\STM32F103C6TX_FLASH.ld" --specs=nosys.specs -Wl,-Map="Dinamic_IND.map" -Wl,--gc-sections -static --specs=nano.specs -mfloat-abi=soft -mthumb -Wl,--start-group -lc -lm -lstdc++ -lsupc++ -Wl,--end-group
Finished building target: Dinamic_IND.elf
 
arm-none-eabi-size  Dinamic_IND.elf 
arm-none-eabi-objdump -h -S Dinamic_IND.elf  > "Dinamic_IND.list"
   text	   data	    bss	    dec	    hex	filename
  10300	     12	   1652	  11964	   2ebc	Dinamic_IND.elf
arm-none-eabi-objcopy  -O ihex Dinamic_IND.elf  "Dinamic_IND.hex"
Finished building: default.size.stdout
 
Finished building: Dinamic_IND.hex
Finished building: Dinamic_IND.list
 
 
22:36:53 **** Incremental Build of configuration Debug for project Dinamic_IND ****
make -j4 all 
arm-none-eabi-gcc "../Core/Src/main.c" -mcpu=cortex-m3 -std=gnu11 -g3 -DDEBUG -DUSE_HAL_DRIVER -DSTM32F103x6 -c -I../Core/Inc -I../Drivers/STM32F1xx_HAL_Driver/Inc/Legacy -I../Drivers/STM32F1xx_HAL_Driver/Inc -I../Drivers/CMSIS/Device/ST/STM32F1xx/Include -I../Drivers/CMSIS/Include -O0 -ffunction-sections -fdata-sections -Wall -fstack-usage -fcyclomatic-complexity -MMD -MP -MF"Core/Src/main.d" -MT"Core/Src/main.o" --specs=nano.specs -mfloat-abi=soft -mthumb -o "Core/Src/main.o"
arm-none-eabi-g++ -o "Dinamic_IND.elf" @"objects.list"   -mcpu=cortex-m3 -T"E:\Projects\Micros\Micros\STM32\12_Dinamic_IND\Dinamic_IND\STM32F103C6TX_FLASH.ld" --specs=nosys.specs -Wl,-Map="Dinamic_IND.map" -Wl,--gc-sections -static --specs=nano.specs -mfloat-abi=soft -mthumb -Wl,--start-group -lc -lm -lstdc++ -lsupc++ -Wl,--end-group
Finished building target: Dinamic_IND.elf
 
arm-none-eabi-size  Dinamic_IND.elf 
arm-none-eabi-objdump -h -S Dinamic_IND.elf  > "Dinamic_IND.list"
   text	   data	    bss	    dec	    hex	filename
   9980	     12	   1652	  11644	   2d7c	Dinamic_IND.elf
arm-none-eabi-objcopy  -O ihex Dinamic_IND.elf  "Dinamic_IND.hex"
Finished building: default.size.stdout
 
Finished building: Dinamic_IND.list
Finished building: Dinamic_IND.hex
 
 
22:43:27 **** Incremental Build of configuration Debug for project Dinamic_IND ****
make -j4 all 
arm-none-eabi-gcc "../Core/Src/main.c" -mcpu=cortex-m3 -std=gnu11 -g3 -DDEBUG -DUSE_HAL_DRIVER -DSTM32F103x6 -c -I../Core/Inc -I../Drivers/STM32F1xx_HAL_Driver/Inc/Legacy -I../Drivers/STM32F1xx_HAL_Driver/Inc -I../Drivers/CMSIS/Device/ST/STM32F1xx/Include -I../Drivers/CMSIS/Include -O0 -ffunction-sections -fdata-sections -Wall -fstack-usage -fcyclomatic-complexity -MMD -MP -MF"Core/Src/main.d" -MT"Core/Src/main.o" --specs=nano.specs -mfloat-abi=soft -mthumb -o "Core/Src/main.o"
arm-none-eabi-g++ -o "Dinamic_IND.elf" @"objects.list"   -mcpu=cortex-m3 -T"E:\Projects\Micros\Micros\STM32\12_Dinamic_IND\Dinamic_IND\STM32F103C6TX_FLASH.ld" --specs=nosys.specs -Wl,-Map="Dinamic_IND.map" -Wl,--gc-sections -static --specs=nano.specs -mfloat-abi=soft -mthumb -Wl,--start-group -lc -lm -lstdc++ -lsupc++ -Wl,--end-group
Finished building target: Dinamic_IND.elf
 
arm-none-eabi-size  Dinamic_IND.elf 
arm-none-eabi-objdump -h -S Dinamic_IND.elf  > "Dinamic_IND.list"
   text	   data	    bss	    dec	    hex	filename
   9884	     12	   1652	  11548	   2d1c	Dinamic_IND.elf
arm-none-eabi-objcopy  -O ihex Dinamic_IND.elf  "Dinamic_IND.hex"
Finished building: default.size.stdout
 
Finished building: Dinamic_IND.hex
Finished building: Dinamic_IND.list
 
 
22:48:19 **** Incremental Build of configuration Debug for project Dinamic_IND ****
make -j4 all 
arm-none-eabi-gcc "../Core/Src/main.c" -mcpu=cortex-m3 -std=gnu11 -g3 -DDEBUG -DUSE_HAL_DRIVER -DSTM32F103x6 -c -I../Core/Inc -I../Drivers/STM32F1xx_HAL_Driver/Inc/Legacy -I../Drivers/STM32F1xx_HAL_Driver/Inc -I../Drivers/CMSIS/Device/ST/STM32F1xx/Include -I../Drivers/CMSIS/Include -O0 -ffunction-sections -fdata-sections -Wall -fstack-usage -fcyclomatic-complexity -MMD -MP -MF"Core/Src/main.d" -MT"Core/Src/main.o" --specs=nano.specs -mfloat-abi=soft -mthumb -o "Core/Src/main.o"
arm-none-eabi-g++ -o "Dinamic_IND.elf" @"objects.list"   -mcpu=cortex-m3 -T"E:\Projects\Micros\Micros\STM32\12_Dinamic_IND\Dinamic_IND\STM32F103C6TX_FLASH.ld" --specs=nosys.specs -Wl,-Map="Dinamic_IND.map" -Wl,--gc-sections -static --specs=nano.specs -mfloat-abi=soft -mthumb -Wl,--start-group -lc -lm -lstdc++ -lsupc++ -Wl,--end-group
Finished building target: Dinamic_IND.elf
 
arm-none-eabi-size  Dinamic_IND.elf 
arm-none-eabi-objdump -h -S Dinamic_IND.elf  > "Dinamic_IND.list"
arm-none-eabi-objcopy  -O ihex Dinamic_IND.elf  "Dinamic_IND.hex"
   text	   data	    bss	    dec	    hex	filename
   9880	     12	   1652	  11544	   2d18	Dinamic_IND.elf
Finished building: default.size.stdout
 
Finished building: Dinamic_IND.hex
 
Finished building: Dinamic_IND.list
 
22:49:50 **** Incremental Build of configuration Debug for project Dinamic_IND ****
make -j4 all 
arm-none-eabi-gcc "../Core/Src/main.c" -mcpu=cortex-m3 -std=gnu11 -g3 -DDEBUG -DUSE_HAL_DRIVER -DSTM32F103x6 -c -I../Core/Inc -I../Drivers/STM32F1xx_HAL_Driver/Inc/Legacy -I../Drivers/STM32F1xx_HAL_Driver/Inc -I../Drivers/CMSIS/Device/ST/STM32F1xx/Include -I../Drivers/CMSIS/Include -O0 -ffunction-sections -fdata-sections -Wall -fstack-usage -fcyclomatic-complexity -MMD -MP -MF"Core/Src/main.d" -MT"Core/Src/main.o" --specs=nano.specs -mfloat-abi=soft -mthumb -o "Core/Src/main.o"
arm-none-eabi-g++ -o "Dinamic_IND.elf" @"objects.list"   -mcpu=cortex-m3 -T"E:\Projects\Micros\Micros\STM32\12_Dinamic_IND\Dinamic_IND\STM32F103C6TX_FLASH.ld" --specs=nosys.specs -Wl,-Map="Dinamic_IND.map" -Wl,--gc-sections -static --specs=nano.specs -mfloat-abi=soft -mthumb -Wl,--start-group -lc -lm -lstdc++ -lsupc++ -Wl,--end-group
Finished building target: Dinamic_IND.elf
 
arm-none-eabi-size  Dinamic_IND.elf 
arm-none-eabi-objdump -h -S Dinamic_IND.elf  > "Dinamic_IND.list"
   text	   data	    bss	    dec	    hex	filename
   9912	     12	   1652	  11576	   2d38	Dinamic_IND.elf
arm-none-eabi-objcopy  -O ihex Dinamic_IND.elf  "Dinamic_IND.hex"
Finished building: default.size.stdout
 
Finished building: Dinamic_IND.list
Finished building: Dinamic_IND.hex
 
 
22:50:20 **** Incremental Build of configuration Debug for project Dinamic_IND ****
make -j4 all 
[...]
Finished building target: Dinamic_IND.elf
 
arm-none-eabi-size  Dinamic_IND.elf 
arm-none-eabi-objdump -h -S Dinamic_IND.elf  > "Dinamic_IND.list"
arm-none-eabi-objcopy  -O ihex Dinamic_IND.elf  "Dinamic_IND.hex"
   text	   data	    bss	    dec	    hex	filename
   9772	     12	   1644	  11428	   2ca4	Dinamic_IND.elf
Finished building: default.size.stdout
 
Finished building: Dinamic_IND.list
Finished building: Dinamic_IND.hex
 
 
22:56:49 **** Incremental Build of configuration Debug for project Dinamic_IND ****
make -j4 all 
arm-none-eabi-gcc "../Core/Src/led.c" -mcpu=cortex-m3 -std=gnu11 -g3 -DDEBUG -DUSE_HAL_DRIVER -DSTM32F103x6 -c -I../Core/Inc -I../Drivers/STM32F1xx_HAL_Driver/Inc/Legacy -I../Drivers/STM32F1xx_HAL_Driver/Inc -I../Drivers/CMSIS/Device/ST/STM32F1xx/Include -I../Drivers/CMSIS/Include -O0 -ffunction-sections -fdata-sections -Wall -fstack-usage -fcyclomatic-complexity -MMD -MP -MF"Core/Src/led.d" -MT"Core/Src/led.o" --specs=nano.specs -mfloat-abi=soft -mthumb -o "Core/Src/led.o"
arm-none-eabi-g++ -o "Dinamic_IND.elf" @"objects.list"   -mcpu=cortex-m3 -T"E:\Projects\Micros\Micros\STM32\12_Dinamic_IND\Dinamic_IND\STM32F103C6TX_FLASH.ld" --specs=nosys.specs -Wl,-Map="Dinamic_IND.map" -Wl,--gc-sections -static --specs=nano.specs -mfloat-abi=soft -mthumb -Wl,--start-group -lc -lm -lstdc++ -lsupc++ -Wl,--end-group
Finished building target: Dinamic_IND.elf
 
arm-none-eabi-size  Dinamic_IND.elf 
arm-none-eabi-objdump -h -S Dinamic_IND.elf  > "Dinamic_IND.list"
   text	   data	    bss	    dec	    hex	filename
   9832	     12	   1644	  11488	   2ce0	Dinamic_IND.elf
arm-none-eabi-objcopy  -O ihex Dinamic_IND.elf  "Dinamic_IND.hex"
Finished building: default.size.stdout
 
Finished building: Dinamic_IND.hex
Finished building: Dinamic_IND.list
 
 
22:57:41 **** Incremental Build of configuration Debug for project Dinamic_IND ****
make -j4 all 
arm-none-eabi-gcc "../Core/Src/led.c" -mcpu=cortex-m3 -std=gnu11 -g3 -DDEBUG -DUSE_HAL_DRIVER -DSTM32F103x6 -c -I../Core/Inc -I../Drivers/STM32F1xx_HAL_Driver/Inc/Legacy -I../Drivers/STM32F1xx_HAL_Driver/Inc -I../Drivers/CMSIS/Device/ST/STM32F1xx/Include -I../Drivers/CMSIS/Include -O0 -ffunction-sections -fdata-sections -Wall -fstack-usage -fcyclomatic-complexity -MMD -MP -MF"Core/Src/led.d" -MT"Core/Src/led.o" --specs=nano.specs -mfloat-abi=soft -mthumb -o "Core/Src/led.o"
arm-none-eabi-g++ -o "Dinamic_IND.elf" @"objects.list"   -mcpu=cortex-m3 -T"E:\Projects\Micros\Micros\STM32\12_Dinamic_IND\Dinamic_IND\STM32F103C6TX_FLASH.ld" --specs=nosys.specs -Wl,-Map="Dinamic_IND.map" -Wl,--gc-sections -static --specs=nano.specs -mfloat-abi=soft -mthumb -Wl,--start-group -lc -lm -lstdc++ -lsupc++ -Wl,--end-group
Finished building target: Dinamic_IND.elf
 
arm-none-eabi-size  Dinamic_IND.elf 
arm-none-eabi-objdump -h -S Dinamic_IND.elf  > "Dinamic_IND.list"
arm-none-eabi-objcopy  -O ihex Dinamic_IND.elf  "Dinamic_IND.hex"
   text	   data	    bss	    dec	    hex	filename
   9916	     12	   1644	  11572	   2d34	Dinamic_IND.elf
Finished building: default.size.stdout
 
Finished building: Dinamic_IND.hex
Finished building: Dinamic_IND.list
 
 
22:59:13 **** Incremental Build of configuration Debug for project Dinamic_IND ****
make -j4 all 
arm-none-eabi-gcc "../Core/Src/led.c" -mcpu=cortex-m3 -std=gnu11 -g3 -DDEBUG -DUSE_HAL_DRIVER -DSTM32F103x6 -c -I../Core/Inc -I../Drivers/STM32F1xx_HAL_Driver/Inc/Legacy -I../Drivers/STM32F1xx_HAL_Driver/Inc -I../Drivers/CMSIS/Device/ST/STM32F1xx/Include -I../Drivers/CMSIS/Include -O0 -ffunction-sections -fdata-sections -Wall -fstack-usage -fcyclomatic-complexity -MMD -MP -MF"Core/Src/led.d" -MT"Core/Src/led.o" --specs=nano.specs -mfloat-abi=soft -mthumb -o "Core/Src/led.o"
arm-none-eabi-g++ -o "Dinamic_IND.elf" @"objects.list"   -mcpu=cortex-m3 -T"E:\Projects\Micros\Micros\STM32\12_Dinamic_IND\Dinamic_IND\STM32F103C6TX_FLASH.ld" --specs=nosys.specs -Wl,-Map="Dinamic_IND.map" -Wl,--gc-sections -static --specs=nano.specs -mfloat-abi=soft -mthumb -Wl,--start-group -lc -lm -lstdc++ -lsupc++ -Wl,--end-group
Finished building target: Dinamic_IND.elf
 
arm-none-eabi-size  Dinamic_IND.elf 
arm-none-eabi-objdump -h -S Dinamic_IND.elf  > "Dinamic_IND.list"
arm-none-eabi-objcopy  -O ihex Dinamic_IND.elf  "Dinamic_IND.hex"
   text	   data	    bss	    dec	    hex	filename
  10064	     16	   1648	  11728	   2dd0	Dinamic_IND.elf
Finished building: default.size.stdout
 
Finished building: Dinamic_IND.hex
Finished building: Dinamic_IND.list
 
 
23:01:15 **** Incremental Build of configuration Debug for project Dinamic_IND ****
make -j4 all 
arm-none-eabi-gcc "../Core/Src/led.c" -mcpu=cortex-m3 -std=gnu11 -g3 -DDEBUG -DUSE_HAL_DRIVER -DSTM32F103x6 -c -I../Core/Inc -I../Drivers/STM32F1xx_HAL_Driver/Inc/Legacy -I../Drivers/STM32F1xx_HAL_Driver/Inc -I../Drivers/CMSIS/Device/ST/STM32F1xx/Include -I../Drivers/CMSIS/Include -O0 -ffunction-sections -fdata-sections -Wall -fstack-usage -fcyclomatic-complexity -MMD -MP -MF"Core/Src/led.d" -MT"Core/Src/led.o" --specs=nano.specs -mfloat-abi=soft -mthumb -o "Core/Src/led.o"
arm-none-eabi-g++ -o "Dinamic_IND.elf" @"objects.list"   -mcpu=cortex-m3 -T"E:\Projects\Micros\Micros\STM32\12_Dinamic_IND\Dinamic_IND\STM32F103C6TX_FLASH.ld" --specs=nosys.specs -Wl,-Map="Dinamic_IND.map" -Wl,--gc-sections -static --specs=nano.specs -mfloat-abi=soft -mthumb -Wl,--start-group -lc -lm -lstdc++ -lsupc++ -Wl,--end-group
Finished building target: Dinamic_IND.elf
 
arm-none-eabi-size  Dinamic_IND.elf 
arm-none-eabi-objdump -h -S Dinamic_IND.elf  > "Dinamic_IND.list"
   text	   data	    bss	    dec	    hex	filename
  10064	     16	   1648	  11728	   2dd0	Dinamic_IND.elf
arm-none-eabi-objcopy  -O ihex Dinamic_IND.elf  "Dinamic_IND.hex"
Finished building: default.size.stdout
 
Finished building: Dinamic_IND.list
Finished building: Dinamic_IND.hex
 
 
23:01:51 **** Incremental Build of configuration Debug for project Dinamic_IND ****
make -j4 all 
arm-none-eabi-gcc "../Core/Src/led.c" -mcpu=cortex-m3 -std=gnu11 -g3 -DDEBUG -DUSE_HAL_DRIVER -DSTM32F103x6 -c -I../Core/Inc -I../Drivers/STM32F1xx_HAL_Driver/Inc/Legacy -I../Drivers/STM32F1xx_HAL_Driver/Inc -I../Drivers/CMSIS/Device/ST/STM32F1xx/Include -I../Drivers/CMSIS/Include -O0 -ffunction-sections -fdata-sections -Wall -fstack-usage -fcyclomatic-complexity -MMD -MP -MF"Core/Src/led.d" -MT"Core/Src/led.o" --specs=nano.specs -mfloat-abi=soft -mthumb -o "Core/Src/led.o"
arm-none-eabi-g++ -o "Dinamic_IND.elf" @"objects.list"   -mcpu=cortex-m3 -T"E:\Projects\Micros\Micros\STM32\12_Dinamic_IND\Dinamic_IND\STM32F103C6TX_FLASH.ld" --specs=nosys.specs -Wl,-Map="Dinamic_IND.map" -Wl,--gc-sections -static --specs=nano.specs -mfloat-abi=soft -mthumb -Wl,--start-group -lc -lm -lstdc++ -lsupc++ -Wl,--end-group
Finished building target: Dinamic_IND.elf
 
arm-none-eabi-size  Dinamic_IND.elf 
arm-none-eabi-objdump -h -S Dinamic_IND.elf  > "Dinamic_IND.list"
   text	   data	    bss	    dec	    hex	filename
  10064	     16	   1648	  11728	   2dd0	Dinamic_IND.elf
arm-none-eabi-objcopy  -O ihex Dinamic_IND.elf  "Dinamic_IND.hex"
Finished building: default.size.stdout
 
Finished building: Dinamic_IND.hex
Finished building: Dinamic_IND.list
 
 
23:03:32 **** Incremental Build of configuration Debug for project Dinamic_IND ****
make -j4 all 
arm-none-eabi-gcc "../Core/Src/led.c" -mcpu=cortex-m3 -std=gnu11 -g3 -DDEBUG -DUSE_HAL_DRIVER -DSTM32F103x6 -c -I../Core/Inc -I../Drivers/STM32F1xx_HAL_Driver/Inc/Legacy -I../Drivers/STM32F1xx_HAL_Driver/Inc -I../Drivers/CMSIS/Device/ST/STM32F1xx/Include -I../Drivers/CMSIS/Include -O0 -ffunction-sections -fdata-sections -Wall -fstack-usage -fcyclomatic-complexity -MMD -MP -MF"Core/Src/led.d" -MT"Core/Src/led.o" --specs=nano.specs -mfloat-abi=soft -mthumb -o "Core/Src/led.o"
arm-none-eabi-g++ -o "Dinamic_IND.elf" @"objects.list"   -mcpu=cortex-m3 -T"E:\Projects\Micros\Micros\STM32\12_Dinamic_IND\Dinamic_IND\STM32F103C6TX_FLASH.ld" --specs=nosys.specs -Wl,-Map="Dinamic_IND.map" -Wl,--gc-sections -static --specs=nano.specs -mfloat-abi=soft -mthumb -Wl,--start-group -lc -lm -lstdc++ -lsupc++ -Wl,--end-group
Finished building target: Dinamic_IND.elf
 
arm-none-eabi-size  Dinamic_IND.elf 
arm-none-eabi-objdump -h -S Dinamic_IND.elf  > "Dinamic_IND.list"
arm-none-eabi-objcopy  -O ihex Dinamic_IND.elf  "Dinamic_IND.hex"
   text	   data	    bss	    dec	    hex	filename
  10080	     16	   1648	  11744	   2de0	Dinamic_IND.elf
Finished building: default.size.stdout
 
Finished building: Dinamic_IND.hex
Finished building: Dinamic_IND.list
 
 
23:04:21 **** Incremental Build of configuration Debug for project Dinamic_IND ****
make -j4 all 
arm-none-eabi-gcc "../Core/Src/led.c" -mcpu=cortex-m3 -std=gnu11 -g3 -DDEBUG -DUSE_HAL_DRIVER -DSTM32F103x6 -c -I../Core/Inc -I../Drivers/STM32F1xx_HAL_Driver/Inc/Legacy -I../Drivers/STM32F1xx_HAL_Driver/Inc -I../Drivers/CMSIS/Device/ST/STM32F1xx/Include -I../Drivers/CMSIS/Include -O0 -ffunction-sections -fdata-sections -Wall -fstack-usage -fcyclomatic-complexity -MMD -MP -MF"Core/Src/led.d" -MT"Core/Src/led.o" --specs=nano.specs -mfloat-abi=soft -mthumb -o "Core/Src/led.o"
arm-none-eabi-g++ -o "Dinamic_IND.elf" @"objects.list"   -mcpu=cortex-m3 -T"E:\Projects\Micros\Micros\STM32\12_Dinamic_IND\Dinamic_IND\STM32F103C6TX_FLASH.ld" --specs=nosys.specs -Wl,-Map="Dinamic_IND.map" -Wl,--gc-sections -static --specs=nano.specs -mfloat-abi=soft -mthumb -Wl,--start-group -lc -lm -lstdc++ -lsupc++ -Wl,--end-group
Finished building target: Dinamic_IND.elf
 
arm-none-eabi-size  Dinamic_IND.elf 
arm-none-eabi-objdump -h -S Dinamic_IND.elf  > "Dinamic_IND.list"
   text	   data	    bss	    dec	    hex	filename
  10064	     16	   1648	  11728	   2dd0	Dinamic_IND.elf
arm-none-eabi-objcopy  -O ihex Dinamic_IND.elf  "Dinamic_IND.hex"
Finished building: default.size.stdout
 
Finished building: Dinamic_IND.list
Finished building: Dinamic_IND.hex
 
 
23:05:08 **** Incremental Build of configuration Debug for project Dinamic_IND ****
make -j4 all 
arm-none-eabi-gcc "../Core/Src/led.c" -mcpu=cortex-m3 -std=gnu11 -g3 -DDEBUG -DUSE_HAL_DRIVER -DSTM32F103x6 -c -I../Core/Inc -I../Drivers/STM32F1xx_HAL_Driver/Inc/Legacy -I../Drivers/STM32F1xx_HAL_Driver/Inc -I../Drivers/CMSIS/Device/ST/STM32F1xx/Include -I../Drivers/CMSIS/Include -O0 -ffunction-sections -fdata-sections -Wall -fstack-usage -fcyclomatic-complexity -MMD -MP -MF"Core/Src/led.d" -MT"Core/Src/led.o" --specs=nano.specs -mfloat-abi=soft -mthumb -o "Core/Src/led.o"
arm-none-eabi-g++ -o "Dinamic_IND.elf" @"objects.list"   -mcpu=cortex-m3 -T"E:\Projects\Micros\Micros\STM32\12_Dinamic_IND\Dinamic_IND\STM32F103C6TX_FLASH.ld" --specs=nosys.specs -Wl,-Map="Dinamic_IND.map" -Wl,--gc-sections -static --specs=nano.specs -mfloat-abi=soft -mthumb -Wl,--start-group -lc -lm -lstdc++ -lsupc++ -Wl,--end-group
Finished building target: Dinamic_IND.elf
 
arm-none-eabi-size  Dinamic_IND.elf 
arm-none-eabi-objdump -h -S Dinamic_IND.elf  > "Dinamic_IND.list"
arm-none-eabi-objcopy  -O ihex Dinamic_IND.elf  "Dinamic_IND.hex"
   text	   data	    bss	    dec	    hex	filename
  10064	     16	   1648	  11728	   2dd0	Dinamic_IND.elf
Finished building: default.size.stdout
 
Finished building: Dinamic_IND.list
Finished building: Dinamic_IND.hex
 
 
23:07:31 **** Incremental Build of configuration Debug for project Dinamic_IND ****
make -j4 all 
arm-none-eabi-gcc "../Core/Src/led.c" -mcpu=cortex-m3 -std=gnu11 -g3 -DDEBUG -DUSE_HAL_DRIVER -DSTM32F103x6 -c -I../Core/Inc -I../Drivers/STM32F1xx_HAL_Driver/Inc/Legacy -I../Drivers/STM32F1xx_HAL_Driver/Inc -I../Drivers/CMSIS/Device/ST/STM32F1xx/Include -I../Drivers/CMSIS/Include -O0 -ffunction-sections -fdata-sections -Wall -fstack-usage -fcyclomatic-complexity -MMD -MP -MF"Core/Src/led.d" -MT"Core/Src/led.o" --specs=nano.specs -mfloat-abi=soft -mthumb -o "Core/Src/led.o"
arm-none-eabi-g++ -o "Dinamic_IND.elf" @"objects.list"   -mcpu=cortex-m3 -T"E:\Projects\Micros\Micros\STM32\12_Dinamic_IND\Dinamic_IND\STM32F103C6TX_FLASH.ld" --specs=nosys.specs -Wl,-Map="Dinamic_IND.map" -Wl,--gc-sections -static --specs=nano.specs -mfloat-abi=soft -mthumb -Wl,--start-group -lc -lm -lstdc++ -lsupc++ -Wl,--end-group
Finished building target: Dinamic_IND.elf
 
arm-none-eabi-size  Dinamic_IND.elf 
arm-none-eabi-objdump -h -S Dinamic_IND.elf  > "Dinamic_IND.list"
arm-none-eabi-objcopy  -O ihex Dinamic_IND.elf  "Dinamic_IND.hex"
   text	   data	    bss	    dec	    hex	filename
  10064	     16	   1648	  11728	   2dd0	Dinamic_IND.elf
Finished building: default.size.stdout
 
Finished building: Dinamic_IND.hex
Finished building: Dinamic_IND.list
 
 
23:09:25 **** Incremental Build of configuration Debug for project Dinamic_IND ****
make -j4 all 
arm-none-eabi-gcc "../Core/Src/led.c" -mcpu=cortex-m3 -std=gnu11 -g3 -DDEBUG -DUSE_HAL_DRIVER -DSTM32F103x6 -c -I../Core/Inc -I../Drivers/STM32F1xx_HAL_Driver/Inc/Legacy -I../Drivers/STM32F1xx_HAL_Driver/Inc -I../Drivers/CMSIS/Device/ST/STM32F1xx/Include -I../Drivers/CMSIS/Include -O0 -ffunction-sections -fdata-sections -Wall -fstack-usage -fcyclomatic-complexity -MMD -MP -MF"Core/Src/led.d" -MT"Core/Src/led.o" --specs=nano.specs -mfloat-abi=soft -mthumb -o "Core/Src/led.o"
arm-none-eabi-g++ -o "Dinamic_IND.elf" @"objects.list"   -mcpu=cortex-m3 -T"E:\Projects\Micros\Micros\STM32\12_Dinamic_IND\Dinamic_IND\STM32F103C6TX_FLASH.ld" --specs=nosys.specs -Wl,-Map="Dinamic_IND.map" -Wl,--gc-sections -static --specs=nano.specs -mfloat-abi=soft -mthumb -Wl,--start-group -lc -lm -lstdc++ -lsupc++ -Wl,--end-group
Finished building target: Dinamic_IND.elf
 
arm-none-eabi-size  Dinamic_IND.elf 
arm-none-eabi-objdump -h -S Dinamic_IND.elf  > "Dinamic_IND.list"
   text	   data	    bss	    dec	    hex	filename
  10064	     16	   1648	  11728	   2dd0	Dinamic_IND.elf
arm-none-eabi-objcopy  -O ihex Dinamic_IND.elf  "Dinamic_IND.hex"
Finished building: default.size.stdout
 
Finished building: Dinamic_IND.hex
Finished building: Dinamic_IND.list
 
 
23:12:21 **** Incremental Build of configuration Debug for project Dinamic_IND ****
make -j4 all 
arm-none-eabi-gcc "../Core/Src/main.c" -mcpu=cortex-m3 -std=gnu11 -g3 -DDEBUG -DUSE_HAL_DRIVER -DSTM32F103x6 -c -I../Core/Inc -I../Drivers/STM32F1xx_HAL_Driver/Inc/Legacy -I../Drivers/STM32F1xx_HAL_Driver/Inc -I../Drivers/CMSIS/Device/ST/STM32F1xx/Include -I../Drivers/CMSIS/Include -O0 -ffunction-sections -fdata-sections -Wall -fstack-usage -fcyclomatic-complexity -MMD -MP -MF"Core/Src/main.d" -MT"Core/Src/main.o" --specs=nano.specs -mfloat-abi=soft -mthumb -o "Core/Src/main.o"
../Core/Src/main.c: In function 'main':
../Core/Src/main.c:64:11: warning: implicit declaration of function 'ledprint' [-Wimplicit-function-declaration]
   64 |           ledprint(1);
      |           ^~~~~~~~
arm-none-eabi-g++ -o "Dinamic_IND.elf" @"objects.list"   -mcpu=cortex-m3 -T"E:\Projects\Micros\Micros\STM32\12_Dinamic_IND\Dinamic_IND\STM32F103C6TX_FLASH.ld" --specs=nosys.specs -Wl,-Map="Dinamic_IND.map" -Wl,--gc-sections -static --specs=nano.specs -mfloat-abi=soft -mthumb -Wl,--start-group -lc -lm -lstdc++ -lsupc++ -Wl,--end-group
Finished building target: Dinamic_IND.elf
 
arm-none-eabi-size  Dinamic_IND.elf 
arm-none-eabi-objdump -h -S Dinamic_IND.elf  > "Dinamic_IND.list"
   text	   data	    bss	    dec	    hex	filename
  10060	     16	   1648	  11724	   2dcc	Dinamic_IND.elf
arm-none-eabi-objcopy  -O ihex Dinamic_IND.elf  "Dinamic_IND.hex"
Finished building: default.size.stdout
 
Finished building: Dinamic_IND.hex
 
Finished building: Dinamic_IND.list
 
23:15:07 **** Incremental Build of configuration Debug for project Dinamic_IND ****
make -j4 all 
arm-none-eabi-gcc "../Core/Src/led.c" -mcpu=cortex-m3 -std=gnu11 -g3 -DDEBUG -DUSE_HAL_DRIVER -DSTM32F103x6 -c -I../Core/Inc -I../Drivers/STM32F1xx_HAL_Driver/Inc/Legacy -I../Drivers/STM32F1xx_HAL_Driver/Inc -I../Drivers/CMSIS/Device/ST/STM32F1xx/Include -I../Drivers/CMSIS/Include -O0 -ffunction-sections -fdata-sections -Wall -fstack-usage -fcyclomatic-complexity -MMD -MP -MF"Core/Src/led.d" -MT"Core/Src/led.o" --specs=nano.specs -mfloat-abi=soft -mthumb -o "Core/Src/led.o"
arm-none-eabi-g++ -o "Dinamic_IND.elf" @"objects.list"   -mcpu=cortex-m3 -T"E:\Projects\Micros\Micros\STM32\12_Dinamic_IND\Dinamic_IND\STM32F103C6TX_FLASH.ld" --specs=nosys.specs -Wl,-Map="Dinamic_IND.map" -Wl,--gc-sections -static --specs=nano.specs -mfloat-abi=soft -mthumb -Wl,--start-group -lc -lm -lstdc++ -lsupc++ -Wl,--end-group
Finished building target: Dinamic_IND.elf
 
arm-none-eabi-size  Dinamic_IND.elf 
arm-none-eabi-objdump -h -S Dinamic_IND.elf  > "Dinamic_IND.list"
arm-none-eabi-objcopy  -O ihex Dinamic_IND.elf  "Dinamic_IND.hex"
   text	   data	    bss	    dec	    hex	filename
  10060	     16	   1648	  11724	   2dcc	Dinamic_IND.elf
Finished building: default.size.stdout
 
Finished building: Dinamic_IND.hex
Finished building: Dinamic_IND.list
 
 
23:15:24 **** Incremental Build of configuration Debug for project Dinamic_IND ****
make -j4 all 
arm-none-eabi-size  Dinamic_IND.elf 
   text	   data	    bss	    dec	    hex	filename
  10060	     16	   1648	  11724	   2dcc	Dinamic_IND.elf
Finished building: default.size.stdout
 
23:17:35 **** Incremental Build of configuration Debug for project Dinamic_IND ****
make -j4 all 
arm-none-eabi-gcc "../Core/Src/led.c" -mcpu=cortex-m3 -std=gnu11 -g3 -DDEBUG -DUSE_HAL_DRIVER -DSTM32F103x6 -c -I../Core/Inc -I../Drivers/STM32F1xx_HAL_Driver/Inc/Legacy -I../Drivers/STM32F1xx_HAL_Driver/Inc -I../Drivers/CMSIS/Device/ST/STM32F1xx/Include -I../Drivers/CMSIS/Include -O0 -ffunction-sections -fdata-sections -Wall -fstack-usage -fcyclomatic-complexity -MMD -MP -MF"Core/Src/led.d" -MT"Core/Src/led.o" --specs=nano.specs -mfloat-abi=soft -mthumb -o "Core/Src/led.o"
arm-none-eabi-g++ -o "Dinamic_IND.elf" @"objects.list"   -mcpu=cortex-m3 -T"E:\Projects\Micros\Micros\STM32\12_Dinamic_IND\Dinamic_IND\STM32F103C6TX_FLASH.ld" --specs=nosys.specs -Wl,-Map="Dinamic_IND.map" -Wl,--gc-sections -static --specs=nano.specs -mfloat-abi=soft -mthumb -Wl,--start-group -lc -lm -lstdc++ -lsupc++ -Wl,--end-group
Finished building target: Dinamic_IND.elf
 
arm-none-eabi-size  Dinamic_IND.elf 
arm-none-eabi-objdump -h -S Dinamic_IND.elf  > "Dinamic_IND.list"
   text	   data	    bss	    dec	    hex	filename
  10060	     16	   1648	  11724	   2dcc	Dinamic_IND.elf
arm-none-eabi-objcopy  -O ihex Dinamic_IND.elf  "Dinamic_IND.hex"
Finished building: default.size.stdout
 
Finished building: Dinamic_IND.hex
Finished building: Dinamic_IND.list
 
 
23:18:50 **** Incremental Build of configuration Debug for project Dinamic_IND ****
make -j4 all 
arm-none-eabi-gcc "../Core/Src/led.c" -mcpu=cortex-m3 -std=gnu11 -g3 -DDEBUG -DUSE_HAL_DRIVER -DSTM32F103x6 -c -I../Core/Inc -I../Drivers/STM32F1xx_HAL_Driver/Inc/Legacy -I../Drivers/STM32F1xx_HAL_Driver/Inc -I../Drivers/CMSIS/Device/ST/STM32F1xx/Include -I../Drivers/CMSIS/Include -O0 -ffunction-sections -fdata-sections -Wall -fstack-usage -fcyclomatic-complexity -MMD -MP -MF"Core/Src/led.d" -MT"Core/Src/led.o" --specs=nano.specs -mfloat-abi=soft -mthumb -o "Core/Src/led.o"
../Core/Src/led.c:4:17: warning: unsigned conversion from 'int' to 'uint8_t' {aka 'unsigned char'} changes value from '500' to '244' [-Woverflow]
    4 | uint8_t delay = 500;
      |                 ^~~
arm-none-eabi-g++ -o "Dinamic_IND.elf" @"objects.list"   -mcpu=cortex-m3 -T"E:\Projects\Micros\Micros\STM32\12_Dinamic_IND\Dinamic_IND\STM32F103C6TX_FLASH.ld" --specs=nosys.specs -Wl,-Map="Dinamic_IND.map" -Wl,--gc-sections -static --specs=nano.specs -mfloat-abi=soft -mthumb -Wl,--start-group -lc -lm -lstdc++ -lsupc++ -Wl,--end-group
Finished building target: Dinamic_IND.elf
 
arm-none-eabi-size  Dinamic_IND.elf 
arm-none-eabi-objdump -h -S Dinamic_IND.elf  > "Dinamic_IND.list"
   text	   data	    bss	    dec	    hex	filename
  10060	     16	   1648	  11724	   2dcc	Dinamic_IND.elf
arm-none-eabi-objcopy  -O ihex Dinamic_IND.elf  "Dinamic_IND.hex"
Finished building: default.size.stdout
 
Finished building: Dinamic_IND.list
Finished building: Dinamic_IND.hex
 
 
