21:28:44 **** Incremental Build of configuration Debug for project Sensor_2_LM35 ****
make -j4 all 
arm-none-eabi-size  Sensor_2_LM35.elf 
   text	   data	    bss	    dec	    hex	filename
  16956	     92	   2156	  19204	   4b04	Sensor_2_LM35.elf
Finished building: default.size.stdout
 
21:30:02 **** Incremental Build of configuration Debug for project Sensor_2_LM35 ****
make -j4 all 
arm-none-eabi-gcc "../LM35/LM35.c" -mcpu=cortex-m3 -std=gnu11 -g3 -DDEBUG -DUSE_HAL_DRIVER -DSTM32F103x6 -c -I../Core/Inc -I../Drivers/STM32F1xx_HAL_Driver/Inc/Legacy -I../Drivers/STM32F1xx_HAL_Driver/Inc -I../Drivers/CMSIS/Device/ST/STM32F1xx/Include -I../Drivers/CMSIS/Include -O0 -ffunction-sections -fdata-sections -Wall -fstack-usage -fcyclomatic-complexity -MMD -MP -MF"LM35/LM35.d" -MT"LM35/LM35.o" --specs=nano.specs -mfloat-abi=soft -mthumb -o "LM35/LM35.o"
arm-none-eabi-gcc "../LM35/LM35_cfg.c" -mcpu=cortex-m3 -std=gnu11 -g3 -DDEBUG -DUSE_HAL_DRIVER -DSTM32F103x6 -c -I../Core/Inc -I../Drivers/STM32F1xx_HAL_Driver/Inc/Legacy -I../Drivers/STM32F1xx_HAL_Driver/Inc -I../Drivers/CMSIS/Device/ST/STM32F1xx/Include -I../Drivers/CMSIS/Include -O0 -ffunction-sections -fdata-sections -Wall -fstack-usage -fcyclomatic-complexity -MMD -MP -MF"LM35/LM35_cfg.d" -MT"LM35/LM35_cfg.o" --specs=nano.specs -mfloat-abi=soft -mthumb -o "LM35/LM35_cfg.o"
arm-none-eabi-gcc "../Core/Src/main.c" -mcpu=cortex-m3 -std=gnu11 -g3 -DDEBUG -DUSE_HAL_DRIVER -DSTM32F103x6 -c -I../Core/Inc -I../Drivers/STM32F1xx_HAL_Driver/Inc/Legacy -I../Drivers/STM32F1xx_HAL_Driver/Inc -I../Drivers/CMSIS/Device/ST/STM32F1xx/Include -I../Drivers/CMSIS/Include -O0 -ffunction-sections -fdata-sections -Wall -fstack-usage -fcyclomatic-complexity -MMD -MP -MF"Core/Src/main.d" -MT"Core/Src/main.o" --specs=nano.specs -mfloat-abi=soft -mthumb -o "Core/Src/main.o"
../Core/Src/main.c: In function 'main':
../Core/Src/main.c:67:19: warning: pointer targets in passing argument 1 of 'sprintf' differ in signedness [-Wpointer-sign]
   67 |           sprintf(MSG, "%.3f", Temp1);
      |                   ^~~
      |                   |
      |                   uint8_t * {aka unsigned char *}
In file included from ../Core/Src/main.c:22:
C:\ST\STM32CubeIDE_1.17.0\STM32CubeIDE\plugins\com.st.stm32cube.ide.mcu.externaltools.gnu-tools-for-stm32.12.3.rel1.win32_1.1.0.202410251130\tools\bin/../lib/gcc/arm-none-eabi/12.3.1/../../../../arm-none-eabi/include/stdio.h:250:18: note: expected 'char * restrict' but argument is of type 'uint8_t *' {aka 'unsigned char *'}
  250 | int     sprintf (char *__restrict, const char *__restrict, ...)
      |                  ^
arm-none-eabi-g++ -o "Sensor_2_LM35.elf" @"objects.list"   -mcpu=cortex-m3 -T"E:\Projects\Micros\Micros\Deepbluembedded\Sensors\2_LM35_Temp_Sensor\LM35\STM32F103C6TX_FLASH.ld" --specs=nosys.specs -Wl,-Map="Sensor_2_LM35.map" -Wl,--gc-sections -static --specs=nano.specs -mfloat-abi=soft -mthumb -Wl,--start-group -lc -lm -lstdc++ -lsupc++ -Wl,--end-group
Finished building target: Sensor_2_LM35.elf
 
arm-none-eabi-size  Sensor_2_LM35.elf 
arm-none-eabi-objdump -h -S Sensor_2_LM35.elf  > "Sensor_2_LM35.list"
   text	   data	    bss	    dec	    hex	filename
  16968	     92	   2156	  19216	   4b10	Sensor_2_LM35.elf
arm-none-eabi-objcopy  -O ihex Sensor_2_LM35.elf  "Sensor_2_LM35.hex"
Finished building: default.size.stdout
 
Finished building: Sensor_2_LM35.hex
 
Finished building: Sensor_2_LM35.list
 
21:30:44 **** Incremental Build of configuration Debug for project Sensor_2_LM35 ****
make -j4 all 
arm-none-eabi-size  Sensor_2_LM35.elf 
   text	   data	    bss	    dec	    hex	filename
  16968	     92	   2156	  19216	   4b10	Sensor_2_LM35.elf
Finished building: default.size.stdout
 
21:32:05 **** Incremental Build of configuration Debug for project Sensor_2_LM35 ****
make -j4 all 
arm-none-eabi-gcc "../Core/Src/main.c" -mcpu=cortex-m3 -std=gnu11 -g3 -DDEBUG -DUSE_HAL_DRIVER -DSTM32F103x6 -c -I../Core/Inc -I../Drivers/STM32F1xx_HAL_Driver/Inc/Legacy -I../Drivers/STM32F1xx_HAL_Driver/Inc -I../Drivers/CMSIS/Device/ST/STM32F1xx/Include -I../Drivers/CMSIS/Include -O0 -ffunction-sections -fdata-sections -Wall -fstack-usage -fcyclomatic-complexity -MMD -MP -MF"Core/Src/main.d" -MT"Core/Src/main.o" --specs=nano.specs -mfloat-abi=soft -mthumb -o "Core/Src/main.o"
../Core/Src/main.c: In function 'main':
../Core/Src/main.c:66:19: warning: pointer targets in passing argument 1 of 'sprintf' differ in signedness [-Wpointer-sign]
   66 |           sprintf(MSG, "Temp = %d\r\n", Temp1);
      |                   ^~~
      |                   |
      |                   uint8_t * {aka unsigned char *}
In file included from ../Core/Src/main.c:22:
C:\ST\STM32CubeIDE_1.17.0\STM32CubeIDE\plugins\com.st.stm32cube.ide.mcu.externaltools.gnu-tools-for-stm32.12.3.rel1.win32_1.1.0.202410251130\tools\bin/../lib/gcc/arm-none-eabi/12.3.1/../../../../arm-none-eabi/include/stdio.h:250:18: note: expected 'char * restrict' but argument is of type 'uint8_t *' {aka 'unsigned char *'}
  250 | int     sprintf (char *__restrict, const char *__restrict, ...)
      |                  ^
../Core/Src/main.c:66:33: warning: format '%d' expects argument of type 'int', but argument 3 has type 'double' [-Wformat=]
   66 |           sprintf(MSG, "Temp = %d\r\n", Temp1);
      |                                ~^       ~~~~~
      |                                 |       |
      |                                 int     double
      |                                %f
arm-none-eabi-g++ -o "Sensor_2_LM35.elf" @"objects.list"   -mcpu=cortex-m3 -T"E:\Projects\Micros\Micros\Deepbluembedded\Sensors\2_LM35_Temp_Sensor\LM35\STM32F103C6TX_FLASH.ld" --specs=nosys.specs -Wl,-Map="Sensor_2_LM35.map" -Wl,--gc-sections -static --specs=nano.specs -mfloat-abi=soft -mthumb -Wl,--start-group -lc -lm -lstdc++ -lsupc++ -Wl,--end-group
Finished building target: Sensor_2_LM35.elf
 
arm-none-eabi-size  Sensor_2_LM35.elf 
arm-none-eabi-objdump -h -S Sensor_2_LM35.elf  > "Sensor_2_LM35.list"
arm-none-eabi-objcopy  -O ihex Sensor_2_LM35.elf  "Sensor_2_LM35.hex"
   text	   data	    bss	    dec	    hex	filename
  16988	     92	   2156	  19236	   4b24	Sensor_2_LM35.elf
Finished building: default.size.stdout
 
Finished building: Sensor_2_LM35.hex
 
Finished building: Sensor_2_LM35.list
 
21:32:27 **** Incremental Build of configuration Debug for project Sensor_2_LM35 ****
make -j4 all 
arm-none-eabi-size  Sensor_2_LM35.elf 
   text	   data	    bss	    dec	    hex	filename
  16988	     92	   2156	  19236	   4b24	Sensor_2_LM35.elf
Finished building: default.size.stdout
 
