22:56:01 **** Incremental Build of configuration Debug for project HAL_SPI_Static_IND ****
make -j4 all 
arm-none-eabi-g++ -o "HAL_SPI_Static_IND.elf" @"objects.list"   -mcpu=cortex-m3 -T"E:\Projects\Micros\Micros\STM32\24_HAL_SPI_Static_IND\HAL_SPI_Static_IND\STM32F103C6TX_FLASH.ld" --specs=nosys.specs -Wl,-Map="HAL_SPI_Static_IND.map" -Wl,--gc-sections -static --specs=nano.specs -mfloat-abi=soft -mthumb -Wl,--start-group -lc -lm -lstdc++ -lsupc++ -Wl,--end-group
Finished building target: HAL_SPI_Static_IND.elf
 
arm-none-eabi-size  HAL_SPI_Static_IND.elf 
arm-none-eabi-objdump -h -S HAL_SPI_Static_IND.elf  > "HAL_SPI_Static_IND.list"
   text	   data	    bss	    dec	    hex	filename
   6180	     12	   1748	   7940	   1f04	HAL_SPI_Static_IND.elf
arm-none-eabi-objcopy  -O ihex HAL_SPI_Static_IND.elf  "HAL_SPI_Static_IND.hex"
Finished building: default.size.stdout
 
Finished building: HAL_SPI_Static_IND.list
Finished building: HAL_SPI_Static_IND.hex
 
 
22:58:48 **** Incremental Build of configuration Debug for project HAL_SPI_Static_IND ****
make -j4 all 
arm-none-eabi-gcc "../Core/Src/led.c" -mcpu=cortex-m3 -std=gnu11 -g3 -DDEBUG -DUSE_HAL_DRIVER -DSTM32F103x6 -c -I../Core/Inc -I../Drivers/STM32F1xx_HAL_Driver/Inc/Legacy -I../Drivers/STM32F1xx_HAL_Driver/Inc -I../Drivers/CMSIS/Device/ST/STM32F1xx/Include -I../Drivers/CMSIS/Include -O0 -ffunction-sections -fdata-sections -Wall -fstack-usage -fcyclomatic-complexity -MMD -MP -MF"Core/Src/led.d" -MT"Core/Src/led.o" --specs=nano.specs -mfloat-abi=soft -mthumb -o "Core/Src/led.o"
arm-none-eabi-gcc "../Core/Src/main.c" -mcpu=cortex-m3 -std=gnu11 -g3 -DDEBUG -DUSE_HAL_DRIVER -DSTM32F103x6 -c -I../Core/Inc -I../Drivers/STM32F1xx_HAL_Driver/Inc/Legacy -I../Drivers/STM32F1xx_HAL_Driver/Inc -I../Drivers/CMSIS/Device/ST/STM32F1xx/Include -I../Drivers/CMSIS/Include -O0 -ffunction-sections -fdata-sections -Wall -fstack-usage -fcyclomatic-complexity -MMD -MP -MF"Core/Src/main.d" -MT"Core/Src/main.o" --specs=nano.specs -mfloat-abi=soft -mthumb -o "Core/Src/main.o"
../Core/Src/led.c: In function 'displayNumber':
../Core/Src/led.c:12:33: warning: passing argument 2 of 'HAL_SPI_Transmit' makes pointer from integer without a cast [-Wint-conversion]
   12 |         HAL_SPI_Transmit(&hspi, aTxBuffer, 1, 5000);
      |                                 ^~~~~~~~~
      |                                 |
      |                                 uint8_t {aka unsigned char}
In file included from ../Core/Inc/stm32f1xx_hal_conf.h:330,
                 from ../Drivers/STM32F1xx_HAL_Driver/Inc/stm32f1xx_hal.h:29,
                 from ../Core/Inc/main.h:30,
                 from ../Core/Inc/led.h:4,
                 from ../Core/Src/led.c:1:
../Drivers/STM32F1xx_HAL_Driver/Inc/stm32f1xx_hal_spi.h:671:70: note: expected 'uint8_t *' {aka 'unsigned char *'} but argument is of type 'uint8_t' {aka 'unsigned char'}
  671 | HAL_StatusTypeDef HAL_SPI_Transmit(SPI_HandleTypeDef *hspi, uint8_t *pData, uint16_t Size, uint32_t Timeout);
      |                                                             ~~~~~~~~~^~~~~
../Core/Src/main.c: In function 'main':
../Core/Src/main.c:98:3: warning: implicit declaration of function 'initSPI' [-Wimplicit-function-declaration]
   98 |   initSPI(&hspi1);
      |   ^~~~~~~
arm-none-eabi-g++ -o "HAL_SPI_Static_IND.elf" @"objects.list"   -mcpu=cortex-m3 -T"E:\Projects\Micros\Micros\STM32\24_HAL_SPI_Static_IND\HAL_SPI_Static_IND\STM32F103C6TX_FLASH.ld" --specs=nosys.specs -Wl,-Map="HAL_SPI_Static_IND.map" -Wl,--gc-sections -static --specs=nano.specs -mfloat-abi=soft -mthumb -Wl,--start-group -lc -lm -lstdc++ -lsupc++ -Wl,--end-group
Finished building target: HAL_SPI_Static_IND.elf
 
arm-none-eabi-size  HAL_SPI_Static_IND.elf 
arm-none-eabi-objdump -h -S HAL_SPI_Static_IND.elf  > "HAL_SPI_Static_IND.list"
   text	   data	    bss	    dec	    hex	filename
   6196	     12	   1748	   7956	   1f14	HAL_SPI_Static_IND.elf
arm-none-eabi-objcopy  -O ihex HAL_SPI_Static_IND.elf  "HAL_SPI_Static_IND.hex"
Finished building: default.size.stdout
 
Finished building: HAL_SPI_Static_IND.hex
Finished building: HAL_SPI_Static_IND.list
 
 
23:09:08 **** Incremental Build of configuration Debug for project HAL_SPI_Static_IND ****
make -j4 all 
arm-none-eabi-gcc "../Core/Src/led.c" -mcpu=cortex-m3 -std=gnu11 -g3 -DDEBUG -DUSE_HAL_DRIVER -DSTM32F103x6 -c -I../Core/Inc -I../Drivers/STM32F1xx_HAL_Driver/Inc/Legacy -I../Drivers/STM32F1xx_HAL_Driver/Inc -I../Drivers/CMSIS/Device/ST/STM32F1xx/Include -I../Drivers/CMSIS/Include -O0 -ffunction-sections -fdata-sections -Wall -fstack-usage -fcyclomatic-complexity -MMD -MP -MF"Core/Src/led.d" -MT"Core/Src/led.o" --specs=nano.specs -mfloat-abi=soft -mthumb -o "Core/Src/led.o"
arm-none-eabi-gcc "../Core/Src/main.c" -mcpu=cortex-m3 -std=gnu11 -g3 -DDEBUG -DUSE_HAL_DRIVER -DSTM32F103x6 -c -I../Core/Inc -I../Drivers/STM32F1xx_HAL_Driver/Inc/Legacy -I../Drivers/STM32F1xx_HAL_Driver/Inc -I../Drivers/CMSIS/Device/ST/STM32F1xx/Include -I../Drivers/CMSIS/Include -O0 -ffunction-sections -fdata-sections -Wall -fstack-usage -fcyclomatic-complexity -MMD -MP -MF"Core/Src/main.d" -MT"Core/Src/main.o" --specs=nano.specs -mfloat-abi=soft -mthumb -o "Core/Src/main.o"
../Core/Src/main.c: In function 'main':
../Core/Src/main.c:98:3: warning: implicit declaration of function 'initSPI' [-Wimplicit-function-declaration]
   98 |   initSPI(&hspi1);
      |   ^~~~~~~
../Core/Src/main.c: In function 'displayNumber':
../Core/Src/main.c:111:34: warning: passing argument 2 of 'HAL_SPI_Transmit' makes pointer from integer without a cast [-Wint-conversion]
  111 |         HAL_SPI_Transmit(&hspi1, aTxBuffer, 1, 5000);
      |                                  ^~~~~~~~~
      |                                  |
      |                                  uint8_t {aka unsigned char}
In file included from ../Core/Inc/stm32f1xx_hal_conf.h:330,
                 from ../Drivers/STM32F1xx_HAL_Driver/Inc/stm32f1xx_hal.h:29,
                 from ../Core/Inc/main.h:30,
                 from ../Core/Src/main.c:20:
../Drivers/STM32F1xx_HAL_Driver/Inc/stm32f1xx_hal_spi.h:671:70: note: expected 'uint8_t *' {aka 'unsigned char *'} but argument is of type 'uint8_t' {aka 'unsigned char'}
  671 | HAL_StatusTypeDef HAL_SPI_Transmit(SPI_HandleTypeDef *hspi, uint8_t *pData, uint16_t Size, uint32_t Timeout);
      |                                                             ~~~~~~~~~^~~~~
arm-none-eabi-g++ -o "HAL_SPI_Static_IND.elf" @"objects.list"   -mcpu=cortex-m3 -T"E:\Projects\Micros\Micros\STM32\24_HAL_SPI_Static_IND\HAL_SPI_Static_IND\STM32F103C6TX_FLASH.ld" --specs=nosys.specs -Wl,-Map="HAL_SPI_Static_IND.map" -Wl,--gc-sections -static --specs=nano.specs -mfloat-abi=soft -mthumb -Wl,--start-group -lc -lm -lstdc++ -lsupc++ -Wl,--end-group
C:/ST/STM32CubeIDE_1.17.0/STM32CubeIDE/plugins/com.st.stm32cube.ide.mcu.externaltools.gnu-tools-for-stm32.12.3.rel1.win32_1.1.0.202410251130/tools/bin/../lib/gcc/arm-none-eabi/12.3.1/../../../../arm-none-eabi/bin/ld.exe: ./Core/Src/main.o: in function `main':
E:/Projects/Micros/Micros/STM32/24_HAL_SPI_Static_IND/HAL_SPI_Static_IND/Debug/../Core/Src/main.c:98: undefined reference to `initSPI'
collect2.exe: error: ld returned 1 exit status
make: *** [makefile:91: HAL_SPI_Static_IND.elf] Error 1
"make -j4 all" terminated with exit code 2. Build might be incomplete.
23:09:25 **** Incremental Build of configuration Debug for project HAL_SPI_Static_IND ****
make -j4 all 
arm-none-eabi-gcc "../Core/Src/main.c" -mcpu=cortex-m3 -std=gnu11 -g3 -DDEBUG -DUSE_HAL_DRIVER -DSTM32F103x6 -c -I../Core/Inc -I../Drivers/STM32F1xx_HAL_Driver/Inc/Legacy -I../Drivers/STM32F1xx_HAL_Driver/Inc -I../Drivers/CMSIS/Device/ST/STM32F1xx/Include -I../Drivers/CMSIS/Include -O0 -ffunction-sections -fdata-sections -Wall -fstack-usage -fcyclomatic-complexity -MMD -MP -MF"Core/Src/main.d" -MT"Core/Src/main.o" --specs=nano.specs -mfloat-abi=soft -mthumb -o "Core/Src/main.o"
../Core/Src/main.c: In function 'displayNumber':
../Core/Src/main.c:110:34: warning: passing argument 2 of 'HAL_SPI_Transmit' makes pointer from integer without a cast [-Wint-conversion]
  110 |         HAL_SPI_Transmit(&hspi1, aTxBuffer, 1, 5000);
      |                                  ^~~~~~~~~
      |                                  |
      |                                  uint8_t {aka unsigned char}
In file included from ../Core/Inc/stm32f1xx_hal_conf.h:330,
                 from ../Drivers/STM32F1xx_HAL_Driver/Inc/stm32f1xx_hal.h:29,
                 from ../Core/Inc/main.h:30,
                 from ../Core/Src/main.c:20:
../Drivers/STM32F1xx_HAL_Driver/Inc/stm32f1xx_hal_spi.h:671:70: note: expected 'uint8_t *' {aka 'unsigned char *'} but argument is of type 'uint8_t' {aka 'unsigned char'}
  671 | HAL_StatusTypeDef HAL_SPI_Transmit(SPI_HandleTypeDef *hspi, uint8_t *pData, uint16_t Size, uint32_t Timeout);
      |                                                             ~~~~~~~~~^~~~~
arm-none-eabi-g++ -o "HAL_SPI_Static_IND.elf" @"objects.list"   -mcpu=cortex-m3 -T"E:\Projects\Micros\Micros\STM32\24_HAL_SPI_Static_IND\HAL_SPI_Static_IND\STM32F103C6TX_FLASH.ld" --specs=nosys.specs -Wl,-Map="HAL_SPI_Static_IND.map" -Wl,--gc-sections -static --specs=nano.specs -mfloat-abi=soft -mthumb -Wl,--start-group -lc -lm -lstdc++ -lsupc++ -Wl,--end-group
Finished building target: HAL_SPI_Static_IND.elf
 
arm-none-eabi-size  HAL_SPI_Static_IND.elf 
arm-none-eabi-objdump -h -S HAL_SPI_Static_IND.elf  > "HAL_SPI_Static_IND.list"
   text	   data	    bss	    dec	    hex	filename
   6268	     12	   1660	   7940	   1f04	HAL_SPI_Static_IND.elf
arm-none-eabi-objcopy  -O ihex HAL_SPI_Static_IND.elf  "HAL_SPI_Static_IND.hex"
Finished building: default.size.stdout
 
Finished building: HAL_SPI_Static_IND.list
Finished building: HAL_SPI_Static_IND.hex
 
 
23:10:24 **** Incremental Build of configuration Debug for project HAL_SPI_Static_IND ****
make -j4 all 
arm-none-eabi-gcc "../Core/Src/main.c" -mcpu=cortex-m3 -std=gnu11 -g3 -DDEBUG -DUSE_HAL_DRIVER -DSTM32F103x6 -c -I../Core/Inc -I../Drivers/STM32F1xx_HAL_Driver/Inc/Legacy -I../Drivers/STM32F1xx_HAL_Driver/Inc -I../Drivers/CMSIS/Device/ST/STM32F1xx/Include -I../Drivers/CMSIS/Include -O0 -ffunction-sections -fdata-sections -Wall -fstack-usage -fcyclomatic-complexity -MMD -MP -MF"Core/Src/main.d" -MT"Core/Src/main.o" --specs=nano.specs -mfloat-abi=soft -mthumb -o "Core/Src/main.o"
../Core/Src/main.c: In function 'displayNumber':
../Core/Src/main.c:110:34: warning: passing argument 2 of 'HAL_SPI_Transmit' makes pointer from integer without a cast [-Wint-conversion]
  110 |         HAL_SPI_Transmit(&hspi1, (uint8_t)aTxBuffer, 1, 5000);
      |                                  ^~~~~~~~~~~~~~~~~~
      |                                  |
      |                                  unsigned char
In file included from ../Core/Inc/stm32f1xx_hal_conf.h:330,
                 from ../Drivers/STM32F1xx_HAL_Driver/Inc/stm32f1xx_hal.h:29,
                 from ../Core/Inc/main.h:30,
                 from ../Core/Src/main.c:20:
../Drivers/STM32F1xx_HAL_Driver/Inc/stm32f1xx_hal_spi.h:671:70: note: expected 'uint8_t *' {aka 'unsigned char *'} but argument is of type 'unsigned char'
  671 | HAL_StatusTypeDef HAL_SPI_Transmit(SPI_HandleTypeDef *hspi, uint8_t *pData, uint16_t Size, uint32_t Timeout);
      |                                                             ~~~~~~~~~^~~~~
arm-none-eabi-g++ -o "HAL_SPI_Static_IND.elf" @"objects.list"   -mcpu=cortex-m3 -T"E:\Projects\Micros\Micros\STM32\24_HAL_SPI_Static_IND\HAL_SPI_Static_IND\STM32F103C6TX_FLASH.ld" --specs=nosys.specs -Wl,-Map="HAL_SPI_Static_IND.map" -Wl,--gc-sections -static --specs=nano.specs -mfloat-abi=soft -mthumb -Wl,--start-group -lc -lm -lstdc++ -lsupc++ -Wl,--end-group
Finished building target: HAL_SPI_Static_IND.elf
 
arm-none-eabi-size  HAL_SPI_Static_IND.elf 
arm-none-eabi-objdump -h -S HAL_SPI_Static_IND.elf  > "HAL_SPI_Static_IND.list"
   text	   data	    bss	    dec	    hex	filename
   6268	     12	   1660	   7940	   1f04	HAL_SPI_Static_IND.elf
arm-none-eabi-objcopy  -O ihex HAL_SPI_Static_IND.elf  "HAL_SPI_Static_IND.hex"
Finished building: default.size.stdout
 
Finished building: HAL_SPI_Static_IND.list
 
Finished building: HAL_SPI_Static_IND.hex
 
23:12:05 **** Incremental Build of configuration Debug for project HAL_SPI_Static_IND ****
make -j4 all 
arm-none-eabi-gcc "../Core/Src/led.c" -mcpu=cortex-m3 -std=gnu11 -g3 -DDEBUG -DUSE_HAL_DRIVER -DSTM32F103x6 -c -I../Core/Inc -I../Drivers/STM32F1xx_HAL_Driver/Inc/Legacy -I../Drivers/STM32F1xx_HAL_Driver/Inc -I../Drivers/CMSIS/Device/ST/STM32F1xx/Include -I../Drivers/CMSIS/Include -O0 -ffunction-sections -fdata-sections -Wall -fstack-usage -fcyclomatic-complexity -MMD -MP -MF"Core/Src/led.d" -MT"Core/Src/led.o" --specs=nano.specs -mfloat-abi=soft -mthumb -o "Core/Src/led.o"
arm-none-eabi-gcc "../Core/Src/main.c" -mcpu=cortex-m3 -std=gnu11 -g3 -DDEBUG -DUSE_HAL_DRIVER -DSTM32F103x6 -c -I../Core/Inc -I../Drivers/STM32F1xx_HAL_Driver/Inc/Legacy -I../Drivers/STM32F1xx_HAL_Driver/Inc -I../Drivers/CMSIS/Device/ST/STM32F1xx/Include -I../Drivers/CMSIS/Include -O0 -ffunction-sections -fdata-sections -Wall -fstack-usage -fcyclomatic-complexity -MMD -MP -MF"Core/Src/main.d" -MT"Core/Src/main.o" --specs=nano.specs -mfloat-abi=soft -mthumb -o "Core/Src/main.o"
../Core/Src/led.c: In function 'displayNumber':
../Core/Src/led.c:14:34: warning: passing argument 2 of 'HAL_SPI_Transmit' makes pointer from integer without a cast [-Wint-conversion]
   14 |         HAL_SPI_Transmit(&hspi1, aTxBuffer, 1, 5000);
      |                                  ^~~~~~~~~
      |                                  |
      |                                  uint8_t {aka unsigned char}
In file included from ../Core/Inc/stm32f1xx_hal_conf.h:330,
                 from ../Drivers/STM32F1xx_HAL_Driver/Inc/stm32f1xx_hal.h:29,
                 from ../Core/Inc/main.h:30,
                 from ../Core/Inc/led.h:4,
                 from ../Core/Src/led.c:1:
../Drivers/STM32F1xx_HAL_Driver/Inc/stm32f1xx_hal_spi.h:671:70: note: expected 'uint8_t *' {aka 'unsigned char *'} but argument is of type 'uint8_t' {aka 'unsigned char'}
  671 | HAL_StatusTypeDef HAL_SPI_Transmit(SPI_HandleTypeDef *hspi, uint8_t *pData, uint16_t Size, uint32_t Timeout);
      |                                                             ~~~~~~~~~^~~~~
../Core/Src/led.c: In function 'segchar':
../Core/Src/led.c:26:25: error: 'SA_SET' undeclared (first use in this function)
   26 |                         SA_SET;SB_SET;SC_SET;SD_SET;SE_RESET;SF_RESET;SG_SET;SH_RESET;
      |                         ^~~~~~
../Core/Src/led.c:26:25: note: each undeclared identifier is reported only once for each function it appears in
../Core/Src/led.c:26:32: error: 'SB_SET' undeclared (first use in this function)
   26 |                         SA_SET;SB_SET;SC_SET;SD_SET;SE_RESET;SF_RESET;SG_SET;SH_RESET;
      |                                ^~~~~~
../Core/Src/led.c:26:39: error: 'SC_SET' undeclared (first use in this function)
   26 |                         SA_SET;SB_SET;SC_SET;SD_SET;SE_RESET;SF_RESET;SG_SET;SH_RESET;
      |                                       ^~~~~~
../Core/Src/led.c:26:46: error: 'SD_SET' undeclared (first use in this function)
   26 |                         SA_SET;SB_SET;SC_SET;SD_SET;SE_RESET;SF_RESET;SG_SET;SH_RESET;
      |                                              ^~~~~~
../Core/Src/led.c:26:53: error: 'SE_RESET' undeclared (first use in this function); did you mean 'RESET'?
   26 |                         SA_SET;SB_SET;SC_SET;SD_SET;SE_RESET;SF_RESET;SG_SET;SH_RESET;
      |                                                     ^~~~~~~~
      |                                                     RESET
../Core/Src/led.c:26:62: error: 'SF_RESET' undeclared (first use in this function); did you mean 'RESET'?
   26 |                         SA_SET;SB_SET;SC_SET;SD_SET;SE_RESET;SF_RESET;SG_SET;SH_RESET;
      |                                                              ^~~~~~~~
      |                                                              RESET
../Core/Src/led.c:26:71: error: 'SG_SET' undeclared (first use in this function)
   26 |                         SA_SET;SB_SET;SC_SET;SD_SET;SE_RESET;SF_RESET;SG_SET;SH_RESET;
      |                                                                       ^~~~~~
../Core/Src/led.c:26:78: error: 'SH_RESET' undeclared (first use in this function); did you mean 'PHY_RESET'?
   26 |                         SA_SET;SB_SET;SC_SET;SD_SET;SE_RESET;SF_RESET;SG_SET;SH_RESET;
      |                                                                              ^~~~~~~~
      |                                                                              PHY_RESET
../Core/Src/led.c:29:25: error: 'SA_RESET' undeclared (first use in this function); did you mean 'RESET'?
   29 |                         SA_RESET;SB_SET;SC_SET;SD_RESET;SE_RESET;SF_SET;SG_SET;SH_RESET;
      |                         ^~~~~~~~
      |                         RESET
../Core/Src/led.c:29:48: error: 'SD_RESET' undeclared (first use in this function); did you mean 'RESET'?
   29 |                         SA_RESET;SB_SET;SC_SET;SD_RESET;SE_RESET;SF_SET;SG_SET;SH_RESET;
      |                                                ^~~~~~~~
      |                                                RESET
../Core/Src/led.c:29:66: error: 'SF_SET' undeclared (first use in this function)
   29 |                         SA_RESET;SB_SET;SC_SET;SD_RESET;SE_RESET;SF_SET;SG_SET;SH_RESET;
      |                                                                  ^~~~~~
../Core/Src/led.c:32:32: error: 'SB_RESET' undeclared (first use in this function); did you mean 'RESET'?
   32 |                         SA_SET;SB_RESET;SC_SET;SD_SET;SE_RESET;SF_SET;SG_SET;SH_RESET;
      |                                ^~~~~~~~
      |                                RESET
../Core/Src/led.c:35:55: error: 'SE_SET' undeclared (first use in this function); did you mean 'RESET'?
   35 |                         SA_SET;SB_RESET;SC_SET;SD_SET;SE_SET;SF_SET;SG_SET;SH_RESET;
      |                                                       ^~~~~~
      |                                                       RESET
../Core/Src/led.c:38:73: error: 'SG_RESET' undeclared (first use in this function); did you mean 'RESET'?
   38 |                         SA_SET;SB_SET;SC_SET;SD_RESET;SE_RESET;SF_RESET;SG_RESET;SH_RESET;
      |                                                                         ^~~~~~~~
      |                                                                         RESET
make: *** [Core/Src/subdir.mk:37: Core/Src/led.o] Error 1
make: *** Waiting for unfinished jobs....
"make -j4 all" terminated with exit code 2. Build might be incomplete.
23:13:11 **** Incremental Build of configuration Debug for project HAL_SPI_Static_IND ****
make -j4 all 
arm-none-eabi-gcc "../Core/Src/led.c" -mcpu=cortex-m3 -std=gnu11 -g3 -DDEBUG -DUSE_HAL_DRIVER -DSTM32F103x6 -c -I../Core/Inc -I../Drivers/STM32F1xx_HAL_Driver/Inc/Legacy -I../Drivers/STM32F1xx_HAL_Driver/Inc -I../Drivers/CMSIS/Device/ST/STM32F1xx/Include -I../Drivers/CMSIS/Include -O0 -ffunction-sections -fdata-sections -Wall -fstack-usage -fcyclomatic-complexity -MMD -MP -MF"Core/Src/led.d" -MT"Core/Src/led.o" --specs=nano.specs -mfloat-abi=soft -mthumb -o "Core/Src/led.o"
../Core/Src/led.c: In function 'displayNumber':
../Core/Src/led.c:14:34: warning: passing argument 2 of 'HAL_SPI_Transmit' makes pointer from integer without a cast [-Wint-conversion]
   14 |         HAL_SPI_Transmit(&hspi1, aTxBuffer, 1, 5000);
      |                                  ^~~~~~~~~
      |                                  |
      |                                  uint8_t {aka unsigned char}
In file included from ../Core/Inc/stm32f1xx_hal_conf.h:330,
                 from ../Drivers/STM32F1xx_HAL_Driver/Inc/stm32f1xx_hal.h:29,
                 from ../Core/Inc/main.h:30,
                 from ../Core/Inc/led.h:4,
                 from ../Core/Src/led.c:1:
../Drivers/STM32F1xx_HAL_Driver/Inc/stm32f1xx_hal_spi.h:671:70: note: expected 'uint8_t *' {aka 'unsigned char *'} but argument is of type 'uint8_t' {aka 'unsigned char'}
  671 | HAL_StatusTypeDef HAL_SPI_Transmit(SPI_HandleTypeDef *hspi, uint8_t *pData, uint16_t Size, uint32_t Timeout);
      |                                                             ~~~~~~~~~^~~~~
arm-none-eabi-g++ -o "HAL_SPI_Static_IND.elf" @"objects.list"   -mcpu=cortex-m3 -T"E:\Projects\Micros\Micros\STM32\24_HAL_SPI_Static_IND\HAL_SPI_Static_IND\STM32F103C6TX_FLASH.ld" --specs=nosys.specs -Wl,-Map="HAL_SPI_Static_IND.map" -Wl,--gc-sections -static --specs=nano.specs -mfloat-abi=soft -mthumb -Wl,--start-group -lc -lm -lstdc++ -lsupc++ -Wl,--end-group
Finished building target: HAL_SPI_Static_IND.elf
 
arm-none-eabi-size  HAL_SPI_Static_IND.elf 
arm-none-eabi-objdump -h -S HAL_SPI_Static_IND.elf  > "HAL_SPI_Static_IND.list"
   text	   data	    bss	    dec	    hex	filename
   6268	     12	   1660	   7940	   1f04	HAL_SPI_Static_IND.elf
arm-none-eabi-objcopy  -O ihex HAL_SPI_Static_IND.elf  "HAL_SPI_Static_IND.hex"
Finished building: default.size.stdout
 
Finished building: HAL_SPI_Static_IND.hex
Finished building: HAL_SPI_Static_IND.list
 
 
23:14:26 **** Incremental Build of configuration Debug for project HAL_SPI_Static_IND ****
make -j4 all 
arm-none-eabi-gcc "../Core/Src/led.c" -mcpu=cortex-m3 -std=gnu11 -g3 -DDEBUG -DUSE_HAL_DRIVER -DSTM32F103x6 -c -I../Core/Inc -I../Drivers/STM32F1xx_HAL_Driver/Inc/Legacy -I../Drivers/STM32F1xx_HAL_Driver/Inc -I../Drivers/CMSIS/Device/ST/STM32F1xx/Include -I../Drivers/CMSIS/Include -O0 -ffunction-sections -fdata-sections -Wall -fstack-usage -fcyclomatic-complexity -MMD -MP -MF"Core/Src/led.d" -MT"Core/Src/led.o" --specs=nano.specs -mfloat-abi=soft -mthumb -o "Core/Src/led.o"
../Core/Src/led.c: In function 'displayNumber':
../Core/Src/led.c:14:34: warning: passing argument 2 of 'HAL_SPI_Transmit' makes pointer from integer without a cast [-Wint-conversion]
   14 |         HAL_SPI_Transmit(&hspi1, aTxBuffer, 1, 5000);
      |                                  ^~~~~~~~~
      |                                  |
      |                                  uint8_t {aka unsigned char}
In file included from ../Core/Inc/stm32f1xx_hal_conf.h:330,
                 from ../Drivers/STM32F1xx_HAL_Driver/Inc/stm32f1xx_hal.h:29,
                 from ../Core/Inc/main.h:30,
                 from ../Core/Inc/led.h:4,
                 from ../Core/Src/led.c:1:
../Drivers/STM32F1xx_HAL_Driver/Inc/stm32f1xx_hal_spi.h:671:70: note: expected 'uint8_t *' {aka 'unsigned char *'} but argument is of type 'uint8_t' {aka 'unsigned char'}
  671 | HAL_StatusTypeDef HAL_SPI_Transmit(SPI_HandleTypeDef *hspi, uint8_t *pData, uint16_t Size, uint32_t Timeout);
      |                                                             ~~~~~~~~~^~~~~
../Core/Src/led.c: In function 'segchar':
../Core/Src/led.c:24:39: warning: unsigned conversion from 'int' to 'uint8_t' {aka 'unsigned char'} changes value from '328' to '72' [-Woverflow]
   24 |                 case 2: displayNumber(164<<1); break;
      |                                       ^~~~~~
arm-none-eabi-g++ -o "HAL_SPI_Static_IND.elf" @"objects.list"   -mcpu=cortex-m3 -T"E:\Projects\Micros\Micros\STM32\24_HAL_SPI_Static_IND\HAL_SPI_Static_IND\STM32F103C6TX_FLASH.ld" --specs=nosys.specs -Wl,-Map="HAL_SPI_Static_IND.map" -Wl,--gc-sections -static --specs=nano.specs -mfloat-abi=soft -mthumb -Wl,--start-group -lc -lm -lstdc++ -lsupc++ -Wl,--end-group
Finished building target: HAL_SPI_Static_IND.elf
 
arm-none-eabi-size  HAL_SPI_Static_IND.elf 
arm-none-eabi-objdump -h -S HAL_SPI_Static_IND.elf  > "HAL_SPI_Static_IND.list"
   text	   data	    bss	    dec	    hex	filename
   6268	     12	   1660	   7940	   1f04	HAL_SPI_Static_IND.elf
arm-none-eabi-objcopy  -O ihex HAL_SPI_Static_IND.elf  "HAL_SPI_Static_IND.hex"
Finished building: default.size.stdout
 
Finished building: HAL_SPI_Static_IND.list
Finished building: HAL_SPI_Static_IND.hex
 
 
23:14:47 **** Incremental Build of configuration Debug for project HAL_SPI_Static_IND ****
make -j4 all 
arm-none-eabi-gcc "../Core/Src/main.c" -mcpu=cortex-m3 -std=gnu11 -g3 -DDEBUG -DUSE_HAL_DRIVER -DSTM32F103x6 -c -I../Core/Inc -I../Drivers/STM32F1xx_HAL_Driver/Inc/Legacy -I../Drivers/STM32F1xx_HAL_Driver/Inc -I../Drivers/CMSIS/Device/ST/STM32F1xx/Include -I../Drivers/CMSIS/Include -O0 -ffunction-sections -fdata-sections -Wall -fstack-usage -fcyclomatic-complexity -MMD -MP -MF"Core/Src/main.d" -MT"Core/Src/main.o" --specs=nano.specs -mfloat-abi=soft -mthumb -o "Core/Src/main.o"
arm-none-eabi-g++ -o "HAL_SPI_Static_IND.elf" @"objects.list"   -mcpu=cortex-m3 -T"E:\Projects\Micros\Micros\STM32\24_HAL_SPI_Static_IND\HAL_SPI_Static_IND\STM32F103C6TX_FLASH.ld" --specs=nosys.specs -Wl,-Map="HAL_SPI_Static_IND.map" -Wl,--gc-sections -static --specs=nano.specs -mfloat-abi=soft -mthumb -Wl,--start-group -lc -lm -lstdc++ -lsupc++ -Wl,--end-group
Finished building target: HAL_SPI_Static_IND.elf
 
arm-none-eabi-size  HAL_SPI_Static_IND.elf 
arm-none-eabi-objdump -h -S HAL_SPI_Static_IND.elf  > "HAL_SPI_Static_IND.list"
arm-none-eabi-objcopy  -O ihex HAL_SPI_Static_IND.elf  "HAL_SPI_Static_IND.hex"
   text	   data	    bss	    dec	    hex	filename
   6268	     12	   1660	   7940	   1f04	HAL_SPI_Static_IND.elf
Finished building: default.size.stdout
 
Finished building: HAL_SPI_Static_IND.hex
Finished building: HAL_SPI_Static_IND.list
 
 
23:15:42 **** Incremental Build of configuration Debug for project HAL_SPI_Static_IND ****
make -j4 all 
arm-none-eabi-gcc "../Core/Src/main.c" -mcpu=cortex-m3 -std=gnu11 -g3 -DDEBUG -DUSE_HAL_DRIVER -DSTM32F103x6 -c -I../Core/Inc -I../Drivers/STM32F1xx_HAL_Driver/Inc/Legacy -I../Drivers/STM32F1xx_HAL_Driver/Inc -I../Drivers/CMSIS/Device/ST/STM32F1xx/Include -I../Drivers/CMSIS/Include -O0 -ffunction-sections -fdata-sections -Wall -fstack-usage -fcyclomatic-complexity -MMD -MP -MF"Core/Src/main.d" -MT"Core/Src/main.o" --specs=nano.specs -mfloat-abi=soft -mthumb -o "Core/Src/main.o"
arm-none-eabi-g++ -o "HAL_SPI_Static_IND.elf" @"objects.list"   -mcpu=cortex-m3 -T"E:\Projects\Micros\Micros\STM32\24_HAL_SPI_Static_IND\HAL_SPI_Static_IND\STM32F103C6TX_FLASH.ld" --specs=nosys.specs -Wl,-Map="HAL_SPI_Static_IND.map" -Wl,--gc-sections -static --specs=nano.specs -mfloat-abi=soft -mthumb -Wl,--start-group -lc -lm -lstdc++ -lsupc++ -Wl,--end-group
Finished building target: HAL_SPI_Static_IND.elf
 
arm-none-eabi-size  HAL_SPI_Static_IND.elf 
arm-none-eabi-objdump -h -S HAL_SPI_Static_IND.elf  > "HAL_SPI_Static_IND.list"
arm-none-eabi-objcopy  -O ihex HAL_SPI_Static_IND.elf  "HAL_SPI_Static_IND.hex"
   text	   data	    bss	    dec	    hex	filename
   6288	     12	   1660	   7960	   1f18	HAL_SPI_Static_IND.elf
Finished building: default.size.stdout
 
Finished building: HAL_SPI_Static_IND.list
Finished building: HAL_SPI_Static_IND.hex
 
 
23:16:33 **** Incremental Build of configuration Debug for project HAL_SPI_Static_IND ****
make -j4 all 
arm-none-eabi-gcc "../Core/Src/led.c" -mcpu=cortex-m3 -std=gnu11 -g3 -DDEBUG -DUSE_HAL_DRIVER -DSTM32F103x6 -c -I../Core/Inc -I../Drivers/STM32F1xx_HAL_Driver/Inc/Legacy -I../Drivers/STM32F1xx_HAL_Driver/Inc -I../Drivers/CMSIS/Device/ST/STM32F1xx/Include -I../Drivers/CMSIS/Include -O0 -ffunction-sections -fdata-sections -Wall -fstack-usage -fcyclomatic-complexity -MMD -MP -MF"Core/Src/led.d" -MT"Core/Src/led.o" --specs=nano.specs -mfloat-abi=soft -mthumb -o "Core/Src/led.o"
../Core/Src/led.c: In function 'displayNumber':
../Core/Src/led.c:14:34: warning: passing argument 2 of 'HAL_SPI_Transmit' makes pointer from integer without a cast [-Wint-conversion]
   14 |         HAL_SPI_Transmit(&hspi1, aTxBuffer, 1, 5000);
      |                                  ^~~~~~~~~
      |                                  |
      |                                  uint8_t {aka unsigned char}
In file included from ../Core/Inc/stm32f1xx_hal_conf.h:330,
                 from ../Drivers/STM32F1xx_HAL_Driver/Inc/stm32f1xx_hal.h:29,
                 from ../Core/Inc/main.h:30,
                 from ../Core/Inc/led.h:4,
                 from ../Core/Src/led.c:1:
../Drivers/STM32F1xx_HAL_Driver/Inc/stm32f1xx_hal_spi.h:671:70: note: expected 'uint8_t *' {aka 'unsigned char *'} but argument is of type 'uint8_t' {aka 'unsigned char'}
  671 | HAL_StatusTypeDef HAL_SPI_Transmit(SPI_HandleTypeDef *hspi, uint8_t *pData, uint16_t Size, uint32_t Timeout);
      |                                                             ~~~~~~~~~^~~~~
arm-none-eabi-g++ -o "HAL_SPI_Static_IND.elf" @"objects.list"   -mcpu=cortex-m3 -T"E:\Projects\Micros\Micros\STM32\24_HAL_SPI_Static_IND\HAL_SPI_Static_IND\STM32F103C6TX_FLASH.ld" --specs=nosys.specs -Wl,-Map="HAL_SPI_Static_IND.map" -Wl,--gc-sections -static --specs=nano.specs -mfloat-abi=soft -mthumb -Wl,--start-group -lc -lm -lstdc++ -lsupc++ -Wl,--end-group
Finished building target: HAL_SPI_Static_IND.elf
 
arm-none-eabi-size  HAL_SPI_Static_IND.elf 
arm-none-eabi-objdump -h -S HAL_SPI_Static_IND.elf  > "HAL_SPI_Static_IND.list"
   text	   data	    bss	    dec	    hex	filename
   6288	     12	   1660	   7960	   1f18	HAL_SPI_Static_IND.elf
arm-none-eabi-objcopy  -O ihex HAL_SPI_Static_IND.elf  "HAL_SPI_Static_IND.hex"
Finished building: default.size.stdout
 
Finished building: HAL_SPI_Static_IND.hex
Finished building: HAL_SPI_Static_IND.list
 
 
23:18:07 **** Incremental Build of configuration Debug for project HAL_SPI_Static_IND ****
make -j4 all 
arm-none-eabi-gcc "../Core/Src/led.c" -mcpu=cortex-m3 -std=gnu11 -g3 -DDEBUG -DUSE_HAL_DRIVER -DSTM32F103x6 -c -I../Core/Inc -I../Drivers/STM32F1xx_HAL_Driver/Inc/Legacy -I../Drivers/STM32F1xx_HAL_Driver/Inc -I../Drivers/CMSIS/Device/ST/STM32F1xx/Include -I../Drivers/CMSIS/Include -O0 -ffunction-sections -fdata-sections -Wall -fstack-usage -fcyclomatic-complexity -MMD -MP -MF"Core/Src/led.d" -MT"Core/Src/led.o" --specs=nano.specs -mfloat-abi=soft -mthumb -o "Core/Src/led.o"
arm-none-eabi-gcc "../Core/Src/main.c" -mcpu=cortex-m3 -std=gnu11 -g3 -DDEBUG -DUSE_HAL_DRIVER -DSTM32F103x6 -c -I../Core/Inc -I../Drivers/STM32F1xx_HAL_Driver/Inc/Legacy -I../Drivers/STM32F1xx_HAL_Driver/Inc -I../Drivers/CMSIS/Device/ST/STM32F1xx/Include -I../Drivers/CMSIS/Include -O0 -ffunction-sections -fdata-sections -Wall -fstack-usage -fcyclomatic-complexity -MMD -MP -MF"Core/Src/main.d" -MT"Core/Src/main.o" --specs=nano.specs -mfloat-abi=soft -mthumb -o "Core/Src/main.o"
../Core/Src/led.c: In function 'displayNumber':
../Core/Src/led.c:13:34: warning: passing argument 2 of 'HAL_SPI_Transmit' makes pointer from integer without a cast [-Wint-conversion]
   13 |         HAL_SPI_Transmit(&hspi1, aTxBuffer, 1, 5000);
      |                                  ^~~~~~~~~
      |                                  |
      |                                  uint8_t {aka unsigned char}
In file included from ../Core/Inc/stm32f1xx_hal_conf.h:330,
                 from ../Drivers/STM32F1xx_HAL_Driver/Inc/stm32f1xx_hal.h:29,
                 from ../Core/Inc/main.h:30,
                 from ../Core/Inc/led.h:4,
                 from ../Core/Src/led.c:1:
../Drivers/STM32F1xx_HAL_Driver/Inc/stm32f1xx_hal_spi.h:671:70: note: expected 'uint8_t *' {aka 'unsigned char *'} but argument is of type 'uint8_t' {aka 'unsigned char'}
  671 | HAL_StatusTypeDef HAL_SPI_Transmit(SPI_HandleTypeDef *hspi, uint8_t *pData, uint16_t Size, uint32_t Timeout);
      |                                                             ~~~~~~~~~^~~~~
arm-none-eabi-g++ -o "HAL_SPI_Static_IND.elf" @"objects.list"   -mcpu=cortex-m3 -T"E:\Projects\Micros\Micros\STM32\24_HAL_SPI_Static_IND\HAL_SPI_Static_IND\STM32F103C6TX_FLASH.ld" --specs=nosys.specs -Wl,-Map="HAL_SPI_Static_IND.map" -Wl,--gc-sections -static --specs=nano.specs -mfloat-abi=soft -mthumb -Wl,--start-group -lc -lm -lstdc++ -lsupc++ -Wl,--end-group
Finished building target: HAL_SPI_Static_IND.elf
 
arm-none-eabi-size  HAL_SPI_Static_IND.elf 
arm-none-eabi-objdump -h -S HAL_SPI_Static_IND.elf  > "HAL_SPI_Static_IND.list"
   text	   data	    bss	    dec	    hex	filename
   6288	     12	   1660	   7960	   1f18	HAL_SPI_Static_IND.elf
arm-none-eabi-objcopy  -O ihex HAL_SPI_Static_IND.elf  "HAL_SPI_Static_IND.hex"
Finished building: default.size.stdout
 
Finished building: HAL_SPI_Static_IND.list
Finished building: HAL_SPI_Static_IND.hex
 
 
23:18:51 **** Incremental Build of configuration Debug for project HAL_SPI_Static_IND ****
make -j4 all 
arm-none-eabi-gcc "../Core/Src/main.c" -mcpu=cortex-m3 -std=gnu11 -g3 -DDEBUG -DUSE_HAL_DRIVER -DSTM32F103x6 -c -I../Core/Inc -I../Drivers/STM32F1xx_HAL_Driver/Inc/Legacy -I../Drivers/STM32F1xx_HAL_Driver/Inc -I../Drivers/CMSIS/Device/ST/STM32F1xx/Include -I../Drivers/CMSIS/Include -O0 -ffunction-sections -fdata-sections -Wall -fstack-usage -fcyclomatic-complexity -MMD -MP -MF"Core/Src/main.d" -MT"Core/Src/main.o" --specs=nano.specs -mfloat-abi=soft -mthumb -o "Core/Src/main.o"
arm-none-eabi-g++ -o "HAL_SPI_Static_IND.elf" @"objects.list"   -mcpu=cortex-m3 -T"E:\Projects\Micros\Micros\STM32\24_HAL_SPI_Static_IND\HAL_SPI_Static_IND\STM32F103C6TX_FLASH.ld" --specs=nosys.specs -Wl,-Map="HAL_SPI_Static_IND.map" -Wl,--gc-sections -static --specs=nano.specs -mfloat-abi=soft -mthumb -Wl,--start-group -lc -lm -lstdc++ -lsupc++ -Wl,--end-group
Finished building target: HAL_SPI_Static_IND.elf
 
arm-none-eabi-size  HAL_SPI_Static_IND.elf 
arm-none-eabi-objdump -h -S HAL_SPI_Static_IND.elf  > "HAL_SPI_Static_IND.list"
   text	   data	    bss	    dec	    hex	filename
   6288	     12	   1660	   7960	   1f18	HAL_SPI_Static_IND.elf
arm-none-eabi-objcopy  -O ihex HAL_SPI_Static_IND.elf  "HAL_SPI_Static_IND.hex"
Finished building: default.size.stdout
 
Finished building: HAL_SPI_Static_IND.hex
Finished building: HAL_SPI_Static_IND.list
 
 
23:19:36 **** Incremental Build of configuration Debug for project HAL_SPI_Static_IND ****
make -j4 all 
arm-none-eabi-gcc "../Core/Src/main.c" -mcpu=cortex-m3 -std=gnu11 -g3 -DDEBUG -DUSE_HAL_DRIVER -DSTM32F103x6 -c -I../Core/Inc -I../Drivers/STM32F1xx_HAL_Driver/Inc/Legacy -I../Drivers/STM32F1xx_HAL_Driver/Inc -I../Drivers/CMSIS/Device/ST/STM32F1xx/Include -I../Drivers/CMSIS/Include -O0 -ffunction-sections -fdata-sections -Wall -fstack-usage -fcyclomatic-complexity -MMD -MP -MF"Core/Src/main.d" -MT"Core/Src/main.o" --specs=nano.specs -mfloat-abi=soft -mthumb -o "Core/Src/main.o"
../Core/Src/main.c: In function 'main':
../Core/Src/main.c:108:19: warning: implicit declaration of function 'displayNumber' [-Wimplicit-function-declaration]
  108 |                   displayNumber(i);
      |                   ^~~~~~~~~~~~~
arm-none-eabi-g++ -o "HAL_SPI_Static_IND.elf" @"objects.list"   -mcpu=cortex-m3 -T"E:\Projects\Micros\Micros\STM32\24_HAL_SPI_Static_IND\HAL_SPI_Static_IND\STM32F103C6TX_FLASH.ld" --specs=nosys.specs -Wl,-Map="HAL_SPI_Static_IND.map" -Wl,--gc-sections -static --specs=nano.specs -mfloat-abi=soft -mthumb -Wl,--start-group -lc -lm -lstdc++ -lsupc++ -Wl,--end-group
Finished building target: HAL_SPI_Static_IND.elf
 
arm-none-eabi-size  HAL_SPI_Static_IND.elf 
arm-none-eabi-objdump -h -S HAL_SPI_Static_IND.elf  > "HAL_SPI_Static_IND.list"
   text	   data	    bss	    dec	    hex	filename
   6132	     12	   1660	   7804	   1e7c	HAL_SPI_Static_IND.elf
arm-none-eabi-objcopy  -O ihex HAL_SPI_Static_IND.elf  "HAL_SPI_Static_IND.hex"
Finished building: default.size.stdout
 
Finished building: HAL_SPI_Static_IND.list
Finished building: HAL_SPI_Static_IND.hex
 
 
23:20:23 **** Incremental Build of configuration Debug for project HAL_SPI_Static_IND ****
make -j4 all 
arm-none-eabi-gcc "../Core/Src/main.c" -mcpu=cortex-m3 -std=gnu11 -g3 -DDEBUG -DUSE_HAL_DRIVER -DSTM32F103x6 -c -I../Core/Inc -I../Drivers/STM32F1xx_HAL_Driver/Inc/Legacy -I../Drivers/STM32F1xx_HAL_Driver/Inc -I../Drivers/CMSIS/Device/ST/STM32F1xx/Include -I../Drivers/CMSIS/Include -O0 -ffunction-sections -fdata-sections -Wall -fstack-usage -fcyclomatic-complexity -MMD -MP -MF"Core/Src/main.d" -MT"Core/Src/main.o" --specs=nano.specs -mfloat-abi=soft -mthumb -o "Core/Src/main.o"
../Core/Src/main.c: In function 'main':
../Core/Src/main.c:108:19: warning: implicit declaration of function 'displayNumber' [-Wimplicit-function-declaration]
  108 |                   displayNumber(i);
      |                   ^~~~~~~~~~~~~
arm-none-eabi-g++ -o "HAL_SPI_Static_IND.elf" @"objects.list"   -mcpu=cortex-m3 -T"E:\Projects\Micros\Micros\STM32\24_HAL_SPI_Static_IND\HAL_SPI_Static_IND\STM32F103C6TX_FLASH.ld" --specs=nosys.specs -Wl,-Map="HAL_SPI_Static_IND.map" -Wl,--gc-sections -static --specs=nano.specs -mfloat-abi=soft -mthumb -Wl,--start-group -lc -lm -lstdc++ -lsupc++ -Wl,--end-group
Finished building target: HAL_SPI_Static_IND.elf
 
arm-none-eabi-size  HAL_SPI_Static_IND.elf 
arm-none-eabi-objdump -h -S HAL_SPI_Static_IND.elf  > "HAL_SPI_Static_IND.list"
   text	   data	    bss	    dec	    hex	filename
   6132	     12	   1660	   7804	   1e7c	HAL_SPI_Static_IND.elf
arm-none-eabi-objcopy  -O ihex HAL_SPI_Static_IND.elf  "HAL_SPI_Static_IND.hex"
Finished building: default.size.stdout
 
Finished building: HAL_SPI_Static_IND.list
Finished building: HAL_SPI_Static_IND.hex
 
 
23:21:20 **** Incremental Build of configuration Debug for project HAL_SPI_Static_IND ****
make -j4 all 
arm-none-eabi-gcc "../Core/Src/led.c" -mcpu=cortex-m3 -std=gnu11 -g3 -DDEBUG -DUSE_HAL_DRIVER -DSTM32F103x6 -c -I../Core/Inc -I../Drivers/STM32F1xx_HAL_Driver/Inc/Legacy -I../Drivers/STM32F1xx_HAL_Driver/Inc -I../Drivers/CMSIS/Device/ST/STM32F1xx/Include -I../Drivers/CMSIS/Include -O0 -ffunction-sections -fdata-sections -Wall -fstack-usage -fcyclomatic-complexity -MMD -MP -MF"Core/Src/led.d" -MT"Core/Src/led.o" --specs=nano.specs -mfloat-abi=soft -mthumb -o "Core/Src/led.o"
../Core/Src/led.c: In function 'displayNumber':
../Core/Src/led.c:13:34: warning: passing argument 2 of 'HAL_SPI_Transmit' makes pointer from integer without a cast [-Wint-conversion]
   13 |         HAL_SPI_Transmit(&hspi1, aTxBuffer, 1, 5000);
      |                                  ^~~~~~~~~
      |                                  |
      |                                  uint8_t {aka unsigned char}
In file included from ../Core/Inc/stm32f1xx_hal_conf.h:330,
                 from ../Drivers/STM32F1xx_HAL_Driver/Inc/stm32f1xx_hal.h:29,
                 from ../Core/Inc/main.h:30,
                 from ../Core/Inc/led.h:4,
                 from ../Core/Src/led.c:1:
../Drivers/STM32F1xx_HAL_Driver/Inc/stm32f1xx_hal_spi.h:671:70: note: expected 'uint8_t *' {aka 'unsigned char *'} but argument is of type 'uint8_t' {aka 'unsigned char'}
  671 | HAL_StatusTypeDef HAL_SPI_Transmit(SPI_HandleTypeDef *hspi, uint8_t *pData, uint16_t Size, uint32_t Timeout);
      |                                                             ~~~~~~~~~^~~~~
arm-none-eabi-g++ -o "HAL_SPI_Static_IND.elf" @"objects.list"   -mcpu=cortex-m3 -T"E:\Projects\Micros\Micros\STM32\24_HAL_SPI_Static_IND\HAL_SPI_Static_IND\STM32F103C6TX_FLASH.ld" --specs=nosys.specs -Wl,-Map="HAL_SPI_Static_IND.map" -Wl,--gc-sections -static --specs=nano.specs -mfloat-abi=soft -mthumb -Wl,--start-group -lc -lm -lstdc++ -lsupc++ -Wl,--end-group
Finished building target: HAL_SPI_Static_IND.elf
 
arm-none-eabi-size  HAL_SPI_Static_IND.elf 
arm-none-eabi-objdump -h -S HAL_SPI_Static_IND.elf  > "HAL_SPI_Static_IND.list"
   text	   data	    bss	    dec	    hex	filename
   6132	     12	   1660	   7804	   1e7c	HAL_SPI_Static_IND.elf
arm-none-eabi-objcopy  -O ihex HAL_SPI_Static_IND.elf  "HAL_SPI_Static_IND.hex"
Finished building: default.size.stdout
 
Finished building: HAL_SPI_Static_IND.list
Finished building: HAL_SPI_Static_IND.hex
 
 
23:22:12 **** Incremental Build of configuration Debug for project HAL_SPI_Static_IND ****
make -j4 all 
arm-none-eabi-gcc "../Core/Src/main.c" -mcpu=cortex-m3 -std=gnu11 -g3 -DDEBUG -DUSE_HAL_DRIVER -DSTM32F103x6 -c -I../Core/Inc -I../Drivers/STM32F1xx_HAL_Driver/Inc/Legacy -I../Drivers/STM32F1xx_HAL_Driver/Inc -I../Drivers/CMSIS/Device/ST/STM32F1xx/Include -I../Drivers/CMSIS/Include -O0 -ffunction-sections -fdata-sections -Wall -fstack-usage -fcyclomatic-complexity -MMD -MP -MF"Core/Src/main.d" -MT"Core/Src/main.o" --specs=nano.specs -mfloat-abi=soft -mthumb -o "Core/Src/main.o"
../Core/Src/main.c: In function 'main':
../Core/Src/main.c:107:11: warning: implicit declaration of function 'displayNumber' [-Wimplicit-function-declaration]
  107 |           displayNumber(0x01);
      |           ^~~~~~~~~~~~~
arm-none-eabi-g++ -o "HAL_SPI_Static_IND.elf" @"objects.list"   -mcpu=cortex-m3 -T"E:\Projects\Micros\Micros\STM32\24_HAL_SPI_Static_IND\HAL_SPI_Static_IND\STM32F103C6TX_FLASH.ld" --specs=nosys.specs -Wl,-Map="HAL_SPI_Static_IND.map" -Wl,--gc-sections -static --specs=nano.specs -mfloat-abi=soft -mthumb -Wl,--start-group -lc -lm -lstdc++ -lsupc++ -Wl,--end-group
Finished building target: HAL_SPI_Static_IND.elf
 
arm-none-eabi-size  HAL_SPI_Static_IND.elf 
arm-none-eabi-objdump -h -S HAL_SPI_Static_IND.elf  > "HAL_SPI_Static_IND.list"
   text	   data	    bss	    dec	    hex	filename
   6036	     12	   1660	   7708	   1e1c	HAL_SPI_Static_IND.elf
arm-none-eabi-objcopy  -O ihex HAL_SPI_Static_IND.elf  "HAL_SPI_Static_IND.hex"
Finished building: default.size.stdout
 
Finished building: HAL_SPI_Static_IND.list
Finished building: HAL_SPI_Static_IND.hex
 
 
23:24:23 **** Incremental Build of configuration Debug for project HAL_SPI_Static_IND ****
make -j4 all 
arm-none-eabi-gcc "../Core/Src/main.c" -mcpu=cortex-m3 -std=gnu11 -g3 -DDEBUG -DUSE_HAL_DRIVER -DSTM32F103x6 -c -I../Core/Inc -I../Drivers/STM32F1xx_HAL_Driver/Inc/Legacy -I../Drivers/STM32F1xx_HAL_Driver/Inc -I../Drivers/CMSIS/Device/ST/STM32F1xx/Include -I../Drivers/CMSIS/Include -O0 -ffunction-sections -fdata-sections -Wall -fstack-usage -fcyclomatic-complexity -MMD -MP -MF"Core/Src/main.d" -MT"Core/Src/main.o" --specs=nano.specs -mfloat-abi=soft -mthumb -o "Core/Src/main.o"
../Core/Src/main.c: In function 'main':
../Core/Src/main.c:107:11: warning: implicit declaration of function 'displayNumber' [-Wimplicit-function-declaration]
  107 |           displayNumber(0x01 << 1);
      |           ^~~~~~~~~~~~~
arm-none-eabi-g++ -o "HAL_SPI_Static_IND.elf" @"objects.list"   -mcpu=cortex-m3 -T"E:\Projects\Micros\Micros\STM32\24_HAL_SPI_Static_IND\HAL_SPI_Static_IND\STM32F103C6TX_FLASH.ld" --specs=nosys.specs -Wl,-Map="HAL_SPI_Static_IND.map" -Wl,--gc-sections -static --specs=nano.specs -mfloat-abi=soft -mthumb -Wl,--start-group -lc -lm -lstdc++ -lsupc++ -Wl,--end-group
Finished building target: HAL_SPI_Static_IND.elf
 
arm-none-eabi-size  HAL_SPI_Static_IND.elf 
arm-none-eabi-objdump -h -S HAL_SPI_Static_IND.elf  > "HAL_SPI_Static_IND.list"
   text	   data	    bss	    dec	    hex	filename
   6036	     12	   1660	   7708	   1e1c	HAL_SPI_Static_IND.elf
arm-none-eabi-objcopy  -O ihex HAL_SPI_Static_IND.elf  "HAL_SPI_Static_IND.hex"
Finished building: default.size.stdout
 
Finished building: HAL_SPI_Static_IND.hex
Finished building: HAL_SPI_Static_IND.list
 
 
23:25:34 **** Incremental Build of configuration Debug for project HAL_SPI_Static_IND ****
make -j4 all 
arm-none-eabi-gcc "../Core/Src/main.c" -mcpu=cortex-m3 -std=gnu11 -g3 -DDEBUG -DUSE_HAL_DRIVER -DSTM32F103x6 -c -I../Core/Inc -I../Drivers/STM32F1xx_HAL_Driver/Inc/Legacy -I../Drivers/STM32F1xx_HAL_Driver/Inc -I../Drivers/CMSIS/Device/ST/STM32F1xx/Include -I../Drivers/CMSIS/Include -O0 -ffunction-sections -fdata-sections -Wall -fstack-usage -fcyclomatic-complexity -MMD -MP -MF"Core/Src/main.d" -MT"Core/Src/main.o" --specs=nano.specs -mfloat-abi=soft -mthumb -o "Core/Src/main.o"
../Core/Src/main.c: In function 'main':
../Core/Src/main.c:107:11: warning: implicit declaration of function 'displayNumber' [-Wimplicit-function-declaration]
  107 |           displayNumber(0x01 << 1);
      |           ^~~~~~~~~~~~~
arm-none-eabi-g++ -o "HAL_SPI_Static_IND.elf" @"objects.list"   -mcpu=cortex-m3 -T"E:\Projects\Micros\Micros\STM32\24_HAL_SPI_Static_IND\HAL_SPI_Static_IND\STM32F103C6TX_FLASH.ld" --specs=nosys.specs -Wl,-Map="HAL_SPI_Static_IND.map" -Wl,--gc-sections -static --specs=nano.specs -mfloat-abi=soft -mthumb -Wl,--start-group -lc -lm -lstdc++ -lsupc++ -Wl,--end-group
Finished building target: HAL_SPI_Static_IND.elf
 
arm-none-eabi-size  HAL_SPI_Static_IND.elf 
arm-none-eabi-objdump -h -S HAL_SPI_Static_IND.elf  > "HAL_SPI_Static_IND.list"
arm-none-eabi-objcopy  -O ihex HAL_SPI_Static_IND.elf  "HAL_SPI_Static_IND.hex"
   text	   data	    bss	    dec	    hex	filename
   6116	     12	   1660	   7788	   1e6c	HAL_SPI_Static_IND.elf
Finished building: default.size.stdout
 
Finished building: HAL_SPI_Static_IND.list
 
Finished building: HAL_SPI_Static_IND.hex
 
23:26:12 **** Incremental Build of configuration Debug for project HAL_SPI_Static_IND ****
make -j4 all 
arm-none-eabi-gcc "../Core/Src/main.c" -mcpu=cortex-m3 -std=gnu11 -g3 -DDEBUG -DUSE_HAL_DRIVER -DSTM32F103x6 -c -I../Core/Inc -I../Drivers/STM32F1xx_HAL_Driver/Inc/Legacy -I../Drivers/STM32F1xx_HAL_Driver/Inc -I../Drivers/CMSIS/Device/ST/STM32F1xx/Include -I../Drivers/CMSIS/Include -O0 -ffunction-sections -fdata-sections -Wall -fstack-usage -fcyclomatic-complexity -MMD -MP -MF"Core/Src/main.d" -MT"Core/Src/main.o" --specs=nano.specs -mfloat-abi=soft -mthumb -o "Core/Src/main.o"
../Core/Src/main.c: In function 'main':
../Core/Src/main.c:108:11: warning: implicit declaration of function 'displayNumber' [-Wimplicit-function-declaration]
  108 |           displayNumber(249 << 1);
      |           ^~~~~~~~~~~~~
arm-none-eabi-g++ -o "HAL_SPI_Static_IND.elf" @"objects.list"   -mcpu=cortex-m3 -T"E:\Projects\Micros\Micros\STM32\24_HAL_SPI_Static_IND\HAL_SPI_Static_IND\STM32F103C6TX_FLASH.ld" --specs=nosys.specs -Wl,-Map="HAL_SPI_Static_IND.map" -Wl,--gc-sections -static --specs=nano.specs -mfloat-abi=soft -mthumb -Wl,--start-group -lc -lm -lstdc++ -lsupc++ -Wl,--end-group
Finished building target: HAL_SPI_Static_IND.elf
 
arm-none-eabi-size  HAL_SPI_Static_IND.elf 
arm-none-eabi-objdump -h -S HAL_SPI_Static_IND.elf  > "HAL_SPI_Static_IND.list"
arm-none-eabi-objcopy  -O ihex HAL_SPI_Static_IND.elf  "HAL_SPI_Static_IND.hex"
   text	   data	    bss	    dec	    hex	filename
   6116	     12	   1660	   7788	   1e6c	HAL_SPI_Static_IND.elf
Finished building: default.size.stdout
 
Finished building: HAL_SPI_Static_IND.list
Finished building: HAL_SPI_Static_IND.hex
 
 
23:26:40 **** Incremental Build of configuration Debug for project HAL_SPI_Static_IND ****
make -j4 all 
arm-none-eabi-gcc "../Core/Src/main.c" -mcpu=cortex-m3 -std=gnu11 -g3 -DDEBUG -DUSE_HAL_DRIVER -DSTM32F103x6 -c -I../Core/Inc -I../Drivers/STM32F1xx_HAL_Driver/Inc/Legacy -I../Drivers/STM32F1xx_HAL_Driver/Inc -I../Drivers/CMSIS/Device/ST/STM32F1xx/Include -I../Drivers/CMSIS/Include -O0 -ffunction-sections -fdata-sections -Wall -fstack-usage -fcyclomatic-complexity -MMD -MP -MF"Core/Src/main.d" -MT"Core/Src/main.o" --specs=nano.specs -mfloat-abi=soft -mthumb -o "Core/Src/main.o"
../Core/Src/main.c: In function 'main':
../Core/Src/main.c:108:11: warning: implicit declaration of function 'displayNumber' [-Wimplicit-function-declaration]
  108 |           displayNumber(249 >> 1);
      |           ^~~~~~~~~~~~~
arm-none-eabi-g++ -o "HAL_SPI_Static_IND.elf" @"objects.list"   -mcpu=cortex-m3 -T"E:\Projects\Micros\Micros\STM32\24_HAL_SPI_Static_IND\HAL_SPI_Static_IND\STM32F103C6TX_FLASH.ld" --specs=nosys.specs -Wl,-Map="HAL_SPI_Static_IND.map" -Wl,--gc-sections -static --specs=nano.specs -mfloat-abi=soft -mthumb -Wl,--start-group -lc -lm -lstdc++ -lsupc++ -Wl,--end-group
Finished building target: HAL_SPI_Static_IND.elf
 
arm-none-eabi-size  HAL_SPI_Static_IND.elf 
arm-none-eabi-objdump -h -S HAL_SPI_Static_IND.elf  > "HAL_SPI_Static_IND.list"
arm-none-eabi-objcopy  -O ihex HAL_SPI_Static_IND.elf  "HAL_SPI_Static_IND.hex"
   text	   data	    bss	    dec	    hex	filename
   6116	     12	   1660	   7788	   1e6c	HAL_SPI_Static_IND.elf
Finished building: default.size.stdout
 
Finished building: HAL_SPI_Static_IND.hex
Finished building: HAL_SPI_Static_IND.list
 
 
23:29:45 **** Incremental Build of configuration Debug for project HAL_SPI_Static_IND ****
make -j4 all 
arm-none-eabi-gcc "../Core/Src/led.c" -mcpu=cortex-m3 -std=gnu11 -g3 -DDEBUG -DUSE_HAL_DRIVER -DSTM32F103x6 -c -I../Core/Inc -I../Drivers/STM32F1xx_HAL_Driver/Inc/Legacy -I../Drivers/STM32F1xx_HAL_Driver/Inc -I../Drivers/CMSIS/Device/ST/STM32F1xx/Include -I../Drivers/CMSIS/Include -O0 -ffunction-sections -fdata-sections -Wall -fstack-usage -fcyclomatic-complexity -MMD -MP -MF"Core/Src/led.d" -MT"Core/Src/led.o" --specs=nano.specs -mfloat-abi=soft -mthumb -o "Core/Src/led.o"
arm-none-eabi-gcc "../Core/Src/main.c" -mcpu=cortex-m3 -std=gnu11 -g3 -DDEBUG -DUSE_HAL_DRIVER -DSTM32F103x6 -c -I../Core/Inc -I../Drivers/STM32F1xx_HAL_Driver/Inc/Legacy -I../Drivers/STM32F1xx_HAL_Driver/Inc -I../Drivers/CMSIS/Device/ST/STM32F1xx/Include -I../Drivers/CMSIS/Include -O0 -ffunction-sections -fdata-sections -Wall -fstack-usage -fcyclomatic-complexity -MMD -MP -MF"Core/Src/main.d" -MT"Core/Src/main.o" --specs=nano.specs -mfloat-abi=soft -mthumb -o "Core/Src/main.o"
../Core/Src/led.c: In function 'displayNumber':
../Core/Src/led.c:13:34: warning: passing argument 2 of 'HAL_SPI_Transmit' makes pointer from integer without a cast [-Wint-conversion]
   13 |         HAL_SPI_Transmit(&hspi1, aTxBuffer, 1, 5000);
      |                                  ^~~~~~~~~
      |                                  |
      |                                  uint8_t {aka unsigned char}
In file included from ../Core/Inc/stm32f1xx_hal_conf.h:330,
                 from ../Drivers/STM32F1xx_HAL_Driver/Inc/stm32f1xx_hal.h:29,
                 from ../Core/Inc/main.h:30,
                 from ../Core/Inc/led.h:4,
                 from ../Core/Src/led.c:1:
../Drivers/STM32F1xx_HAL_Driver/Inc/stm32f1xx_hal_spi.h:671:70: note: expected 'uint8_t *' {aka 'unsigned char *'} but argument is of type 'uint8_t' {aka 'unsigned char'}
  671 | HAL_StatusTypeDef HAL_SPI_Transmit(SPI_HandleTypeDef *hspi, uint8_t *pData, uint16_t Size, uint32_t Timeout);
      |                                                             ~~~~~~~~~^~~~~
arm-none-eabi-g++ -o "HAL_SPI_Static_IND.elf" @"objects.list"   -mcpu=cortex-m3 -T"E:\Projects\Micros\Micros\STM32\24_HAL_SPI_Static_IND\HAL_SPI_Static_IND\STM32F103C6TX_FLASH.ld" --specs=nosys.specs -Wl,-Map="HAL_SPI_Static_IND.map" -Wl,--gc-sections -static --specs=nano.specs -mfloat-abi=soft -mthumb -Wl,--start-group -lc -lm -lstdc++ -lsupc++ -Wl,--end-group
Finished building target: HAL_SPI_Static_IND.elf
 
arm-none-eabi-size  HAL_SPI_Static_IND.elf 
arm-none-eabi-objdump -h -S HAL_SPI_Static_IND.elf  > "HAL_SPI_Static_IND.list"
arm-none-eabi-objcopy  -O ihex HAL_SPI_Static_IND.elf  "HAL_SPI_Static_IND.hex"
   text	   data	    bss	    dec	    hex	filename
   6268	     12	   1660	   7940	   1f04	HAL_SPI_Static_IND.elf
Finished building: default.size.stdout
 
Finished building: HAL_SPI_Static_IND.list
Finished building: HAL_SPI_Static_IND.hex
 
 
23:30:15 **** Incremental Build of configuration Debug for project HAL_SPI_Static_IND ****
make -j4 all 
arm-none-eabi-gcc "../Core/Src/led.c" -mcpu=cortex-m3 -std=gnu11 -g3 -DDEBUG -DUSE_HAL_DRIVER -DSTM32F103x6 -c -I../Core/Inc -I../Drivers/STM32F1xx_HAL_Driver/Inc/Legacy -I../Drivers/STM32F1xx_HAL_Driver/Inc -I../Drivers/CMSIS/Device/ST/STM32F1xx/Include -I../Drivers/CMSIS/Include -O0 -ffunction-sections -fdata-sections -Wall -fstack-usage -fcyclomatic-complexity -MMD -MP -MF"Core/Src/led.d" -MT"Core/Src/led.o" --specs=nano.specs -mfloat-abi=soft -mthumb -o "Core/Src/led.o"
../Core/Src/led.c: In function 'displayNumber':
../Core/Src/led.c:13:34: warning: passing argument 2 of 'HAL_SPI_Transmit' makes pointer from integer without a cast [-Wint-conversion]
   13 |         HAL_SPI_Transmit(&hspi1, aTxBuffer, 1, 5000);
      |                                  ^~~~~~~~~
      |                                  |
      |                                  uint8_t {aka unsigned char}
In file included from ../Core/Inc/stm32f1xx_hal_conf.h:330,
                 from ../Drivers/STM32F1xx_HAL_Driver/Inc/stm32f1xx_hal.h:29,
                 from ../Core/Inc/main.h:30,
                 from ../Core/Inc/led.h:4,
                 from ../Core/Src/led.c:1:
../Drivers/STM32F1xx_HAL_Driver/Inc/stm32f1xx_hal_spi.h:671:70: note: expected 'uint8_t *' {aka 'unsigned char *'} but argument is of type 'uint8_t' {aka 'unsigned char'}
  671 | HAL_StatusTypeDef HAL_SPI_Transmit(SPI_HandleTypeDef *hspi, uint8_t *pData, uint16_t Size, uint32_t Timeout);
      |                                                             ~~~~~~~~~^~~~~
arm-none-eabi-g++ -o "HAL_SPI_Static_IND.elf" @"objects.list"   -mcpu=cortex-m3 -T"E:\Projects\Micros\Micros\STM32\24_HAL_SPI_Static_IND\HAL_SPI_Static_IND\STM32F103C6TX_FLASH.ld" --specs=nosys.specs -Wl,-Map="HAL_SPI_Static_IND.map" -Wl,--gc-sections -static --specs=nano.specs -mfloat-abi=soft -mthumb -Wl,--start-group -lc -lm -lstdc++ -lsupc++ -Wl,--end-group
Finished building target: HAL_SPI_Static_IND.elf
 
arm-none-eabi-size  HAL_SPI_Static_IND.elf 
arm-none-eabi-objdump -h -S HAL_SPI_Static_IND.elf  > "HAL_SPI_Static_IND.list"
   text	   data	    bss	    dec	    hex	filename
   6268	     12	   1660	   7940	   1f04	HAL_SPI_Static_IND.elf
arm-none-eabi-objcopy  -O ihex HAL_SPI_Static_IND.elf  "HAL_SPI_Static_IND.hex"
Finished building: default.size.stdout
 
Finished building: HAL_SPI_Static_IND.list
Finished building: HAL_SPI_Static_IND.hex
 
 
23:30:57 **** Incremental Build of configuration Debug for project HAL_SPI_Static_IND ****
make -j4 all 
arm-none-eabi-gcc "../Core/Src/main.c" -mcpu=cortex-m3 -std=gnu11 -g3 -DDEBUG -DUSE_HAL_DRIVER -DSTM32F103x6 -c -I../Core/Inc -I../Drivers/STM32F1xx_HAL_Driver/Inc/Legacy -I../Drivers/STM32F1xx_HAL_Driver/Inc -I../Drivers/CMSIS/Device/ST/STM32F1xx/Include -I../Drivers/CMSIS/Include -O0 -ffunction-sections -fdata-sections -Wall -fstack-usage -fcyclomatic-complexity -MMD -MP -MF"Core/Src/main.d" -MT"Core/Src/main.o" --specs=nano.specs -mfloat-abi=soft -mthumb -o "Core/Src/main.o"
../Core/Src/main.c: In function 'main':
../Core/Src/main.c:108:11: warning: implicit declaration of function 'displayNumber' [-Wimplicit-function-declaration]
  108 |           displayNumber(0x01 >> 1);
      |           ^~~~~~~~~~~~~
arm-none-eabi-g++ -o "HAL_SPI_Static_IND.elf" @"objects.list"   -mcpu=cortex-m3 -T"E:\Projects\Micros\Micros\STM32\24_HAL_SPI_Static_IND\HAL_SPI_Static_IND\STM32F103C6TX_FLASH.ld" --specs=nosys.specs -Wl,-Map="HAL_SPI_Static_IND.map" -Wl,--gc-sections -static --specs=nano.specs -mfloat-abi=soft -mthumb -Wl,--start-group -lc -lm -lstdc++ -lsupc++ -Wl,--end-group
Finished building target: HAL_SPI_Static_IND.elf
 
arm-none-eabi-size  HAL_SPI_Static_IND.elf 
arm-none-eabi-objdump -h -S HAL_SPI_Static_IND.elf  > "HAL_SPI_Static_IND.list"
arm-none-eabi-objcopy  -O ihex HAL_SPI_Static_IND.elf  "HAL_SPI_Static_IND.hex"
   text	   data	    bss	    dec	    hex	filename
   6116	     12	   1660	   7788	   1e6c	HAL_SPI_Static_IND.elf
Finished building: default.size.stdout
 
Finished building: HAL_SPI_Static_IND.list
Finished building: HAL_SPI_Static_IND.hex
 
 
23:32:02 **** Incremental Build of configuration Debug for project HAL_SPI_Static_IND ****
make -j4 all 
arm-none-eabi-gcc "../Core/Src/main.c" -mcpu=cortex-m3 -std=gnu11 -g3 -DDEBUG -DUSE_HAL_DRIVER -DSTM32F103x6 -c -I../Core/Inc -I../Drivers/STM32F1xx_HAL_Driver/Inc/Legacy -I../Drivers/STM32F1xx_HAL_Driver/Inc -I../Drivers/CMSIS/Device/ST/STM32F1xx/Include -I../Drivers/CMSIS/Include -O0 -ffunction-sections -fdata-sections -Wall -fstack-usage -fcyclomatic-complexity -MMD -MP -MF"Core/Src/main.d" -MT"Core/Src/main.o" --specs=nano.specs -mfloat-abi=soft -mthumb -o "Core/Src/main.o"
../Core/Src/main.c: In function 'main':
../Core/Src/main.c:108:11: warning: implicit declaration of function 'displayNumber' [-Wimplicit-function-declaration]
  108 |           displayNumber(0xF9 << 1);
      |           ^~~~~~~~~~~~~
arm-none-eabi-g++ -o "HAL_SPI_Static_IND.elf" @"objects.list"   -mcpu=cortex-m3 -T"E:\Projects\Micros\Micros\STM32\24_HAL_SPI_Static_IND\HAL_SPI_Static_IND\STM32F103C6TX_FLASH.ld" --specs=nosys.specs -Wl,-Map="HAL_SPI_Static_IND.map" -Wl,--gc-sections -static --specs=nano.specs -mfloat-abi=soft -mthumb -Wl,--start-group -lc -lm -lstdc++ -lsupc++ -Wl,--end-group
Finished building target: HAL_SPI_Static_IND.elf
 
arm-none-eabi-size  HAL_SPI_Static_IND.elf 
arm-none-eabi-objdump -h -S HAL_SPI_Static_IND.elf  > "HAL_SPI_Static_IND.list"
   text	   data	    bss	    dec	    hex	filename
   6116	     12	   1660	   7788	   1e6c	HAL_SPI_Static_IND.elf
arm-none-eabi-objcopy  -O ihex HAL_SPI_Static_IND.elf  "HAL_SPI_Static_IND.hex"
Finished building: default.size.stdout
 
Finished building: HAL_SPI_Static_IND.hex
Finished building: HAL_SPI_Static_IND.list
 
 
23:32:25 **** Incremental Build of configuration Debug for project HAL_SPI_Static_IND ****
make -j4 all 
arm-none-eabi-gcc "../Core/Src/main.c" -mcpu=cortex-m3 -std=gnu11 -g3 -DDEBUG -DUSE_HAL_DRIVER -DSTM32F103x6 -c -I../Core/Inc -I../Drivers/STM32F1xx_HAL_Driver/Inc/Legacy -I../Drivers/STM32F1xx_HAL_Driver/Inc -I../Drivers/CMSIS/Device/ST/STM32F1xx/Include -I../Drivers/CMSIS/Include -O0 -ffunction-sections -fdata-sections -Wall -fstack-usage -fcyclomatic-complexity -MMD -MP -MF"Core/Src/main.d" -MT"Core/Src/main.o" --specs=nano.specs -mfloat-abi=soft -mthumb -o "Core/Src/main.o"
../Core/Src/main.c: In function 'main':
../Core/Src/main.c:108:11: warning: implicit declaration of function 'displayNumber' [-Wimplicit-function-declaration]
  108 |           displayNumber(0xF9 >> 1);
      |           ^~~~~~~~~~~~~
arm-none-eabi-g++ -o "HAL_SPI_Static_IND.elf" @"objects.list"   -mcpu=cortex-m3 -T"E:\Projects\Micros\Micros\STM32\24_HAL_SPI_Static_IND\HAL_SPI_Static_IND\STM32F103C6TX_FLASH.ld" --specs=nosys.specs -Wl,-Map="HAL_SPI_Static_IND.map" -Wl,--gc-sections -static --specs=nano.specs -mfloat-abi=soft -mthumb -Wl,--start-group -lc -lm -lstdc++ -lsupc++ -Wl,--end-group
Finished building target: HAL_SPI_Static_IND.elf
 
arm-none-eabi-size  HAL_SPI_Static_IND.elf 
arm-none-eabi-objdump -h -S HAL_SPI_Static_IND.elf  > "HAL_SPI_Static_IND.list"
arm-none-eabi-objcopy  -O ihex HAL_SPI_Static_IND.elf  "HAL_SPI_Static_IND.hex"
   text	   data	    bss	    dec	    hex	filename
   6116	     12	   1660	   7788	   1e6c	HAL_SPI_Static_IND.elf
Finished building: default.size.stdout
 
Finished building: HAL_SPI_Static_IND.hex
Finished building: HAL_SPI_Static_IND.list
 
 
23:35:13 **** Incremental Build of configuration Debug for project HAL_SPI_Static_IND ****
make -j4 all 
arm-none-eabi-gcc "../Core/Src/led.c" -mcpu=cortex-m3 -std=gnu11 -g3 -DDEBUG -DUSE_HAL_DRIVER -DSTM32F103x6 -c -I../Core/Inc -I../Drivers/STM32F1xx_HAL_Driver/Inc/Legacy -I../Drivers/STM32F1xx_HAL_Driver/Inc -I../Drivers/CMSIS/Device/ST/STM32F1xx/Include -I../Drivers/CMSIS/Include -O0 -ffunction-sections -fdata-sections -Wall -fstack-usage -fcyclomatic-complexity -MMD -MP -MF"Core/Src/led.d" -MT"Core/Src/led.o" --specs=nano.specs -mfloat-abi=soft -mthumb -o "Core/Src/led.o"
../Core/Src/led.c: In function 'displayNumber':
../Core/Src/led.c:13:34: warning: passing argument 2 of 'HAL_SPI_Transmit' makes pointer from integer without a cast [-Wint-conversion]
   13 |         HAL_SPI_Transmit(&hspi1, aTxBuffer, 1, 5000);
      |                                  ^~~~~~~~~
      |                                  |
      |                                  uint8_t {aka unsigned char}
In file included from ../Core/Inc/stm32f1xx_hal_conf.h:330,
                 from ../Drivers/STM32F1xx_HAL_Driver/Inc/stm32f1xx_hal.h:29,
                 from ../Core/Inc/main.h:30,
                 from ../Core/Inc/led.h:4,
                 from ../Core/Src/led.c:1:
../Drivers/STM32F1xx_HAL_Driver/Inc/stm32f1xx_hal_spi.h:671:70: note: expected 'uint8_t *' {aka 'unsigned char *'} but argument is of type 'uint8_t' {aka 'unsigned char'}
  671 | HAL_StatusTypeDef HAL_SPI_Transmit(SPI_HandleTypeDef *hspi, uint8_t *pData, uint16_t Size, uint32_t Timeout);
      |                                                             ~~~~~~~~~^~~~~
arm-none-eabi-g++ -o "HAL_SPI_Static_IND.elf" @"objects.list"   -mcpu=cortex-m3 -T"E:\Projects\Micros\Micros\STM32\24_HAL_SPI_Static_IND\HAL_SPI_Static_IND\STM32F103C6TX_FLASH.ld" --specs=nosys.specs -Wl,-Map="HAL_SPI_Static_IND.map" -Wl,--gc-sections -static --specs=nano.specs -mfloat-abi=soft -mthumb -Wl,--start-group -lc -lm -lstdc++ -lsupc++ -Wl,--end-group
Finished building target: HAL_SPI_Static_IND.elf
 
arm-none-eabi-size  HAL_SPI_Static_IND.elf 
arm-none-eabi-objdump -h -S HAL_SPI_Static_IND.elf  > "HAL_SPI_Static_IND.list"
arm-none-eabi-objcopy  -O ihex HAL_SPI_Static_IND.elf  "HAL_SPI_Static_IND.hex"
   text	   data	    bss	    dec	    hex	filename
   6116	     12	   1660	   7788	   1e6c	HAL_SPI_Static_IND.elf
Finished building: default.size.stdout
 
Finished building: HAL_SPI_Static_IND.hex
Finished building: HAL_SPI_Static_IND.list
 
 
23:35:29 **** Incremental Build of configuration Debug for project HAL_SPI_Static_IND ****
make -j4 all 
arm-none-eabi-gcc "../Core/Src/main.c" -mcpu=cortex-m3 -std=gnu11 -g3 -DDEBUG -DUSE_HAL_DRIVER -DSTM32F103x6 -c -I../Core/Inc -I../Drivers/STM32F1xx_HAL_Driver/Inc/Legacy -I../Drivers/STM32F1xx_HAL_Driver/Inc -I../Drivers/CMSIS/Device/ST/STM32F1xx/Include -I../Drivers/CMSIS/Include -O0 -ffunction-sections -fdata-sections -Wall -fstack-usage -fcyclomatic-complexity -MMD -MP -MF"Core/Src/main.d" -MT"Core/Src/main.o" --specs=nano.specs -mfloat-abi=soft -mthumb -o "Core/Src/main.o"
../Core/Src/main.c: In function 'main':
../Core/Src/main.c:108:11: warning: implicit declaration of function 'displayNumber' [-Wimplicit-function-declaration]
  108 |           displayNumber(0xF9);
      |           ^~~~~~~~~~~~~
arm-none-eabi-g++ -o "HAL_SPI_Static_IND.elf" @"objects.list"   -mcpu=cortex-m3 -T"E:\Projects\Micros\Micros\STM32\24_HAL_SPI_Static_IND\HAL_SPI_Static_IND\STM32F103C6TX_FLASH.ld" --specs=nosys.specs -Wl,-Map="HAL_SPI_Static_IND.map" -Wl,--gc-sections -static --specs=nano.specs -mfloat-abi=soft -mthumb -Wl,--start-group -lc -lm -lstdc++ -lsupc++ -Wl,--end-group
Finished building target: HAL_SPI_Static_IND.elf
 
arm-none-eabi-size  HAL_SPI_Static_IND.elf 
arm-none-eabi-objdump -h -S HAL_SPI_Static_IND.elf  > "HAL_SPI_Static_IND.list"
   text	   data	    bss	    dec	    hex	filename
   6116	     12	   1660	   7788	   1e6c	HAL_SPI_Static_IND.elf
arm-none-eabi-objcopy  -O ihex HAL_SPI_Static_IND.elf  "HAL_SPI_Static_IND.hex"
Finished building: default.size.stdout
 
Finished building: HAL_SPI_Static_IND.list
Finished building: HAL_SPI_Static_IND.hex
 
 
23:36:05 **** Incremental Build of configuration Debug for project HAL_SPI_Static_IND ****
make -j4 all 
arm-none-eabi-gcc "../Core/Src/main.c" -mcpu=cortex-m3 -std=gnu11 -g3 -DDEBUG -DUSE_HAL_DRIVER -DSTM32F103x6 -c -I../Core/Inc -I../Drivers/STM32F1xx_HAL_Driver/Inc/Legacy -I../Drivers/STM32F1xx_HAL_Driver/Inc -I../Drivers/CMSIS/Device/ST/STM32F1xx/Include -I../Drivers/CMSIS/Include -O0 -ffunction-sections -fdata-sections -Wall -fstack-usage -fcyclomatic-complexity -MMD -MP -MF"Core/Src/main.d" -MT"Core/Src/main.o" --specs=nano.specs -mfloat-abi=soft -mthumb -o "Core/Src/main.o"
../Core/Src/main.c: In function 'main':
../Core/Src/main.c:108:11: warning: implicit declaration of function 'displayNumber' [-Wimplicit-function-declaration]
  108 |           displayNumber(0xF9 >> 1);
      |           ^~~~~~~~~~~~~
arm-none-eabi-g++ -o "HAL_SPI_Static_IND.elf" @"objects.list"   -mcpu=cortex-m3 -T"E:\Projects\Micros\Micros\STM32\24_HAL_SPI_Static_IND\HAL_SPI_Static_IND\STM32F103C6TX_FLASH.ld" --specs=nosys.specs -Wl,-Map="HAL_SPI_Static_IND.map" -Wl,--gc-sections -static --specs=nano.specs -mfloat-abi=soft -mthumb -Wl,--start-group -lc -lm -lstdc++ -lsupc++ -Wl,--end-group
Finished building target: HAL_SPI_Static_IND.elf
 
arm-none-eabi-size  HAL_SPI_Static_IND.elf 
arm-none-eabi-objdump -h -S HAL_SPI_Static_IND.elf  > "HAL_SPI_Static_IND.list"
arm-none-eabi-objcopy  -O ihex HAL_SPI_Static_IND.elf  "HAL_SPI_Static_IND.hex"
   text	   data	    bss	    dec	    hex	filename
   6116	     12	   1660	   7788	   1e6c	HAL_SPI_Static_IND.elf
Finished building: default.size.stdout
 
Finished building: HAL_SPI_Static_IND.hex
Finished building: HAL_SPI_Static_IND.list
 
 
23:36:33 **** Incremental Build of configuration Debug for project HAL_SPI_Static_IND ****
make -j4 all 
arm-none-eabi-gcc "../Core/Src/main.c" -mcpu=cortex-m3 -std=gnu11 -g3 -DDEBUG -DUSE_HAL_DRIVER -DSTM32F103x6 -c -I../Core/Inc -I../Drivers/STM32F1xx_HAL_Driver/Inc/Legacy -I../Drivers/STM32F1xx_HAL_Driver/Inc -I../Drivers/CMSIS/Device/ST/STM32F1xx/Include -I../Drivers/CMSIS/Include -O0 -ffunction-sections -fdata-sections -Wall -fstack-usage -fcyclomatic-complexity -MMD -MP -MF"Core/Src/main.d" -MT"Core/Src/main.o" --specs=nano.specs -mfloat-abi=soft -mthumb -o "Core/Src/main.o"
../Core/Src/main.c: In function 'main':
../Core/Src/main.c:108:11: warning: implicit declaration of function 'displayNumber' [-Wimplicit-function-declaration]
  108 |           displayNumber(164 >> 1);
      |           ^~~~~~~~~~~~~
arm-none-eabi-g++ -o "HAL_SPI_Static_IND.elf" @"objects.list"   -mcpu=cortex-m3 -T"E:\Projects\Micros\Micros\STM32\24_HAL_SPI_Static_IND\HAL_SPI_Static_IND\STM32F103C6TX_FLASH.ld" --specs=nosys.specs -Wl,-Map="HAL_SPI_Static_IND.map" -Wl,--gc-sections -static --specs=nano.specs -mfloat-abi=soft -mthumb -Wl,--start-group -lc -lm -lstdc++ -lsupc++ -Wl,--end-group
Finished building target: HAL_SPI_Static_IND.elf
 
arm-none-eabi-size  HAL_SPI_Static_IND.elf 
arm-none-eabi-objdump -h -S HAL_SPI_Static_IND.elf  > "HAL_SPI_Static_IND.list"
arm-none-eabi-objcopy  -O ihex HAL_SPI_Static_IND.elf  "HAL_SPI_Static_IND.hex"
   text	   data	    bss	    dec	    hex	filename
   6116	     12	   1660	   7788	   1e6c	HAL_SPI_Static_IND.elf
Finished building: default.size.stdout
 
Finished building: HAL_SPI_Static_IND.hex
Finished building: HAL_SPI_Static_IND.list
 
 
23:37:12 **** Incremental Build of configuration Debug for project HAL_SPI_Static_IND ****
make -j4 all 
arm-none-eabi-gcc "../Core/Src/main.c" -mcpu=cortex-m3 -std=gnu11 -g3 -DDEBUG -DUSE_HAL_DRIVER -DSTM32F103x6 -c -I../Core/Inc -I../Drivers/STM32F1xx_HAL_Driver/Inc/Legacy -I../Drivers/STM32F1xx_HAL_Driver/Inc -I../Drivers/CMSIS/Device/ST/STM32F1xx/Include -I../Drivers/CMSIS/Include -O0 -ffunction-sections -fdata-sections -Wall -fstack-usage -fcyclomatic-complexity -MMD -MP -MF"Core/Src/main.d" -MT"Core/Src/main.o" --specs=nano.specs -mfloat-abi=soft -mthumb -o "Core/Src/main.o"
../Core/Src/main.c: In function 'main':
../Core/Src/main.c:108:11: warning: implicit declaration of function 'displayNumber' [-Wimplicit-function-declaration]
  108 |           displayNumber(192 >> 1);
      |           ^~~~~~~~~~~~~
arm-none-eabi-g++ -o "HAL_SPI_Static_IND.elf" @"objects.list"   -mcpu=cortex-m3 -T"E:\Projects\Micros\Micros\STM32\24_HAL_SPI_Static_IND\HAL_SPI_Static_IND\STM32F103C6TX_FLASH.ld" --specs=nosys.specs -Wl,-Map="HAL_SPI_Static_IND.map" -Wl,--gc-sections -static --specs=nano.specs -mfloat-abi=soft -mthumb -Wl,--start-group -lc -lm -lstdc++ -lsupc++ -Wl,--end-group
Finished building target: HAL_SPI_Static_IND.elf
 
arm-none-eabi-size  HAL_SPI_Static_IND.elf 
arm-none-eabi-objdump -h -S HAL_SPI_Static_IND.elf  > "HAL_SPI_Static_IND.list"
   text	   data	    bss	    dec	    hex	filename
   6116	     12	   1660	   7788	   1e6c	HAL_SPI_Static_IND.elf
arm-none-eabi-objcopy  -O ihex HAL_SPI_Static_IND.elf  "HAL_SPI_Static_IND.hex"
Finished building: default.size.stdout
 
Finished building: HAL_SPI_Static_IND.list
Finished building: HAL_SPI_Static_IND.hex
 
 
23:37:35 **** Incremental Build of configuration Debug for project HAL_SPI_Static_IND ****
make -j4 all 
arm-none-eabi-gcc "../Core/Src/main.c" -mcpu=cortex-m3 -std=gnu11 -g3 -DDEBUG -DUSE_HAL_DRIVER -DSTM32F103x6 -c -I../Core/Inc -I../Drivers/STM32F1xx_HAL_Driver/Inc/Legacy -I../Drivers/STM32F1xx_HAL_Driver/Inc -I../Drivers/CMSIS/Device/ST/STM32F1xx/Include -I../Drivers/CMSIS/Include -O0 -ffunction-sections -fdata-sections -Wall -fstack-usage -fcyclomatic-complexity -MMD -MP -MF"Core/Src/main.d" -MT"Core/Src/main.o" --specs=nano.specs -mfloat-abi=soft -mthumb -o "Core/Src/main.o"
../Core/Src/main.c: In function 'main':
../Core/Src/main.c:108:11: warning: implicit declaration of function 'displayNumber' [-Wimplicit-function-declaration]
  108 |           displayNumber(192);
      |           ^~~~~~~~~~~~~
arm-none-eabi-g++ -o "HAL_SPI_Static_IND.elf" @"objects.list"   -mcpu=cortex-m3 -T"E:\Projects\Micros\Micros\STM32\24_HAL_SPI_Static_IND\HAL_SPI_Static_IND\STM32F103C6TX_FLASH.ld" --specs=nosys.specs -Wl,-Map="HAL_SPI_Static_IND.map" -Wl,--gc-sections -static --specs=nano.specs -mfloat-abi=soft -mthumb -Wl,--start-group -lc -lm -lstdc++ -lsupc++ -Wl,--end-group
Finished building target: HAL_SPI_Static_IND.elf
 
arm-none-eabi-size  HAL_SPI_Static_IND.elf 
arm-none-eabi-objdump -h -S HAL_SPI_Static_IND.elf  > "HAL_SPI_Static_IND.list"
arm-none-eabi-objcopy  -O ihex HAL_SPI_Static_IND.elf  "HAL_SPI_Static_IND.hex"
   text	   data	    bss	    dec	    hex	filename
   6116	     12	   1660	   7788	   1e6c	HAL_SPI_Static_IND.elf
Finished building: default.size.stdout
 
Finished building: HAL_SPI_Static_IND.list
Finished building: HAL_SPI_Static_IND.hex
 
 
23:38:10 **** Incremental Build of configuration Debug for project HAL_SPI_Static_IND ****
make -j4 all 
arm-none-eabi-gcc "../Core/Src/main.c" -mcpu=cortex-m3 -std=gnu11 -g3 -DDEBUG -DUSE_HAL_DRIVER -DSTM32F103x6 -c -I../Core/Inc -I../Drivers/STM32F1xx_HAL_Driver/Inc/Legacy -I../Drivers/STM32F1xx_HAL_Driver/Inc -I../Drivers/CMSIS/Device/ST/STM32F1xx/Include -I../Drivers/CMSIS/Include -O0 -ffunction-sections -fdata-sections -Wall -fstack-usage -fcyclomatic-complexity -MMD -MP -MF"Core/Src/main.d" -MT"Core/Src/main.o" --specs=nano.specs -mfloat-abi=soft -mthumb -o "Core/Src/main.o"
../Core/Src/main.c: In function 'main':
../Core/Src/main.c:108:11: warning: implicit declaration of function 'displayNumber' [-Wimplicit-function-declaration]
  108 |           displayNumber(130);
      |           ^~~~~~~~~~~~~
arm-none-eabi-g++ -o "HAL_SPI_Static_IND.elf" @"objects.list"   -mcpu=cortex-m3 -T"E:\Projects\Micros\Micros\STM32\24_HAL_SPI_Static_IND\HAL_SPI_Static_IND\STM32F103C6TX_FLASH.ld" --specs=nosys.specs -Wl,-Map="HAL_SPI_Static_IND.map" -Wl,--gc-sections -static --specs=nano.specs -mfloat-abi=soft -mthumb -Wl,--start-group -lc -lm -lstdc++ -lsupc++ -Wl,--end-group
Finished building target: HAL_SPI_Static_IND.elf
 
arm-none-eabi-size  HAL_SPI_Static_IND.elf 
arm-none-eabi-objdump -h -S HAL_SPI_Static_IND.elf  > "HAL_SPI_Static_IND.list"
   text	   data	    bss	    dec	    hex	filename
   6116	     12	   1660	   7788	   1e6c	HAL_SPI_Static_IND.elf
arm-none-eabi-objcopy  -O ihex HAL_SPI_Static_IND.elf  "HAL_SPI_Static_IND.hex"
Finished building: default.size.stdout
 
Finished building: HAL_SPI_Static_IND.list
Finished building: HAL_SPI_Static_IND.hex
 
 
23:38:32 **** Incremental Build of configuration Debug for project HAL_SPI_Static_IND ****
make -j4 all 
arm-none-eabi-gcc "../Core/Src/main.c" -mcpu=cortex-m3 -std=gnu11 -g3 -DDEBUG -DUSE_HAL_DRIVER -DSTM32F103x6 -c -I../Core/Inc -I../Drivers/STM32F1xx_HAL_Driver/Inc/Legacy -I../Drivers/STM32F1xx_HAL_Driver/Inc -I../Drivers/CMSIS/Device/ST/STM32F1xx/Include -I../Drivers/CMSIS/Include -O0 -ffunction-sections -fdata-sections -Wall -fstack-usage -fcyclomatic-complexity -MMD -MP -MF"Core/Src/main.d" -MT"Core/Src/main.o" --specs=nano.specs -mfloat-abi=soft -mthumb -o "Core/Src/main.o"
../Core/Src/main.c: In function 'main':
../Core/Src/main.c:108:11: warning: implicit declaration of function 'displayNumber' [-Wimplicit-function-declaration]
  108 |           displayNumber(130 >> 1);
      |           ^~~~~~~~~~~~~
arm-none-eabi-g++ -o "HAL_SPI_Static_IND.elf" @"objects.list"   -mcpu=cortex-m3 -T"E:\Projects\Micros\Micros\STM32\24_HAL_SPI_Static_IND\HAL_SPI_Static_IND\STM32F103C6TX_FLASH.ld" --specs=nosys.specs -Wl,-Map="HAL_SPI_Static_IND.map" -Wl,--gc-sections -static --specs=nano.specs -mfloat-abi=soft -mthumb -Wl,--start-group -lc -lm -lstdc++ -lsupc++ -Wl,--end-group
Finished building target: HAL_SPI_Static_IND.elf
 
arm-none-eabi-size  HAL_SPI_Static_IND.elf 
arm-none-eabi-objdump -h -S HAL_SPI_Static_IND.elf  > "HAL_SPI_Static_IND.list"
   text	   data	    bss	    dec	    hex	filename
   6116	     12	   1660	   7788	   1e6c	HAL_SPI_Static_IND.elf
arm-none-eabi-objcopy  -O ihex HAL_SPI_Static_IND.elf  "HAL_SPI_Static_IND.hex"
Finished building: default.size.stdout
 
Finished building: HAL_SPI_Static_IND.hex
Finished building: HAL_SPI_Static_IND.list
 
 
23:39:20 **** Incremental Build of configuration Debug for project HAL_SPI_Static_IND ****
make -j4 all 
arm-none-eabi-gcc "../Core/Src/main.c" -mcpu=cortex-m3 -std=gnu11 -g3 -DDEBUG -DUSE_HAL_DRIVER -DSTM32F103x6 -c -I../Core/Inc -I../Drivers/STM32F1xx_HAL_Driver/Inc/Legacy -I../Drivers/STM32F1xx_HAL_Driver/Inc -I../Drivers/CMSIS/Device/ST/STM32F1xx/Include -I../Drivers/CMSIS/Include -O0 -ffunction-sections -fdata-sections -Wall -fstack-usage -fcyclomatic-complexity -MMD -MP -MF"Core/Src/main.d" -MT"Core/Src/main.o" --specs=nano.specs -mfloat-abi=soft -mthumb -o "Core/Src/main.o"
../Core/Src/main.c: In function 'main':
../Core/Src/main.c:108:11: warning: implicit declaration of function 'displayNumber' [-Wimplicit-function-declaration]
  108 |           displayNumber(~0x02);
      |           ^~~~~~~~~~~~~
arm-none-eabi-g++ -o "HAL_SPI_Static_IND.elf" @"objects.list"   -mcpu=cortex-m3 -T"E:\Projects\Micros\Micros\STM32\24_HAL_SPI_Static_IND\HAL_SPI_Static_IND\STM32F103C6TX_FLASH.ld" --specs=nosys.specs -Wl,-Map="HAL_SPI_Static_IND.map" -Wl,--gc-sections -static --specs=nano.specs -mfloat-abi=soft -mthumb -Wl,--start-group -lc -lm -lstdc++ -lsupc++ -Wl,--end-group
Finished building target: HAL_SPI_Static_IND.elf
 
arm-none-eabi-size  HAL_SPI_Static_IND.elf 
arm-none-eabi-objdump -h -S HAL_SPI_Static_IND.elf  > "HAL_SPI_Static_IND.list"
   text	   data	    bss	    dec	    hex	filename
   6116	     12	   1660	   7788	   1e6c	HAL_SPI_Static_IND.elf
arm-none-eabi-objcopy  -O ihex HAL_SPI_Static_IND.elf  "HAL_SPI_Static_IND.hex"
Finished building: default.size.stdout
 
Finished building: HAL_SPI_Static_IND.list
Finished building: HAL_SPI_Static_IND.hex
 
 
23:40:01 **** Incremental Build of configuration Debug for project HAL_SPI_Static_IND ****
make -j4 all 
arm-none-eabi-gcc "../Core/Src/main.c" -mcpu=cortex-m3 -std=gnu11 -g3 -DDEBUG -DUSE_HAL_DRIVER -DSTM32F103x6 -c -I../Core/Inc -I../Drivers/STM32F1xx_HAL_Driver/Inc/Legacy -I../Drivers/STM32F1xx_HAL_Driver/Inc -I../Drivers/CMSIS/Device/ST/STM32F1xx/Include -I../Drivers/CMSIS/Include -O0 -ffunction-sections -fdata-sections -Wall -fstack-usage -fcyclomatic-complexity -MMD -MP -MF"Core/Src/main.d" -MT"Core/Src/main.o" --specs=nano.specs -mfloat-abi=soft -mthumb -o "Core/Src/main.o"
../Core/Src/main.c: In function 'main':
../Core/Src/main.c:99:3: error: 'aTxBuffer' undeclared (first use in this function); did you mean 'ITM_RxBuffer'?
   99 |   aTxBuffer[0]=portseg&=~0x02;
      |   ^~~~~~~~~
      |   ITM_RxBuffer
../Core/Src/main.c:99:3: note: each undeclared identifier is reported only once for each function it appears in
../Core/Src/main.c:99:16: error: 'portseg' undeclared (first use in this function)
   99 |   aTxBuffer[0]=portseg&=~0x02;
      |                ^~~~~~~
../Core/Src/main.c:110:11: warning: implicit declaration of function 'displayNumber' [-Wimplicit-function-declaration]
  110 |           displayNumber(aTxBuffer[0] );
      |           ^~~~~~~~~~~~~
make: *** [Core/Src/subdir.mk:37: Core/Src/main.o] Error 1
"make -j4 all" terminated with exit code 2. Build might be incomplete.
23:40:21 **** Incremental Build of configuration Debug for project HAL_SPI_Static_IND ****
make -j4 all 
arm-none-eabi-gcc "../Core/Src/main.c" -mcpu=cortex-m3 -std=gnu11 -g3 -DDEBUG -DUSE_HAL_DRIVER -DSTM32F103x6 -c -I../Core/Inc -I../Drivers/STM32F1xx_HAL_Driver/Inc/Legacy -I../Drivers/STM32F1xx_HAL_Driver/Inc -I../Drivers/CMSIS/Device/ST/STM32F1xx/Include -I../Drivers/CMSIS/Include -O0 -ffunction-sections -fdata-sections -Wall -fstack-usage -fcyclomatic-complexity -MMD -MP -MF"Core/Src/main.d" -MT"Core/Src/main.o" --specs=nano.specs -mfloat-abi=soft -mthumb -o "Core/Src/main.o"
../Core/Src/main.c: In function 'main':
../Core/Src/main.c:99:24: error: 'portseg' undeclared (first use in this function)
   99 |   uint8_t aTxBuffer[0]=portseg&=~0x02;
      |                        ^~~~~~~
../Core/Src/main.c:99:24: note: each undeclared identifier is reported only once for each function it appears in
../Core/Src/main.c:110:11: warning: implicit declaration of function 'displayNumber' [-Wimplicit-function-declaration]
  110 |           displayNumber(aTxBuffer[0] );
      |           ^~~~~~~~~~~~~
make: *** [Core/Src/subdir.mk:37: Core/Src/main.o] Error 1
"make -j4 all" terminated with exit code 2. Build might be incomplete.
23:41:12 **** Incremental Build of configuration Debug for project HAL_SPI_Static_IND ****
make -j4 all 
arm-none-eabi-gcc "../Core/Src/main.c" -mcpu=cortex-m3 -std=gnu11 -g3 -DDEBUG -DUSE_HAL_DRIVER -DSTM32F103x6 -c -I../Core/Inc -I../Drivers/STM32F1xx_HAL_Driver/Inc/Legacy -I../Drivers/STM32F1xx_HAL_Driver/Inc -I../Drivers/CMSIS/Device/ST/STM32F1xx/Include -I../Drivers/CMSIS/Include -O0 -ffunction-sections -fdata-sections -Wall -fstack-usage -fcyclomatic-complexity -MMD -MP -MF"Core/Src/main.d" -MT"Core/Src/main.o" --specs=nano.specs -mfloat-abi=soft -mthumb -o "Core/Src/main.o"
../Core/Src/main.c: In function 'main':
../Core/Src/main.c:109:11: warning: implicit declaration of function 'displayNumber' [-Wimplicit-function-declaration]
  109 |           displayNumber(0x04);
      |           ^~~~~~~~~~~~~
arm-none-eabi-g++ -o "HAL_SPI_Static_IND.elf" @"objects.list"   -mcpu=cortex-m3 -T"E:\Projects\Micros\Micros\STM32\24_HAL_SPI_Static_IND\HAL_SPI_Static_IND\STM32F103C6TX_FLASH.ld" --specs=nosys.specs -Wl,-Map="HAL_SPI_Static_IND.map" -Wl,--gc-sections -static --specs=nano.specs -mfloat-abi=soft -mthumb -Wl,--start-group -lc -lm -lstdc++ -lsupc++ -Wl,--end-group
Finished building target: HAL_SPI_Static_IND.elf
 
arm-none-eabi-size  HAL_SPI_Static_IND.elf 
arm-none-eabi-objdump -h -S HAL_SPI_Static_IND.elf  > "HAL_SPI_Static_IND.list"
   text	   data	    bss	    dec	    hex	filename
   6116	     12	   1660	   7788	   1e6c	HAL_SPI_Static_IND.elf
arm-none-eabi-objcopy  -O ihex HAL_SPI_Static_IND.elf  "HAL_SPI_Static_IND.hex"
Finished building: default.size.stdout
 
Finished building: HAL_SPI_Static_IND.list
 
Finished building: HAL_SPI_Static_IND.hex
 
23:42:04 **** Incremental Build of configuration Debug for project HAL_SPI_Static_IND ****
make -j4 all 
arm-none-eabi-gcc "../Core/Src/main.c" -mcpu=cortex-m3 -std=gnu11 -g3 -DDEBUG -DUSE_HAL_DRIVER -DSTM32F103x6 -c -I../Core/Inc -I../Drivers/STM32F1xx_HAL_Driver/Inc/Legacy -I../Drivers/STM32F1xx_HAL_Driver/Inc -I../Drivers/CMSIS/Device/ST/STM32F1xx/Include -I../Drivers/CMSIS/Include -O0 -ffunction-sections -fdata-sections -Wall -fstack-usage -fcyclomatic-complexity -MMD -MP -MF"Core/Src/main.d" -MT"Core/Src/main.o" --specs=nano.specs -mfloat-abi=soft -mthumb -o "Core/Src/main.o"
../Core/Src/main.c: In function 'main':
../Core/Src/main.c:109:11: warning: implicit declaration of function 'displayNumber' [-Wimplicit-function-declaration]
  109 |           displayNumber(0x40);
      |           ^~~~~~~~~~~~~
[...]
Finished building target: HAL_SPI_Static_IND.elf
 
arm-none-eabi-size  HAL_SPI_Static_IND.elf 
arm-none-eabi-objdump -h -S HAL_SPI_Static_IND.elf  > "HAL_SPI_Static_IND.list"
   text	   data	    bss	    dec	    hex	filename
  10212	     12	   1660	  11884	   2e6c	HAL_SPI_Static_IND.elf
arm-none-eabi-objcopy  -O ihex HAL_SPI_Static_IND.elf  "HAL_SPI_Static_IND.hex"
Finished building: default.size.stdout
 
Finished building: HAL_SPI_Static_IND.hex
Finished building: HAL_SPI_Static_IND.list
 
 
11:34:42 **** Incremental Build of configuration Debug for project HAL_SPI_Static_IND ****
make -j4 all 
arm-none-eabi-gcc "../Core/Src/led.c" -mcpu=cortex-m3 -std=gnu11 -g3 -DDEBUG -DUSE_HAL_DRIVER -DSTM32F103x6 -c -I../Core/Inc -I../Drivers/STM32F1xx_HAL_Driver/Inc/Legacy -I../Drivers/STM32F1xx_HAL_Driver/Inc -I../Drivers/CMSIS/Device/ST/STM32F1xx/Include -I../Drivers/CMSIS/Include -O0 -ffunction-sections -fdata-sections -Wall -fstack-usage -fcyclomatic-complexity -MMD -MP -MF"Core/Src/led.d" -MT"Core/Src/led.o" --specs=nano.specs -mfloat-abi=soft -mthumb -o "Core/Src/led.o"
arm-none-eabi-g++ -o "HAL_SPI_Static_IND.elf" @"objects.list"   -mcpu=cortex-m3 -T"E:\Projects\Micros\Micros\STM32\24_HAL_SPI_Static_IND\HAL_SPI_Static_IND\STM32F103C6TX_FLASH.ld" --specs=nosys.specs -Wl,-Map="HAL_SPI_Static_IND.map" -Wl,--gc-sections -static --specs=nano.specs -mfloat-abi=soft -mthumb -Wl,--start-group -lc -lm -lstdc++ -lsupc++ -Wl,--end-group
Finished building target: HAL_SPI_Static_IND.elf
 
arm-none-eabi-size  HAL_SPI_Static_IND.elf 
arm-none-eabi-objdump -h -S HAL_SPI_Static_IND.elf  > "HAL_SPI_Static_IND.list"
   text	   data	    bss	    dec	    hex	filename
  10212	     12	   1660	  11884	   2e6c	HAL_SPI_Static_IND.elf
arm-none-eabi-objcopy  -O ihex HAL_SPI_Static_IND.elf  "HAL_SPI_Static_IND.hex"
Finished building: default.size.stdout
 
Finished building: HAL_SPI_Static_IND.hex
Finished building: HAL_SPI_Static_IND.list
 
 
11:36:26 **** Incremental Build of configuration Debug for project HAL_SPI_Static_IND ****
make -j4 all 
arm-none-eabi-gcc "../Core/Src/led.c" -mcpu=cortex-m3 -std=gnu11 -g3 -DDEBUG -DUSE_HAL_DRIVER -DSTM32F103x6 -c -I../Core/Inc -I../Drivers/STM32F1xx_HAL_Driver/Inc/Legacy -I../Drivers/STM32F1xx_HAL_Driver/Inc -I../Drivers/CMSIS/Device/ST/STM32F1xx/Include -I../Drivers/CMSIS/Include -O0 -ffunction-sections -fdata-sections -Wall -fstack-usage -fcyclomatic-complexity -MMD -MP -MF"Core/Src/led.d" -MT"Core/Src/led.o" --specs=nano.specs -mfloat-abi=soft -mthumb -o "Core/Src/led.o"
arm-none-eabi-gcc "../Core/Src/main.c" -mcpu=cortex-m3 -std=gnu11 -g3 -DDEBUG -DUSE_HAL_DRIVER -DSTM32F103x6 -c -I../Core/Inc -I../Drivers/STM32F1xx_HAL_Driver/Inc/Legacy -I../Drivers/STM32F1xx_HAL_Driver/Inc -I../Drivers/CMSIS/Device/ST/STM32F1xx/Include -I../Drivers/CMSIS/Include -O0 -ffunction-sections -fdata-sections -Wall -fstack-usage -fcyclomatic-complexity -MMD -MP -MF"Core/Src/main.d" -MT"Core/Src/main.o" --specs=nano.specs -mfloat-abi=soft -mthumb -o "Core/Src/main.o"
arm-none-eabi-gcc "../Core/Src/stm32f1xx_hal_msp.c" -mcpu=cortex-m3 -std=gnu11 -g3 -DDEBUG -DUSE_HAL_DRIVER -DSTM32F103x6 -c -I../Core/Inc -I../Drivers/STM32F1xx_HAL_Driver/Inc/Legacy -I../Drivers/STM32F1xx_HAL_Driver/Inc -I../Drivers/CMSIS/Device/ST/STM32F1xx/Include -I../Drivers/CMSIS/Include -O0 -ffunction-sections -fdata-sections -Wall -fstack-usage -fcyclomatic-complexity -MMD -MP -MF"Core/Src/stm32f1xx_hal_msp.d" -MT"Core/Src/stm32f1xx_hal_msp.o" --specs=nano.specs -mfloat-abi=soft -mthumb -o "Core/Src/stm32f1xx_hal_msp.o"
arm-none-eabi-gcc "../Core/Src/stm32f1xx_it.c" -mcpu=cortex-m3 -std=gnu11 -g3 -DDEBUG -DUSE_HAL_DRIVER -DSTM32F103x6 -c -I../Core/Inc -I../Drivers/STM32F1xx_HAL_Driver/Inc/Legacy -I../Drivers/STM32F1xx_HAL_Driver/Inc -I../Drivers/CMSIS/Device/ST/STM32F1xx/Include -I../Drivers/CMSIS/Include -O0 -ffunction-sections -fdata-sections -Wall -fstack-usage -fcyclomatic-complexity -MMD -MP -MF"Core/Src/stm32f1xx_it.d" -MT"Core/Src/stm32f1xx_it.o" --specs=nano.specs -mfloat-abi=soft -mthumb -o "Core/Src/stm32f1xx_it.o"
arm-none-eabi-g++ -o "HAL_SPI_Static_IND.elf" @"objects.list"   -mcpu=cortex-m3 -T"E:\Projects\Micros\Micros\STM32\24_HAL_SPI_Static_IND\HAL_SPI_Static_IND\STM32F103C6TX_FLASH.ld" --specs=nosys.specs -Wl,-Map="HAL_SPI_Static_IND.map" -Wl,--gc-sections -static --specs=nano.specs -mfloat-abi=soft -mthumb -Wl,--start-group -lc -lm -lstdc++ -lsupc++ -Wl,--end-group
Finished building target: HAL_SPI_Static_IND.elf
 
arm-none-eabi-size  HAL_SPI_Static_IND.elf 
arm-none-eabi-objdump -h -S HAL_SPI_Static_IND.elf  > "HAL_SPI_Static_IND.list"
   text	   data	    bss	    dec	    hex	filename
  10212	     12	   1660	  11884	   2e6c	HAL_SPI_Static_IND.elf
arm-none-eabi-objcopy  -O ihex HAL_SPI_Static_IND.elf  "HAL_SPI_Static_IND.hex"
Finished building: default.size.stdout
 
Finished building: HAL_SPI_Static_IND.hex
Finished building: HAL_SPI_Static_IND.list
 
 
11:37:53 **** Incremental Build of configuration Debug for project HAL_SPI_Static_IND ****
make -j4 all 
arm-none-eabi-gcc "../Core/Src/led.c" -mcpu=cortex-m3 -std=gnu11 -g3 -DDEBUG -DUSE_HAL_DRIVER -DSTM32F103x6 -c -I../Core/Inc -I../Drivers/STM32F1xx_HAL_Driver/Inc/Legacy -I../Drivers/STM32F1xx_HAL_Driver/Inc -I../Drivers/CMSIS/Device/ST/STM32F1xx/Include -I../Drivers/CMSIS/Include -O0 -ffunction-sections -fdata-sections -Wall -fstack-usage -fcyclomatic-complexity -MMD -MP -MF"Core/Src/led.d" -MT"Core/Src/led.o" --specs=nano.specs -mfloat-abi=soft -mthumb -o "Core/Src/led.o"
arm-none-eabi-gcc "../Core/Src/main.c" -mcpu=cortex-m3 -std=gnu11 -g3 -DDEBUG -DUSE_HAL_DRIVER -DSTM32F103x6 -c -I../Core/Inc -I../Drivers/STM32F1xx_HAL_Driver/Inc/Legacy -I../Drivers/STM32F1xx_HAL_Driver/Inc -I../Drivers/CMSIS/Device/ST/STM32F1xx/Include -I../Drivers/CMSIS/Include -O0 -ffunction-sections -fdata-sections -Wall -fstack-usage -fcyclomatic-complexity -MMD -MP -MF"Core/Src/main.d" -MT"Core/Src/main.o" --specs=nano.specs -mfloat-abi=soft -mthumb -o "Core/Src/main.o"
arm-none-eabi-gcc "../Core/Src/stm32f1xx_hal_msp.c" -mcpu=cortex-m3 -std=gnu11 -g3 -DDEBUG -DUSE_HAL_DRIVER -DSTM32F103x6 -c -I../Core/Inc -I../Drivers/STM32F1xx_HAL_Driver/Inc/Legacy -I../Drivers/STM32F1xx_HAL_Driver/Inc -I../Drivers/CMSIS/Device/ST/STM32F1xx/Include -I../Drivers/CMSIS/Include -O0 -ffunction-sections -fdata-sections -Wall -fstack-usage -fcyclomatic-complexity -MMD -MP -MF"Core/Src/stm32f1xx_hal_msp.d" -MT"Core/Src/stm32f1xx_hal_msp.o" --specs=nano.specs -mfloat-abi=soft -mthumb -o "Core/Src/stm32f1xx_hal_msp.o"
arm-none-eabi-gcc "../Core/Src/stm32f1xx_it.c" -mcpu=cortex-m3 -std=gnu11 -g3 -DDEBUG -DUSE_HAL_DRIVER -DSTM32F103x6 -c -I../Core/Inc -I../Drivers/STM32F1xx_HAL_Driver/Inc/Legacy -I../Drivers/STM32F1xx_HAL_Driver/Inc -I../Drivers/CMSIS/Device/ST/STM32F1xx/Include -I../Drivers/CMSIS/Include -O0 -ffunction-sections -fdata-sections -Wall -fstack-usage -fcyclomatic-complexity -MMD -MP -MF"Core/Src/stm32f1xx_it.d" -MT"Core/Src/stm32f1xx_it.o" --specs=nano.specs -mfloat-abi=soft -mthumb -o "Core/Src/stm32f1xx_it.o"
arm-none-eabi-g++ -o "HAL_SPI_Static_IND.elf" @"objects.list"   -mcpu=cortex-m3 -T"E:\Projects\Micros\Micros\STM32\24_HAL_SPI_Static_IND\HAL_SPI_Static_IND\STM32F103C6TX_FLASH.ld" --specs=nosys.specs -Wl,-Map="HAL_SPI_Static_IND.map" -Wl,--gc-sections -static --specs=nano.specs -mfloat-abi=soft -mthumb -Wl,--start-group -lc -lm -lstdc++ -lsupc++ -Wl,--end-group
Finished building target: HAL_SPI_Static_IND.elf
 
arm-none-eabi-size  HAL_SPI_Static_IND.elf 
arm-none-eabi-objdump -h -S HAL_SPI_Static_IND.elf  > "HAL_SPI_Static_IND.list"
   text	   data	    bss	    dec	    hex	filename
  10212	     12	   1660	  11884	   2e6c	HAL_SPI_Static_IND.elf
arm-none-eabi-objcopy  -O ihex HAL_SPI_Static_IND.elf  "HAL_SPI_Static_IND.hex"
Finished building: default.size.stdout
 
Finished building: HAL_SPI_Static_IND.hex
Finished building: HAL_SPI_Static_IND.list
 
 
11:42:47 **** Incremental Build of configuration Debug for project HAL_SPI_Static_IND ****
make -j4 all 
arm-none-eabi-gcc "../Core/Src/led.c" -mcpu=cortex-m3 -std=gnu11 -g3 -DDEBUG -DUSE_HAL_DRIVER -DSTM32F103x6 -c -I../Core/Inc -I../Drivers/STM32F1xx_HAL_Driver/Inc/Legacy -I../Drivers/STM32F1xx_HAL_Driver/Inc -I../Drivers/CMSIS/Device/ST/STM32F1xx/Include -I../Drivers/CMSIS/Include -O0 -ffunction-sections -fdata-sections -Wall -fstack-usage -fcyclomatic-complexity -MMD -MP -MF"Core/Src/led.d" -MT"Core/Src/led.o" --specs=nano.specs -mfloat-abi=soft -mthumb -o "Core/Src/led.o"
arm-none-eabi-g++ -o "HAL_SPI_Static_IND.elf" @"objects.list"   -mcpu=cortex-m3 -T"E:\Projects\Micros\Micros\STM32\24_HAL_SPI_Static_IND\HAL_SPI_Static_IND\STM32F103C6TX_FLASH.ld" --specs=nosys.specs -Wl,-Map="HAL_SPI_Static_IND.map" -Wl,--gc-sections -static --specs=nano.specs -mfloat-abi=soft -mthumb -Wl,--start-group -lc -lm -lstdc++ -lsupc++ -Wl,--end-group
Finished building target: HAL_SPI_Static_IND.elf
 
arm-none-eabi-size  HAL_SPI_Static_IND.elf 
arm-none-eabi-objdump -h -S HAL_SPI_Static_IND.elf  > "HAL_SPI_Static_IND.list"
   text	   data	    bss	    dec	    hex	filename
  10212	     12	   1660	  11884	   2e6c	HAL_SPI_Static_IND.elf
arm-none-eabi-objcopy  -O ihex HAL_SPI_Static_IND.elf  "HAL_SPI_Static_IND.hex"
Finished building: default.size.stdout
 
Finished building: HAL_SPI_Static_IND.hex
Finished building: HAL_SPI_Static_IND.list
 
 
11:43:33 **** Incremental Build of configuration Debug for project HAL_SPI_Static_IND ****
make -j4 all 
arm-none-eabi-gcc "../Core/Src/led.c" -mcpu=cortex-m3 -std=gnu11 -g3 -DDEBUG -DUSE_HAL_DRIVER -DSTM32F103x6 -c -I../Core/Inc -I../Drivers/STM32F1xx_HAL_Driver/Inc/Legacy -I../Drivers/STM32F1xx_HAL_Driver/Inc -I../Drivers/CMSIS/Device/ST/STM32F1xx/Include -I../Drivers/CMSIS/Include -O0 -ffunction-sections -fdata-sections -Wall -fstack-usage -fcyclomatic-complexity -MMD -MP -MF"Core/Src/led.d" -MT"Core/Src/led.o" --specs=nano.specs -mfloat-abi=soft -mthumb -o "Core/Src/led.o"
arm-none-eabi-gcc "../Core/Src/main.c" -mcpu=cortex-m3 -std=gnu11 -g3 -DDEBUG -DUSE_HAL_DRIVER -DSTM32F103x6 -c -I../Core/Inc -I../Drivers/STM32F1xx_HAL_Driver/Inc/Legacy -I../Drivers/STM32F1xx_HAL_Driver/Inc -I../Drivers/CMSIS/Device/ST/STM32F1xx/Include -I../Drivers/CMSIS/Include -O0 -ffunction-sections -fdata-sections -Wall -fstack-usage -fcyclomatic-complexity -MMD -MP -MF"Core/Src/main.d" -MT"Core/Src/main.o" --specs=nano.specs -mfloat-abi=soft -mthumb -o "Core/Src/main.o"
arm-none-eabi-gcc "../Core/Src/stm32f1xx_hal_msp.c" -mcpu=cortex-m3 -std=gnu11 -g3 -DDEBUG -DUSE_HAL_DRIVER -DSTM32F103x6 -c -I../Core/Inc -I../Drivers/STM32F1xx_HAL_Driver/Inc/Legacy -I../Drivers/STM32F1xx_HAL_Driver/Inc -I../Drivers/CMSIS/Device/ST/STM32F1xx/Include -I../Drivers/CMSIS/Include -O0 -ffunction-sections -fdata-sections -Wall -fstack-usage -fcyclomatic-complexity -MMD -MP -MF"Core/Src/stm32f1xx_hal_msp.d" -MT"Core/Src/stm32f1xx_hal_msp.o" --specs=nano.specs -mfloat-abi=soft -mthumb -o "Core/Src/stm32f1xx_hal_msp.o"
arm-none-eabi-gcc "../Core/Src/stm32f1xx_it.c" -mcpu=cortex-m3 -std=gnu11 -g3 -DDEBUG -DUSE_HAL_DRIVER -DSTM32F103x6 -c -I../Core/Inc -I../Drivers/STM32F1xx_HAL_Driver/Inc/Legacy -I../Drivers/STM32F1xx_HAL_Driver/Inc -I../Drivers/CMSIS/Device/ST/STM32F1xx/Include -I../Drivers/CMSIS/Include -O0 -ffunction-sections -fdata-sections -Wall -fstack-usage -fcyclomatic-complexity -MMD -MP -MF"Core/Src/stm32f1xx_it.d" -MT"Core/Src/stm32f1xx_it.o" --specs=nano.specs -mfloat-abi=soft -mthumb -o "Core/Src/stm32f1xx_it.o"
arm-none-eabi-g++ -o "HAL_SPI_Static_IND.elf" @"objects.list"   -mcpu=cortex-m3 -T"E:\Projects\Micros\Micros\STM32\24_HAL_SPI_Static_IND\HAL_SPI_Static_IND\STM32F103C6TX_FLASH.ld" --specs=nosys.specs -Wl,-Map="HAL_SPI_Static_IND.map" -Wl,--gc-sections -static --specs=nano.specs -mfloat-abi=soft -mthumb -Wl,--start-group -lc -lm -lstdc++ -lsupc++ -Wl,--end-group
Finished building target: HAL_SPI_Static_IND.elf
 
arm-none-eabi-size  HAL_SPI_Static_IND.elf 
arm-none-eabi-objdump -h -S HAL_SPI_Static_IND.elf  > "HAL_SPI_Static_IND.list"
   text	   data	    bss	    dec	    hex	filename
  10212	     12	   1660	  11884	   2e6c	HAL_SPI_Static_IND.elf
arm-none-eabi-objcopy  -O ihex HAL_SPI_Static_IND.elf  "HAL_SPI_Static_IND.hex"
Finished building: default.size.stdout
 
Finished building: HAL_SPI_Static_IND.hex
Finished building: HAL_SPI_Static_IND.list
 
 
11:44:42 **** Incremental Build of configuration Debug for project HAL_SPI_Static_IND ****
make -j4 all 
arm-none-eabi-gcc "../Core/Src/main.c" -mcpu=cortex-m3 -std=gnu11 -g3 -DDEBUG -DUSE_HAL_DRIVER -DSTM32F103x6 -c -I../Core/Inc -I../Drivers/STM32F1xx_HAL_Driver/Inc/Legacy -I../Drivers/STM32F1xx_HAL_Driver/Inc -I../Drivers/CMSIS/Device/ST/STM32F1xx/Include -I../Drivers/CMSIS/Include -O0 -ffunction-sections -fdata-sections -Wall -fstack-usage -fcyclomatic-complexity -MMD -MP -MF"Core/Src/main.d" -MT"Core/Src/main.o" --specs=nano.specs -mfloat-abi=soft -mthumb -o "Core/Src/main.o"
arm-none-eabi-g++ -o "HAL_SPI_Static_IND.elf" @"objects.list"   -mcpu=cortex-m3 -T"E:\Projects\Micros\Micros\STM32\24_HAL_SPI_Static_IND\HAL_SPI_Static_IND\STM32F103C6TX_FLASH.ld" --specs=nosys.specs -Wl,-Map="HAL_SPI_Static_IND.map" -Wl,--gc-sections -static --specs=nano.specs -mfloat-abi=soft -mthumb -Wl,--start-group -lc -lm -lstdc++ -lsupc++ -Wl,--end-group
Finished building target: HAL_SPI_Static_IND.elf
 
arm-none-eabi-size  HAL_SPI_Static_IND.elf 
arm-none-eabi-objdump -h -S HAL_SPI_Static_IND.elf  > "HAL_SPI_Static_IND.list"
arm-none-eabi-objcopy  -O ihex HAL_SPI_Static_IND.elf  "HAL_SPI_Static_IND.hex"
   text	   data	    bss	    dec	    hex	filename
  10140	     12	   1660	  11812	   2e24	HAL_SPI_Static_IND.elf
Finished building: default.size.stdout
 
Finished building: HAL_SPI_Static_IND.hex
Finished building: HAL_SPI_Static_IND.list
 
 
11:47:55 **** Incremental Build of configuration Debug for project HAL_SPI_Static_IND ****
make -j4 all 
arm-none-eabi-gcc "../Core/Src/led.c" -mcpu=cortex-m3 -std=gnu11 -g3 -DDEBUG -DUSE_HAL_DRIVER -DSTM32F103x6 -c -I../Core/Inc -I../Drivers/STM32F1xx_HAL_Driver/Inc/Legacy -I../Drivers/STM32F1xx_HAL_Driver/Inc -I../Drivers/CMSIS/Device/ST/STM32F1xx/Include -I../Drivers/CMSIS/Include -O0 -ffunction-sections -fdata-sections -Wall -fstack-usage -fcyclomatic-complexity -MMD -MP -MF"Core/Src/led.d" -MT"Core/Src/led.o" --specs=nano.specs -mfloat-abi=soft -mthumb -o "Core/Src/led.o"
arm-none-eabi-gcc "../Core/Src/main.c" -mcpu=cortex-m3 -std=gnu11 -g3 -DDEBUG -DUSE_HAL_DRIVER -DSTM32F103x6 -c -I../Core/Inc -I../Drivers/STM32F1xx_HAL_Driver/Inc/Legacy -I../Drivers/STM32F1xx_HAL_Driver/Inc -I../Drivers/CMSIS/Device/ST/STM32F1xx/Include -I../Drivers/CMSIS/Include -O0 -ffunction-sections -fdata-sections -Wall -fstack-usage -fcyclomatic-complexity -MMD -MP -MF"Core/Src/main.d" -MT"Core/Src/main.o" --specs=nano.specs -mfloat-abi=soft -mthumb -o "Core/Src/main.o"
arm-none-eabi-gcc "../Core/Src/stm32f1xx_hal_msp.c" -mcpu=cortex-m3 -std=gnu11 -g3 -DDEBUG -DUSE_HAL_DRIVER -DSTM32F103x6 -c -I../Core/Inc -I../Drivers/STM32F1xx_HAL_Driver/Inc/Legacy -I../Drivers/STM32F1xx_HAL_Driver/Inc -I../Drivers/CMSIS/Device/ST/STM32F1xx/Include -I../Drivers/CMSIS/Include -O0 -ffunction-sections -fdata-sections -Wall -fstack-usage -fcyclomatic-complexity -MMD -MP -MF"Core/Src/stm32f1xx_hal_msp.d" -MT"Core/Src/stm32f1xx_hal_msp.o" --specs=nano.specs -mfloat-abi=soft -mthumb -o "Core/Src/stm32f1xx_hal_msp.o"
arm-none-eabi-gcc "../Core/Src/stm32f1xx_it.c" -mcpu=cortex-m3 -std=gnu11 -g3 -DDEBUG -DUSE_HAL_DRIVER -DSTM32F103x6 -c -I../Core/Inc -I../Drivers/STM32F1xx_HAL_Driver/Inc/Legacy -I../Drivers/STM32F1xx_HAL_Driver/Inc -I../Drivers/CMSIS/Device/ST/STM32F1xx/Include -I../Drivers/CMSIS/Include -O0 -ffunction-sections -fdata-sections -Wall -fstack-usage -fcyclomatic-complexity -MMD -MP -MF"Core/Src/stm32f1xx_it.d" -MT"Core/Src/stm32f1xx_it.o" --specs=nano.specs -mfloat-abi=soft -mthumb -o "Core/Src/stm32f1xx_it.o"
arm-none-eabi-g++ -o "HAL_SPI_Static_IND.elf" @"objects.list"   -mcpu=cortex-m3 -T"E:\Projects\Micros\Micros\STM32\24_HAL_SPI_Static_IND\HAL_SPI_Static_IND\STM32F103C6TX_FLASH.ld" --specs=nosys.specs -Wl,-Map="HAL_SPI_Static_IND.map" -Wl,--gc-sections -static --specs=nano.specs -mfloat-abi=soft -mthumb -Wl,--start-group -lc -lm -lstdc++ -lsupc++ -Wl,--end-group
Finished building target: HAL_SPI_Static_IND.elf
 
arm-none-eabi-size  HAL_SPI_Static_IND.elf 
arm-none-eabi-objdump -h -S HAL_SPI_Static_IND.elf  > "HAL_SPI_Static_IND.list"
   text	   data	    bss	    dec	    hex	filename
  10220	     12	   1660	  11892	   2e74	HAL_SPI_Static_IND.elf
arm-none-eabi-objcopy  -O ihex HAL_SPI_Static_IND.elf  "HAL_SPI_Static_IND.hex"
Finished building: default.size.stdout
 
Finished building: HAL_SPI_Static_IND.hex
Finished building: HAL_SPI_Static_IND.list
 
 
11:49:05 **** Incremental Build of configuration Debug for project HAL_SPI_Static_IND ****
make -j4 all 
arm-none-eabi-gcc "../Core/Src/main.c" -mcpu=cortex-m3 -std=gnu11 -g3 -DDEBUG -DUSE_HAL_DRIVER -DSTM32F103x6 -c -I../Core/Inc -I../Drivers/STM32F1xx_HAL_Driver/Inc/Legacy -I../Drivers/STM32F1xx_HAL_Driver/Inc -I../Drivers/CMSIS/Device/ST/STM32F1xx/Include -I../Drivers/CMSIS/Include -O0 -ffunction-sections -fdata-sections -Wall -fstack-usage -fcyclomatic-complexity -MMD -MP -MF"Core/Src/main.d" -MT"Core/Src/main.o" --specs=nano.specs -mfloat-abi=soft -mthumb -o "Core/Src/main.o"
arm-none-eabi-g++ -o "HAL_SPI_Static_IND.elf" @"objects.list"   -mcpu=cortex-m3 -T"E:\Projects\Micros\Micros\STM32\24_HAL_SPI_Static_IND\HAL_SPI_Static_IND\STM32F103C6TX_FLASH.ld" --specs=nosys.specs -Wl,-Map="HAL_SPI_Static_IND.map" -Wl,--gc-sections -static --specs=nano.specs -mfloat-abi=soft -mthumb -Wl,--start-group -lc -lm -lstdc++ -lsupc++ -Wl,--end-group
Finished building target: HAL_SPI_Static_IND.elf
 
arm-none-eabi-size  HAL_SPI_Static_IND.elf 
arm-none-eabi-objdump -h -S HAL_SPI_Static_IND.elf  > "HAL_SPI_Static_IND.list"
   text	   data	    bss	    dec	    hex	filename
  10220	     12	   1660	  11892	   2e74	HAL_SPI_Static_IND.elf
arm-none-eabi-objcopy  -O ihex HAL_SPI_Static_IND.elf  "HAL_SPI_Static_IND.hex"
Finished building: default.size.stdout
 
Finished building: HAL_SPI_Static_IND.list
Finished building: HAL_SPI_Static_IND.hex
 
 
11:49:21 **** Incremental Build of configuration Debug for project HAL_SPI_Static_IND ****
make -j4 all 
arm-none-eabi-gcc "../Core/Src/main.c" -mcpu=cortex-m3 -std=gnu11 -g3 -DDEBUG -DUSE_HAL_DRIVER -DSTM32F103x6 -c -I../Core/Inc -I../Drivers/STM32F1xx_HAL_Driver/Inc/Legacy -I../Drivers/STM32F1xx_HAL_Driver/Inc -I../Drivers/CMSIS/Device/ST/STM32F1xx/Include -I../Drivers/CMSIS/Include -O0 -ffunction-sections -fdata-sections -Wall -fstack-usage -fcyclomatic-complexity -MMD -MP -MF"Core/Src/main.d" -MT"Core/Src/main.o" --specs=nano.specs -mfloat-abi=soft -mthumb -o "Core/Src/main.o"
arm-none-eabi-g++ -o "HAL_SPI_Static_IND.elf" @"objects.list"   -mcpu=cortex-m3 -T"E:\Projects\Micros\Micros\STM32\24_HAL_SPI_Static_IND\HAL_SPI_Static_IND\STM32F103C6TX_FLASH.ld" --specs=nosys.specs -Wl,-Map="HAL_SPI_Static_IND.map" -Wl,--gc-sections -static --specs=nano.specs -mfloat-abi=soft -mthumb -Wl,--start-group -lc -lm -lstdc++ -lsupc++ -Wl,--end-group
Finished building target: HAL_SPI_Static_IND.elf
 
arm-none-eabi-size  HAL_SPI_Static_IND.elf 
arm-none-eabi-objdump -h -S HAL_SPI_Static_IND.elf  > "HAL_SPI_Static_IND.list"
   text	   data	    bss	    dec	    hex	filename
  10220	     12	   1660	  11892	   2e74	HAL_SPI_Static_IND.elf
arm-none-eabi-objcopy  -O ihex HAL_SPI_Static_IND.elf  "HAL_SPI_Static_IND.hex"
Finished building: default.size.stdout
 
Finished building: HAL_SPI_Static_IND.hex
Finished building: HAL_SPI_Static_IND.list
 
 
11:50:33 **** Incremental Build of configuration Debug for project HAL_SPI_Static_IND ****
make -j4 all 
arm-none-eabi-size  HAL_SPI_Static_IND.elf 
   text	   data	    bss	    dec	    hex	filename
  10220	     12	   1660	  11892	   2e74	HAL_SPI_Static_IND.elf
Finished building: default.size.stdout
 
