20:30:15 **** Build of configuration Debug for project Static_IND ****
make -j4 all 
arm-none-eabi-g++ -o "Static_IND.elf" @"objects.list"   -mcpu=cortex-m3 -T"E:\Projects\Micros\Micros\STM32\11_Static_IND\Static_IND\STM32F103C6TX_FLASH.ld" --specs=nosys.specs -Wl,-Map="Static_IND.map" -Wl,--gc-sections -static --specs=nano.specs -mfloat-abi=soft -mthumb -Wl,--start-group -lc -lm -lstdc++ -lsupc++ -Wl,--end-group
Finished building target: Static_IND.elf
 
arm-none-eabi-size  Static_IND.elf 
arm-none-eabi-objdump -h -S Static_IND.elf  > "Static_IND.list"
arm-none-eabi-objcopy  -O ihex Static_IND.elf  "Static_IND.hex"
   text	   data	    bss	    dec	    hex	filename
   5428	     12	   1572	   7012	   1b64	Static_IND.elf
Finished building: default.size.stdout
 
Finished building: Static_IND.hex
Finished building: Static_IND.list
 
 

20:30:16 Build Finished. 0 errors, 0 warnings. (took 1s.264ms)

