19:24:03 **** Incremental Build of configuration Debug for project Timers ****
make -j4 all 
arm-none-eabi-gcc "../Core/Src/main.c" -mcpu=cortex-m3 -std=gnu11 -g3 -DDEBUG -DUSE_HAL_DRIVER -DSTM32F103x6 -c -I../Core/Inc -I../Drivers/STM32F1xx_HAL_Driver/Inc/Legacy -I../Drivers/STM32F1xx_HAL_Driver/Inc -I../Drivers/CMSIS/Device/ST/STM32F1xx/Include -I../Drivers/CMSIS/Include -O0 -ffunction-sections -fdata-sections -Wall -fstack-usage -fcyclomatic-complexity -MMD -MP -MF"Core/Src/main.d" -MT"Core/Src/main.o" --specs=nano.specs -mfloat-abi=soft -mthumb -o "Core/Src/main.o"
arm-none-eabi-g++ -o "Timers.elf" @"objects.list"   -mcpu=cortex-m3 -T"E:\Projects\Micros\Micros\STM32\5_Timers\Timers\STM32F103C6TX_FLASH.ld" --specs=nosys.specs -Wl,-Map="Timers.map" -Wl,--gc-sections -static --specs=nano.specs -mfloat-abi=soft -mthumb -Wl,--start-group -lc -lm -lstdc++ -lsupc++ -Wl,--end-group
Finished building target: Timers.elf
 
arm-none-eabi-size  Timers.elf 
arm-none-eabi-objdump -h -S Timers.elf  > "Timers.list"
arm-none-eabi-objcopy  -O ihex Timers.elf  "Timers.hex"
   text	   data	    bss	    dec	    hex	filename
   6976	     12	   1644	   8632	   21b8	Timers.elf
Finished building: default.size.stdout
 
Finished building: Timers.hex
Finished building: Timers.list
 
 

19:24:05 Build Finished. 0 errors, 0 warnings. (took 2s.52ms)

