Archive member included to satisfy reference by file (symbol)

c:/program files (x86)/microchip/xc8/v2.00/avr/bin/../lib/gcc/avr/5.4.0/avr5\libgcc.a(_exit.o)
                              D:/WINDIR/Program Files (x86)/Microchip/MPLABX/v5.05/packs/Atmel/ATmega_DFP/1.2.258/gcc/dev/atmega328p/avr5/crtatmega328p.o (exit)
c:/program files (x86)/microchip/xc8/v2.00/avr/bin/../lib/gcc/avr/5.4.0/avr5\libgcc.a(_tablejump2.o)
                              build/default/production/main.o (__tablejump2__)

Memory Configuration

Name             Origin             Length             Attributes
text             0x00000000         0x00020000         xr
data             0x00800100         0x0000ffa0         rw !x
eeprom           0x00810000         0x00010000         rw !x
fuse             0x00820000         0x00000003         rw !x
lock             0x00830000         0x00000400         rw !x
signature        0x00840000         0x00000400         rw !x
user_signatures  0x00850000         0x00000400         rw !x
*default*        0x00000000         0xffffffff

Linker script and memory map

Address of section .data set to 0x800100
LOAD D:/WINDIR/Program Files (x86)/Microchip/MPLABX/v5.05/packs/Atmel/ATmega_DFP/1.2.258/gcc/dev/atmega328p/avr5/crtatmega328p.o
                0x00000001                __MPLAB_BUILD = 0x1
LOAD build/default/production/main.o
START GROUP
LOAD c:/program files (x86)/microchip/xc8/v2.00/avr/bin/../lib/gcc/avr/5.4.0/../../../../avr/lib/avr5\libm.a
END GROUP
START GROUP
LOAD c:/program files (x86)/microchip/xc8/v2.00/avr/bin/../lib/gcc/avr/5.4.0/avr5\libgcc.a
LOAD c:/program files (x86)/microchip/xc8/v2.00/avr/bin/../lib/gcc/avr/5.4.0/../../../../avr/lib/avr5\libm.a
LOAD c:/program files (x86)/microchip/xc8/v2.00/avr/bin/../lib/gcc/avr/5.4.0/../../../../avr/lib/avr5\libc.a
LOAD D:/WINDIR/Program Files (x86)/Microchip/MPLABX/v5.05/packs/Atmel/ATmega_DFP/1.2.258/gcc/dev/atmega328p/avr5\libatmega328p.a
END GROUP
                0x00020000                __TEXT_REGION_LENGTH__ = DEFINED (__TEXT_REGION_LENGTH__)?__TEXT_REGION_LENGTH__:0x20000
                0x0000ffa0                __DATA_REGION_LENGTH__ = DEFINED (__DATA_REGION_LENGTH__)?__DATA_REGION_LENGTH__:0xffa0
                0x00010000                __EEPROM_REGION_LENGTH__ = DEFINED (__EEPROM_REGION_LENGTH__)?__EEPROM_REGION_LENGTH__:0x10000
                [0x00000003]                __FUSE_REGION_LENGTH__ = DEFINED (__FUSE_REGION_LENGTH__)?__FUSE_REGION_LENGTH__:0x400
                0x00000400                __LOCK_REGION_LENGTH__ = DEFINED (__LOCK_REGION_LENGTH__)?__LOCK_REGION_LENGTH__:0x400
                0x00000400                __SIGNATURE_REGION_LENGTH__ = DEFINED (__SIGNATURE_REGION_LENGTH__)?__SIGNATURE_REGION_LENGTH__:0x400
                0x00000400                __USER_SIGNATURE_REGION_LENGTH__ = DEFINED (__USER_SIGNATURE_REGION_LENGTH__)?__USER_SIGNATURE_REGION_LENGTH__:0x400

.hash
 *(.hash)

.dynsym
 *(.dynsym)

.dynstr
 *(.dynstr)

.gnu.version
 *(.gnu.version)

.gnu.version_d
 *(.gnu.version_d)

.gnu.version_r
 *(.gnu.version_r)

.rel.init
 *(.rel.init)

.rela.init
 *(.rela.init)

.rel.text
 *(.rel.text)
 *(.rel.text.*)
 *(.rel.gnu.linkonce.t*)

.rela.text
 *(.rela.text)
 *(.rela.text.*)
 *(.rela.gnu.linkonce.t*)

.rel.fini
 *(.rel.fini)

.rela.fini
 *(.rela.fini)

.rel.rodata
 *(.rel.rodata)
 *(.rel.rodata.*)
 *(.rel.gnu.linkonce.r*)

.rela.rodata
 *(.rela.rodata)
 *(.rela.rodata.*)
 *(.rela.gnu.linkonce.r*)

.rel.data
 *(.rel.data)
 *(.rel.data.*)
 *(.rel.gnu.linkonce.d*)

.rela.data
 *(.rela.data)
 *(.rela.data.*)
 *(.rela.gnu.linkonce.d*)

.rel.ctors
 *(.rel.ctors)

.rela.ctors
 *(.rela.ctors)

.rel.dtors
 *(.rel.dtors)

.rela.dtors
 *(.rela.dtors)

.rel.got
 *(.rel.got)

.rela.got
 *(.rela.got)

.rel.bss
 *(.rel.bss)

.rela.bss
 *(.rela.bss)

.rel.plt
 *(.rel.plt)

.rela.plt
 *(.rela.plt)

.text           0x00000000       0x9a
 *(.vectors)
 .vectors       0x00000000       0x68 D:/WINDIR/Program Files (x86)/Microchip/MPLABX/v5.05/packs/Atmel/ATmega_DFP/1.2.258/gcc/dev/atmega328p/avr5/crtatmega328p.o
                0x00000000                __vector_default
                0x00000000                __vectors
 *(.vectors)
 *(.progmem.gcc*)
 .progmem.gcc_sw_table
                0x00000068       0x14 build/default/production/main.o
 *(.dinit)
 .dinit         0x0000007c        0x5 data_init
                0x00000082                . = ALIGN (0x2)
 *fill*         0x00000081        0x1 
                0x00000082                __trampolines_start = .
 *(.trampolines)
 .trampolines   0x00000082        0x0 linker stubs
 *(.trampolines*)
                0x00000082                __trampolines_end = .
 *libprintf_flt.a:*(.progmem.data)
 *libc.a:*(.progmem.data)
                0x00000082                . = ALIGN (0x2)
 *(.jumptables)
 *(.jumptables*)
 *(.lowtext)
 *(.lowtext*)
                0x00000082                __ctors_start = .
 *(.ctors)
                0x00000082                __ctors_end = .
                0x00000082                __dtors_start = .
 *(.dtors)
                0x00000082                __dtors_end = .
 SORT(*)(.ctors)
 SORT(*)(.dtors)
 *(.init0)
 .init0         0x00000082        0x0 D:/WINDIR/Program Files (x86)/Microchip/MPLABX/v5.05/packs/Atmel/ATmega_DFP/1.2.258/gcc/dev/atmega328p/avr5/crtatmega328p.o
                0x00000082                __init
 *(.init0)
 *(.init1)
 *(.init1)
 *(.init2)
 .init2         0x00000082        0xc D:/WINDIR/Program Files (x86)/Microchip/MPLABX/v5.05/packs/Atmel/ATmega_DFP/1.2.258/gcc/dev/atmega328p/avr5/crtatmega328p.o
 *(.init2)
 *(.init3)
 *(.init3)
 *(.init4)
 *(.init4)
 *(.init5)
 *(.init5)
 *(.init6)
 *(.init6)
 *(.init7)
 *(.init7)
 *(.init8)
 *(.init8)
 *(.init9)
 .init9         0x0000008e        0x8 D:/WINDIR/Program Files (x86)/Microchip/MPLABX/v5.05/packs/Atmel/ATmega_DFP/1.2.258/gcc/dev/atmega328p/avr5/crtatmega328p.o
 *(.init9)
                0x00000096                . = ALIGN (0x2)
 *(.fini9)
 .fini9         0x00000096        0x0 c:/program files (x86)/microchip/xc8/v2.00/avr/bin/../lib/gcc/avr/5.4.0/avr5\libgcc.a(_exit.o)
                0x00000096                _exit
                0x00000096                exit
 *(.fini9)
 *(.fini8)
 *(.fini8)
 *(.fini7)
 *(.fini7)
 *(.fini6)
 *(.fini6)
 *(.fini5)
 *(.fini5)
 *(.fini4)
 *(.fini4)
 *(.fini3)
 *(.fini3)
 *(.fini2)
 *(.fini2)
 *(.fini1)
 *(.fini1)
 *(.fini0)
 .fini0         0x00000096        0x4 c:/program files (x86)/microchip/xc8/v2.00/avr/bin/../lib/gcc/avr/5.4.0/avr5\libgcc.a(_exit.o)
 *(.fini0)
                0x0000009a                _etext = .

.data           0x00800100        0x0 load address 0x0000009a
                [!provide]                PROVIDE (__data_start, .)
 *(.gnu.linkonce.d*)
 *(.gnu.linkonce.r*)
                0x00800100                . = ALIGN (0x2)
                0x00800100                _edata = .
                [!provide]                PROVIDE (__data_end, .)

.bss            0x00800100        0x0
                [!provide]                PROVIDE (__bss_start, .)
 *(COMMON)
                [!provide]                PROVIDE (__bss_end, .)
                0x0000009a                __data_load_start = LOADADDR (.data)
                0x0000009a                __data_load_end = (__data_load_start + SIZEOF (.data))

.noinit         0x00800100        0x0
                [!provide]                PROVIDE (__noinit_start, .)
 *(.noinit*)
                [!provide]                PROVIDE (__noinit_end, .)
                0x00800100                _end = .
                [!provide]                PROVIDE (__heap_start, .)

.eeprom         0x00810000        0x0
 *(.eeprom*)
                0x00810000                __eeprom_end = .

.fuse
 *(.fuse)
 *(.lfuse)
 *(.hfuse)
 *(.efuse)

.lock
 *(.lock*)

.signature
 *(.signature*)

.user_signatures
 *(.user_signatures*)

.stab
 *(.stab)

.stabstr
 *(.stabstr)

.stab.excl
 *(.stab.excl)

.stab.exclstr
 *(.stab.exclstr)

.stab.index
 *(.stab.index)

.stab.indexstr
 *(.stab.indexstr)

.comment        0x00000000       0x2e
 *(.comment)
 .comment       0x00000000       0x2e build/default/production/main.o
                                 0x2f (size before relaxing)

.note.gnu.build-id
 *(.note.gnu.build-id)

.debug
 *(.debug)

.line
 *(.line)

.debug_srcinfo
 *(.debug_srcinfo)

.debug_sfnames
 *(.debug_sfnames)

.debug_aranges  0x00000000       0x20
 *(.debug_aranges)
 .debug_aranges
                0x00000000       0x20 build/default/production/main.o

.debug_pubnames
 *(.debug_pubnames)

.debug_info     0x00000000      0x831
 *(.debug_info .gnu.linkonce.wi.*)
 .debug_info    0x00000000      0x5f4 D:/WINDIR/Program Files (x86)/Microchip/MPLABX/v5.05/packs/Atmel/ATmega_DFP/1.2.258/gcc/dev/atmega328p/avr5/crtatmega328p.o
 .debug_info    0x000005f4      0x23d build/default/production/main.o

.debug_abbrev   0x00000000      0x653
 *(.debug_abbrev)
 .debug_abbrev  0x00000000      0x5a2 D:/WINDIR/Program Files (x86)/Microchip/MPLABX/v5.05/packs/Atmel/ATmega_DFP/1.2.258/gcc/dev/atmega328p/avr5/crtatmega328p.o
 .debug_abbrev  0x000005a2       0xb1 build/default/production/main.o

.debug_line     0x00000000      0x355
 *(.debug_line .debug_line.* .debug_line_end)
 .debug_line    0x00000000      0x133 D:/WINDIR/Program Files (x86)/Microchip/MPLABX/v5.05/packs/Atmel/ATmega_DFP/1.2.258/gcc/dev/atmega328p/avr5/crtatmega328p.o
 .debug_line    0x00000133      0x222 build/default/production/main.o

.debug_frame    0x00000000       0x88
 *(.debug_frame)
 .debug_frame   0x00000000       0x88 build/default/production/main.o

.debug_str      0x00000000      0x208
 *(.debug_str)
 .debug_str     0x00000000      0x208 D:/WINDIR/Program Files (x86)/Microchip/MPLABX/v5.05/packs/Atmel/ATmega_DFP/1.2.258/gcc/dev/atmega328p/avr5/crtatmega328p.o
 .debug_str     0x00000208        0x0 build/default/production/main.o

.debug_loc
 *(.debug_loc)

.debug_macinfo
 *(.debug_macinfo)

.debug_weaknames
 *(.debug_weaknames)

.debug_funcnames
 *(.debug_funcnames)

.debug_typenames
 *(.debug_typenames)

.debug_varnames
 *(.debug_varnames)

.debug_pubtypes
 *(.debug_pubtypes)

.debug_ranges
 *(.debug_ranges)

.debug_macro
 *(.debug_macro)
OUTPUT(dist/default/production/WDT01.X.production.elf elf32-avr)
LOAD linker stubs
LOAD data_init

.text           0x0000022e        0x4
 .text          0x0000022e        0x4 D:/WINDIR/Program Files (x86)/Microchip/MPLABX/v5.05/packs/Atmel/ATmega_DFP/1.2.258/gcc/dev/atmega328p/avr5/crtatmega328p.o
                0x0000022e                __vector_22
                0x0000022e                __vector_24
                0x0000022e                __vector_12
                0x0000022e                __bad_interrupt
                0x0000022e                __vector_6
                0x0000022e                __vector_3
                0x0000022e                __vector_23
                0x0000022e                __vector_25
                0x0000022e                __vector_13
                0x0000022e                __vector_17
                0x0000022e                __vector_19
                0x0000022e                __vector_7
                0x0000022e                __vector_5
                0x0000022e                __vector_4
                0x0000022e                __vector_9
                0x0000022e                __vector_2
                0x0000022e                __vector_21
                0x0000022e                __vector_15
                0x0000022e                __vector_8
                0x0000022e                __vector_14
                0x0000022e                __vector_10
                0x0000022e                __vector_16
                0x0000022e                __vector_18
                0x0000022e                __vector_20

.data%z1        0x00000000        0x0
 .data          0x00000000        0x0 D:/WINDIR/Program Files (x86)/Microchip/MPLABX/v5.05/packs/Atmel/ATmega_DFP/1.2.258/gcc/dev/atmega328p/avr5/crtatmega328p.o

.bss%z2         0x00000000        0x0
 .bss           0x00000000        0x0 D:/WINDIR/Program Files (x86)/Microchip/MPLABX/v5.05/packs/Atmel/ATmega_DFP/1.2.258/gcc/dev/atmega328p/avr5/crtatmega328p.o

.note.gnu.avr.deviceinfo
                0x00000000       0x40
 .note.gnu.avr.deviceinfo
                0x00000000       0x40 D:/WINDIR/Program Files (x86)/Microchip/MPLABX/v5.05/packs/Atmel/ATmega_DFP/1.2.258/gcc/dev/atmega328p/avr5/crtatmega328p.o

.text           0x0000009a      0x188
 .text          0x0000009a      0x188 build/default/production/main.o
                0x0000009a                __vector_1
                0x000000c4                __vector_11
                0x000001ac                main

.data%z3        0x00000000        0x0
 .data          0x00000000        0x0 build/default/production/main.o

.bss            0x00800100        0x1
 .bss           0x00800100        0x1 build/default/production/main.o
                0x00800100                tim1_count

.text%z4        0x00000000        0x0
 .text          0x00000000        0x0 c:/program files (x86)/microchip/xc8/v2.00/avr/bin/../lib/gcc/avr/5.4.0/avr5\libgcc.a(_exit.o)

.data%z5        0x00000000        0x0
 .data          0x00000000        0x0 c:/program files (x86)/microchip/xc8/v2.00/avr/bin/../lib/gcc/avr/5.4.0/avr5\libgcc.a(_exit.o)

.bss%z6         0x00000000        0x0
 .bss           0x00000000        0x0 c:/program files (x86)/microchip/xc8/v2.00/avr/bin/../lib/gcc/avr/5.4.0/avr5\libgcc.a(_exit.o)

.text.libgcc.mul%z7
                0x00000000        0x0
 .text.libgcc.mul
                0x00000000        0x0 c:/program files (x86)/microchip/xc8/v2.00/avr/bin/../lib/gcc/avr/5.4.0/avr5\libgcc.a(_exit.o)

.text.libgcc.div%z8
                0x00000000        0x0
 .text.libgcc.div
                0x00000000        0x0 c:/program files (x86)/microchip/xc8/v2.00/avr/bin/../lib/gcc/avr/5.4.0/avr5\libgcc.a(_exit.o)

.text.libgcc%z9
                0x00000000        0x0
 .text.libgcc   0x00000000        0x0 c:/program files (x86)/microchip/xc8/v2.00/avr/bin/../lib/gcc/avr/5.4.0/avr5\libgcc.a(_exit.o)

.text.libgcc.prologue%z10
                0x00000000        0x0
 .text.libgcc.prologue
                0x00000000        0x0 c:/program files (x86)/microchip/xc8/v2.00/avr/bin/../lib/gcc/avr/5.4.0/avr5\libgcc.a(_exit.o)

.text.libgcc.builtins%z11
                0x00000000        0x0
 .text.libgcc.builtins
                0x00000000        0x0 c:/program files (x86)/microchip/xc8/v2.00/avr/bin/../lib/gcc/avr/5.4.0/avr5\libgcc.a(_exit.o)

.text.libgcc.fmul%z12
                0x00000000        0x0
 .text.libgcc.fmul
                0x00000000        0x0 c:/program files (x86)/microchip/xc8/v2.00/avr/bin/../lib/gcc/avr/5.4.0/avr5\libgcc.a(_exit.o)

.text.libgcc.fixed%z13
                0x00000000        0x0
 .text.libgcc.fixed
                0x00000000        0x0 c:/program files (x86)/microchip/xc8/v2.00/avr/bin/../lib/gcc/avr/5.4.0/avr5\libgcc.a(_exit.o)

.text%z14       0x00000000        0x0
 .text          0x00000000        0x0 c:/program files (x86)/microchip/xc8/v2.00/avr/bin/../lib/gcc/avr/5.4.0/avr5\libgcc.a(_tablejump2.o)

.data%z15       0x00000000        0x0
 .data          0x00000000        0x0 c:/program files (x86)/microchip/xc8/v2.00/avr/bin/../lib/gcc/avr/5.4.0/avr5\libgcc.a(_tablejump2.o)

.bss%z16        0x00000000        0x0
 .bss           0x00000000        0x0 c:/program files (x86)/microchip/xc8/v2.00/avr/bin/../lib/gcc/avr/5.4.0/avr5\libgcc.a(_tablejump2.o)

.text.libgcc.mul%z17
                0x00000000        0x0
 .text.libgcc.mul
                0x00000000        0x0 c:/program files (x86)/microchip/xc8/v2.00/avr/bin/../lib/gcc/avr/5.4.0/avr5\libgcc.a(_tablejump2.o)

.text.libgcc.div%z18
                0x00000000        0x0
 .text.libgcc.div
                0x00000000        0x0 c:/program files (x86)/microchip/xc8/v2.00/avr/bin/../lib/gcc/avr/5.4.0/avr5\libgcc.a(_tablejump2.o)

.text.libgcc    0x00000222        0xc
 .text.libgcc   0x00000222        0xc c:/program files (x86)/microchip/xc8/v2.00/avr/bin/../lib/gcc/avr/5.4.0/avr5\libgcc.a(_tablejump2.o)
                0x00000222                __tablejump2__

.text.libgcc.prologue%z19
                0x00000000        0x0
 .text.libgcc.prologue
                0x00000000        0x0 c:/program files (x86)/microchip/xc8/v2.00/avr/bin/../lib/gcc/avr/5.4.0/avr5\libgcc.a(_tablejump2.o)

.text.libgcc.builtins%z20
                0x00000000        0x0
 .text.libgcc.builtins
                0x00000000        0x0 c:/program files (x86)/microchip/xc8/v2.00/avr/bin/../lib/gcc/avr/5.4.0/avr5\libgcc.a(_tablejump2.o)

.text.libgcc.fmul%z21
                0x00000000        0x0
 .text.libgcc.fmul
                0x00000000        0x0 c:/program files (x86)/microchip/xc8/v2.00/avr/bin/../lib/gcc/avr/5.4.0/avr5\libgcc.a(_tablejump2.o)

.text.libgcc.fixed%z22
                0x00000000        0x0
 .text.libgcc.fixed
                0x00000000        0x0 c:/program files (x86)/microchip/xc8/v2.00/avr/bin/../lib/gcc/avr/5.4.0/avr5\libgcc.a(_tablejump2.o)
