../Drivers/STM32F1xx_HAL_Driver/Inc/stm32f1xx_ll_usart.h:1089:22:LL_USART_SetBaudRate	24	static
../Core/Src/main.c:80:5:main	8	static
../Core/Src/main.c:127:16:DS18B20_Init	24	static
../Core/Src/main.c:147:16:DS18B20_ReadBit	16	static
../Core/Src/main.c:160:16:DS18B20_ReadByte	16	static
../Core/Src/main.c:174:13:DS18B20_WriteByte	32	static
../Core/Src/main.c:189:6:DS18B20_SampleTemp	8	static
../Core/Src/main.c:196:7:DS18B20_ReadTemp	16	static
../Core/Src/main.c:221:6:SystemClock_Config	72	static
../Core/Src/main.c:261:13:MX_USART1_UART_Init	8	static
../Core/Src/main.c:294:13:MX_GPIO_Init	16	static
../Core/Src/main.c:315:6:Error_Handler	4	static,ignoring_inline_asm
